 interception

 Timestamp is 580c78fe (Sun Oct 23 10:46:54 2016)

 Preferred load address is 0000000180000000

 Start         Length     Name                   Class
 0001:00000000 00010170H .text$mn                CODE
 0001:00010170 00000020H .text$mn$00             CODE
 0001:00010190 000004d0H .text$x                 CODE
 0002:00000000 000002a0H .idata$5                DATA
 0002:000002a0 00000010H .00cfg                  DATA
 0002:000002b0 00000008H .CRT$XCA                DATA
 0002:000002b8 00000008H .CRT$XCU                DATA
 0002:000002c0 00000008H .CRT$XCZ                DATA
 0002:000002c8 00000008H .CRT$XIA                DATA
 0002:000002d0 00000018H .CRT$XIC                DATA
 0002:000002e8 00000008H .CRT$XIZ                DATA
 0002:000002f0 00000008H .CRT$XPA                DATA
 0002:000002f8 00000010H .CRT$XPX                DATA
 0002:00000308 00000008H .CRT$XPXA               DATA
 0002:00000310 00000008H .CRT$XPZ                DATA
 0002:00000318 00000008H .CRT$XTA                DATA
 0002:00000320 00000010H .CRT$XTZ                DATA
 0002:00000330 000076c8H .rdata                  DATA
 0002:000079f8 00000404H .rdata$r                DATA
 0002:00007dfc 000003dcH .rdata$zzzdbg           DATA
 0002:000081d8 00000008H .rtc$IAA                DATA
 0002:000081e0 00000008H .rtc$IZZ                DATA
 0002:000081e8 00000008H .rtc$TAA                DATA
 0002:000081f0 00000008H .rtc$TZZ                DATA
 0002:000081f8 00001048H .xdata                  DATA
 0002:00009240 00000244H .xdata$x                DATA
 0002:00009484 00000020H .didat$2                DATA
 0002:000094a4 00000024H .didat$3                DATA
 0002:000094c8 000000c8H .didat$4                DATA
 0002:00009590 00000570H .didat$6                DATA
 0002:00009b00 000000d0H .didat$7                DATA
 0002:00009bd0 00000058H .edata                  DATA
 0002:00009c28 00000028H .idata$2                DATA
 0002:00009c50 00000018H .idata$3                DATA
 0002:00009c68 000002a0H .idata$4                DATA
 0002:00009f08 0000065cH .idata$6                DATA
 0003:00000000 00000920H .data                   DATA
 0003:00000920 00000140H .data$r                 DATA
 0003:00000a60 000000d0H .didat$5                DATA
 0003:00000b30 00001220H .bss                    DATA
 0004:00000000 000011e8H .pdata                  DATA
 0005:00000000 00000080H .gfids$x                DATA
 0005:00000080 00000058H .gfids$y                DATA
 0006:00000000 00000060H .rsrc$01                DATA
 0006:00000060 00000180H .rsrc$02                DATA

  Address         Publics by Value              Rva+Base               Lib:Object

 0000:00000000       __guard_iat_table          0000000000000000     <absolute>
 0000:00000000       __dynamic_value_reloc_table 0000000000000000     <absolute>
 0000:00000000       __guard_iat_count          0000000000000000     <absolute>
 0000:00000000       __guard_longjmp_table      0000000000000000     <absolute>
 0000:00000000       __guard_longjmp_count      0000000000000000     <absolute>
 0000:00000000       __guard_fids_count         0000000000000000     <absolute>
 0000:00000000       ___safe_se_handler_table   0000000000000000     <absolute>
 0000:00000000       ___safe_se_handler_count   0000000000000000     <absolute>
 0000:00000000       __guard_fids_table         0000000000000000     <absolute>
 0000:00000100       __guard_flags              0000000000000100     <absolute>
 0000:00000000       __ImageBase                0000000180000000     <linker-defined>
 0001:00000000       ?NODE_SET_METHOD@node@@YAXV?$Local@VObject@v8@@@v8@@PEBDP6AXAEBV?$FunctionCallbackInfo@VValue@v8@@@3@@Z@Z 0000000180001000 f i profiler.obj
 0001:000000c0       ?HandleInterception@demo@@YAXPEAUuv_work_s@@@Z 00000001800010c0 f   profiler.obj
 0001:00000520       ?HandleInterceptionComplete@demo@@YAXPEAUuv_work_s@@H@Z 0000000180001520 f   profiler.obj
 0001:00000770       ?StartInterception@demo@@YAXAEBV?$FunctionCallbackInfo@VValue@v8@@@v8@@@Z 0000000180001770 f   profiler.obj
 0001:00000920       ?DestroyInterception@demo@@YAXAEBV?$FunctionCallbackInfo@VValue@v8@@@v8@@@Z 0000000180001920 f   profiler.obj
 0001:00000930       ?GetKeyIsE0@demo@@YA_NV?$basic_string@DU?$char_traits@D@std@@V?$allocator@D@2@@std@@@Z 0000000180001930 f   profiler.obj
 0001:00000ce0       ?GetKeyIsMouse@demo@@YA_NV?$basic_string@DU?$char_traits@D@std@@V?$allocator@D@2@@std@@@Z 0000000180001ce0 f   profiler.obj
 0001:00000ec0       ?GetKeyCode@demo@@YAFV?$basic_string@DU?$char_traits@D@std@@V?$allocator@D@2@@std@@@Z 0000000180001ec0 f   profiler.obj
 0001:000022a0       ?SendInterception@demo@@YAXAEBV?$FunctionCallbackInfo@VValue@v8@@@v8@@@Z 00000001800032a0 f   profiler.obj
 0001:00002830       ?SendInterceptionDefault@demo@@YAXAEBV?$FunctionCallbackInfo@VValue@v8@@@v8@@@Z 0000000180003830 f   profiler.obj
 0001:00002860       ?CreateInterception@demo@@YAXAEBV?$FunctionCallbackInfo@VValue@v8@@@v8@@@Z 0000000180003860 f   profiler.obj
 0001:00002a80       ?Init@demo@@YAXV?$Local@VObject@v8@@@v8@@0@Z 0000000180003a80 f   profiler.obj
 0001:00002ab0       ??1?$Persistent@VFunction@v8@@U?$CopyablePersistentTraits@VFunction@v8@@@2@@v8@@QEAA@XZ 0000000180003ab0 f i profiler.obj
 0001:00002ae0       ??1?$basic_string@_WU?$char_traits@_W@std@@V?$allocator@_W@2@@std@@QEAA@XZ 0000000180003ae0 f i profiler.obj
 0001:00002b80       ?compare@?$basic_string@DU?$char_traits@D@std@@V?$allocator@D@2@@std@@QEBAHPEBD@Z 0000000180003b80 f i profiler.obj
 0001:00002c10       ??1?$basic_string@DU?$char_traits@D@std@@V?$allocator@D@2@@std@@QEAA@XZ 0000000180003c10 f i profiler.obj
 0001:00002ca0       ??0?$basic_string@DU?$char_traits@D@std@@V?$allocator@D@2@@std@@QEAA@XZ 0000000180003ca0 f i profiler.obj
 0001:00002cc0       ?assign@?$basic_string@_WU?$char_traits@_W@std@@V?$allocator@_W@2@@std@@QEAAAEAV12@PEB_W_K@Z 0000000180003cc0 f i profiler.obj
 0001:00002e10       ?assign@?$basic_string@DU?$char_traits@D@std@@V?$allocator@D@2@@std@@QEAAAEAV12@PEBD_K@Z 0000000180003e10 f i profiler.obj
 0001:00002f40       ?assign@?$basic_string@DU?$char_traits@D@std@@V?$allocator@D@2@@std@@QEAAAEAV12@AEBV12@_K1@Z 0000000180003f40 f i profiler.obj
 0001:00003070       ?assign@?$basic_string@_WU?$char_traits@_W@std@@V?$allocator@_W@2@@std@@QEAAAEAV12@AEBV12@_K1@Z 0000000180004070 f i profiler.obj
 0001:000031c0       ?erase@?$basic_string@DU?$char_traits@D@std@@V?$allocator@D@2@@std@@QEAAAEAV12@_K0@Z 00000001800041c0 f i profiler.obj
 0001:00003260       ?append@?$basic_string@DU?$char_traits@D@std@@V?$allocator@D@2@@std@@QEAAAEAV12@_KD@Z 0000000180004260 f i profiler.obj
 0001:00003350       ?_Copy@?$basic_string@_WU?$char_traits@_W@std@@V?$allocator@_W@2@@std@@QEAAX_K0@Z 0000000180004350 f i profiler.obj
 0001:00003510       ?erase@?$basic_string@_WU?$char_traits@_W@std@@V?$allocator@_W@2@@std@@QEAAAEAV12@_K0@Z 0000000180004510 f i profiler.obj
 0001:000035a0       ?_Copy@?$basic_string@DU?$char_traits@D@std@@V?$allocator@D@2@@std@@QEAAX_K0@Z 00000001800045a0 f i profiler.obj
 0001:0000376c       __imp_load_uv_queue_work   000000018000476c f   node:node.exe
 0001:00003778       __tailMerge_node_exe       0000000180004778 f i node:node.exe
 0001:000037f1       __imp_load_?Global@Context@v8@@QEAA?AV?$Local@VObject@v8@@@2@XZ 00000001800047f1 f   node:node.exe
 0001:000037fd       __imp_load_?GetCurrentContext@Isolate@v8@@QEAA?AV?$Local@VContext@v8@@@2@XZ 00000001800047fd f   node:node.exe
 0001:00003809       __imp_load_?GetCurrent@Isolate@v8@@SAPEAV12@XZ 0000000180004809 f   node:node.exe
 0001:00003815       __imp_load_?CreateHandle@HandleScope@v8@@KAPEAPEAVObject@internal@2@PEAVIsolate@42@PEAV342@@Z 0000000180004815 f   node:node.exe
 0001:00003821       __imp_load_??1HandleScope@v8@@QEAA@XZ 0000000180004821 f   node:node.exe
 0001:0000382d       __imp_load_??0HandleScope@v8@@QEAA@PEAVIsolate@1@@Z 000000018000482d f   node:node.exe
 0001:00003839       __imp_load_?GetFunction@FunctionTemplate@v8@@QEAA?AV?$Local@VFunction@v8@@@2@XZ 0000000180004839 f   node:node.exe
 0001:00003845       __imp_load_?New@FunctionTemplate@v8@@SA?AV?$Local@VFunctionTemplate@v8@@@2@PEAVIsolate@2@P6AXAEBV?$FunctionCallbackInfo@VValue@v8@@@2@@ZV?$Local@VValue@v8@@@2@V?$Local@VSignature@v8@@@2@H@Z 0000000180004845 f   node:node.exe
 0001:00003851       __imp_load_?DisposeGlobal@V8@v8@@CAXPEAPEAVObject@internal@2@@Z 0000000180004851 f   node:node.exe
 0001:0000385d       __imp_load_?GlobalizeReference@V8@v8@@CAPEAPEAVObject@internal@2@PEAVIsolate@42@PEAPEAV342@@Z 000000018000485d f   node:node.exe
 0001:00003869       __imp_load_?Int32Value@Value@v8@@QEBAHXZ 0000000180004869 f   node:node.exe
 0001:00003875       __imp_load_?BooleanValue@Value@v8@@QEBA_NXZ 0000000180004875 f   node:node.exe
 0001:00003881       __imp_load_??1Utf8Value@String@v8@@QEAA@XZ 0000000180004881 f   node:node.exe
 0001:0000388d       __imp_load_??0Utf8Value@String@v8@@QEAA@V?$Local@VValue@v8@@@2@@Z 000000018000488d f   node:node.exe
 0001:00003899       __imp_load_?NewFromUtf8@String@v8@@SA?AV?$Local@VString@v8@@@2@PEAVIsolate@2@PEBDW4NewStringType@12@H@Z 0000000180004899 f   node:node.exe
 0001:000038a5       __imp_load_?New@Number@v8@@SA?AV?$Local@VNumber@v8@@@2@PEAVIsolate@2@N@Z 00000001800048a5 f   node:node.exe
 0001:000038b1       __imp_load_?New@Object@v8@@SA?AV?$Local@VObject@v8@@@2@PEAVIsolate@2@@Z 00000001800048b1 f   node:node.exe
 0001:000038bd       __imp_load_?Set@Object@v8@@QEAA_NV?$Local@VValue@v8@@@2@0@Z 00000001800048bd f   node:node.exe
 0001:000038c9       __imp_load_?SetName@Function@v8@@QEAAXV?$Local@VString@v8@@@2@@Z 00000001800048c9 f   node:node.exe
 0001:000038d5       __imp_load_?Call@Function@v8@@QEAA?AV?$Local@VValue@v8@@@2@V32@HQEAV32@@Z 00000001800048d5 f   node:node.exe
 0001:000038e1       __imp_load_node_module_register 00000001800048e1 f   node:node.exe
 0001:000038ed       __imp_load_uv_default_loop 00000001800048ed f   node:node.exe
 0001:000038f9       __imp_load_?ToString@Value@v8@@QEBA?AV?$Local@VString@v8@@@2@XZ 00000001800048f9 f   node:node.exe
 0001:00003908       ??0bad_alloc@std@@QEAA@AEBV01@@Z 0000000180004908 f i libcpmt:xthrow.obj
 0001:00003948       ??0bad_alloc@std@@QEAA@XZ  0000000180004948 f i libcpmt:xthrow.obj
 0001:00003968       ??0exception@std@@QEAA@AEBV01@@Z 0000000180004968 f i libcpmt:xthrow.obj
 0001:000039a0       ??0length_error@std@@QEAA@AEBV01@@Z 00000001800049a0 f i libcpmt:xthrow.obj
 0001:000039e0       ??0length_error@std@@QEAA@PEBD@Z 00000001800049e0 f i libcpmt:xthrow.obj
 0001:00003a2c       ??0logic_error@std@@QEAA@AEBV01@@Z 0000000180004a2c f i libcpmt:xthrow.obj
 0001:00003a6c       ??0out_of_range@std@@QEAA@AEBV01@@Z 0000000180004a6c f i libcpmt:xthrow.obj
 0001:00003aac       ??0out_of_range@std@@QEAA@PEBD@Z 0000000180004aac f i libcpmt:xthrow.obj
 0001:00003af8       ??1length_error@std@@UEAA@XZ 0000000180004af8 f i libcpmt:xthrow.obj
 0001:00003af8       ??1out_of_range@std@@UEAA@XZ 0000000180004af8 f i libcpmt:xthrow.obj
 0001:00003af8       ??1bad_exception@std@@UEAA@XZ 0000000180004af8 f i libvcruntime:frame.obj
 0001:00003af8       ??1bad_array_new_length@std@@UEAA@XZ 0000000180004af8 f i LIBCMT:throw_bad_alloc.obj
 0001:00003af8       ??1bad_alloc@std@@UEAA@XZ  0000000180004af8 f i libcpmt:xthrow.obj
 0001:00003b0c       ?_Xlength_error@std@@YAXPEBD@Z 0000000180004b0c f   libcpmt:xthrow.obj
 0001:00003b30       ?_Xout_of_range@std@@YAXPEBD@Z 0000000180004b30 f   libcpmt:xthrow.obj
 0001:00003b54       ?what@exception@std@@UEBAPEBDXZ 0000000180004b54 f i libcpmt:xthrow.obj
 0001:00003b80       __security_check_cookie    0000000180004b80 f   LIBCMT:_amdsecgs_.obj
 0001:00003ba4       ??2@YAPEAX_K@Z             0000000180004ba4 f   LIBCMT:new_scalar.obj
 0001:00003be0       ??_M@YAXPEAX_K1P6AX0@Z@Z   0000000180004be0 f   LIBCMT:ehvecdtr.obj
 0001:00003c4c       ?__ArrayUnwind@@YAXPEAX_K1P6AX0@Z@Z 0000000180004c4c f   LIBCMT:ehvecdtr.obj
 0001:00003cb0       ??3@YAXPEAX@Z              0000000180004cb0 f   LIBCMT:delete_scalar.obj
 0001:00003cb8       ??3@YAXPEAX_K@Z            0000000180004cb8 f   LIBCMT:delete_scalar_size.obj
 0001:00003cc0       ??_L@YAXPEAX_K1P6AX0@Z2@Z  0000000180004cc0 f   LIBCMT:ehvecctr.obj
 0001:0000407c       _DllMainCRTStartup         000000018000507c f   LIBCMT:dll_dllmain.obj
 0001:000040bc       ??_Etype_info@@UEAAPEAXI@Z 00000001800050bc f i LIBCMT:std_type_info_static.obj
 0001:000040bc       ??_Gtype_info@@UEAAPEAXI@Z 00000001800050bc f i LIBCMT:std_type_info_static.obj
 0001:000040e8       __raise_securityfailure    00000001800050e8 f   LIBCMT:gs_report.obj
 0001:0000411c       __report_gsfailure         000000018000511c f   LIBCMT:gs_report.obj
 0001:000041f0       __report_rangecheckfailure 00000001800051f0 f   LIBCMT:gs_report.obj
 0001:00004204       __report_securityfailure   0000000180005204 f   LIBCMT:gs_report.obj
 0001:00004384       ??0bad_array_new_length@std@@QEAA@AEBV01@@Z 0000000180005384 f i LIBCMT:throw_bad_alloc.obj
 0001:000043c4       ??0bad_array_new_length@std@@QEAA@XZ 00000001800053c4 f i LIBCMT:throw_bad_alloc.obj
 0001:000043e4       ??_Gbad_array_new_length@std@@UEAAPEAXI@Z 00000001800053e4 f i LIBCMT:throw_bad_alloc.obj
 0001:000043e4       ??_Ebad_exception@std@@UEAAPEAXI@Z 00000001800053e4 f i libvcruntime:frame.obj
 0001:000043e4       ??_Elength_error@std@@UEAAPEAXI@Z 00000001800053e4 f i libcpmt:xthrow.obj
 0001:000043e4       ??_Ebad_array_new_length@std@@UEAAPEAXI@Z 00000001800053e4 f i LIBCMT:throw_bad_alloc.obj
 0001:000043e4       ??_Eexception@std@@UEAAPEAXI@Z 00000001800053e4 f i libcpmt:xthrow.obj
 0001:000043e4       ??_Glogic_error@std@@UEAAPEAXI@Z 00000001800053e4 f i libcpmt:xthrow.obj
 0001:000043e4       ??_Eout_of_range@std@@UEAAPEAXI@Z 00000001800053e4 f i libcpmt:xthrow.obj
 0001:000043e4       ??_Gbad_alloc@std@@UEAAPEAXI@Z 00000001800053e4 f i libcpmt:xthrow.obj
 0001:000043e4       ??_Elogic_error@std@@UEAAPEAXI@Z 00000001800053e4 f i libcpmt:xthrow.obj
 0001:000043e4       ??_Gexception@std@@UEAAPEAXI@Z 00000001800053e4 f i libcpmt:xthrow.obj
 0001:000043e4       ??_Gout_of_range@std@@UEAAPEAXI@Z 00000001800053e4 f i libcpmt:xthrow.obj
 0001:000043e4       ??_Ebad_alloc@std@@UEAAPEAXI@Z 00000001800053e4 f i libcpmt:xthrow.obj
 0001:000043e4       ??_Glength_error@std@@UEAAPEAXI@Z 00000001800053e4 f i libcpmt:xthrow.obj
 0001:000043e4       ??_Gbad_exception@std@@UEAAPEAXI@Z 00000001800053e4 f i libvcruntime:frame.obj
 0001:00004428       ?__scrt_throw_std_bad_alloc@@YAXXZ 0000000180005428 f   LIBCMT:throw_bad_alloc.obj
 0001:00004428       ?_Xbad_alloc@std@@YAXXZ    0000000180005428 f   libcpmt:xthrow.obj
 0001:00004448       ?__scrt_throw_std_bad_array_new_length@@YAXXZ 0000000180005448 f   LIBCMT:throw_bad_alloc.obj
 0001:00004468       _guard_check_icall         0000000180005468 f i LIBCMT:checkcfg.obj
 0001:00004470       __scrt_acquire_startup_lock 0000000180005470 f   LIBCMT:utility.obj
 0001:000044ac       __scrt_dllmain_after_initialize_c 00000001800054ac f   LIBCMT:utility.obj
 0001:000044e0       __scrt_dllmain_before_initialize_c 00000001800054e0 f   LIBCMT:utility.obj
 0001:000044f8       __scrt_dllmain_crt_thread_attach 00000001800054f8 f   LIBCMT:utility.obj
 0001:00004520       __scrt_dllmain_crt_thread_detach 0000000180005520 f   LIBCMT:utility.obj
 0001:00004538       __scrt_dllmain_exception_filter 0000000180005538 f   LIBCMT:utility.obj
 0001:0000459c       __scrt_dllmain_uninitialize_c 000000018000559c f   LIBCMT:utility.obj
 0001:000045cc       __scrt_dllmain_uninitialize_critical 00000001800055cc f   LIBCMT:utility.obj
 0001:000045e0       __scrt_initialize_crt      00000001800055e0 f   LIBCMT:utility.obj
 0001:0000462c       __scrt_initialize_onexit_tables 000000018000562c f   LIBCMT:utility.obj
 0001:000046f8       __scrt_is_nonwritable_in_current_image 00000001800056f8 f   LIBCMT:utility.obj
 0001:00004794       __scrt_release_startup_lock 0000000180005794 f   LIBCMT:utility.obj
 0001:000047b8       __scrt_uninitialize_crt    00000001800057b8 f   LIBCMT:utility.obj
 0001:000047e4       _onexit                    00000001800057e4 f   LIBCMT:utility.obj
 0001:00004834       atexit                     0000000180005834 f   LIBCMT:utility.obj
 0001:0000484c       __security_init_cookie     000000018000584c f   LIBCMT:gs_support.obj
 0001:000048f8       _get_startup_argv_mode     00000001800058f8 f   LIBCMT:argv_mode.obj
 0001:000048f8       DllMain                    00000001800058f8 f   LIBCMT:dll_dllmain_stub.obj
 0001:00004900       ?__scrt_initialize_type_info@@YAXXZ 0000000180005900 f   LIBCMT:tncleanup.obj
 0001:00004910       ?__scrt_uninitialize_type_info@@YAXXZ 0000000180005910 f   LIBCMT:tncleanup.obj
 0001:0000491c       __local_stdio_printf_options 000000018000591c f i LIBCMT:default_local_stdio_options.obj
 0001:00004924       __local_stdio_scanf_options 0000000180005924 f i LIBCMT:default_local_stdio_options.obj
 0001:0000492c       __scrt_initialize_default_local_stdio_options 000000018000592c f   LIBCMT:default_local_stdio_options.obj
 0001:00004948       __scrt_get_dyn_tls_init_callback 0000000180005948 f   LIBCMT:dyn_tls_init.obj
 0001:00004950       __crt_debugger_hook        0000000180005950 f   LIBCMT:utility_desktop.obj
 0001:00004958       __scrt_fastfail            0000000180005958 f   LIBCMT:utility_desktop.obj
 0001:00004aa0       _RTC_Initialize            0000000180005aa0 f   LIBCMT:_initsect_.obj
 0001:00004aec       _RTC_Terminate             0000000180005aec f   LIBCMT:_initsect_.obj
 0001:00004b38       __isa_available_init       0000000180005b38 f   LIBCMT:_cpu_disp_.obj
 0001:00004d00       __scrt_is_ucrt_dll_in_use  0000000180005d00 f   LIBCMT:ucrt_detection.obj
 0001:00004d20       memmove                    0000000180005d20 f   libvcruntime:memcpy.obj
 0001:00004d20       memcpy                     0000000180005d20 f   libvcruntime:memcpy.obj
 0001:00005158       __DestructExceptionObject  0000000180006158 f   libvcruntime:frame.obj
 0001:000051e0       ??0bad_exception@std@@QEAA@AEBV01@@Z 00000001800061e0 f i libvcruntime:frame.obj
 0001:00005220       ??0bad_exception@std@@QEAA@XZ 0000000180006220 f i libvcruntime:frame.obj
 0001:00005b9c       ?_CallMemberFunction0@@YAXPEAXP6AX0@Z@Z 0000000180006b9c f i libvcruntime:frame.obj
 0001:00005ba0       ?_CallMemberFunction1@@YAXPEAXP6AX0@Z0@Z 0000000180006ba0 f i libvcruntime:frame.obj
 0001:00005bac       ?_CallMemberFunction2@@YAXPEAXP6AX0@Z0H@Z 0000000180006bac f i libvcruntime:frame.obj
 0001:00005bbc       __AdjustPointer            0000000180006bbc f   libvcruntime:frame.obj
 0001:00005be0       __BuildCatchObject         0000000180006be0 f   libvcruntime:frame.obj
 0001:00005ca4       __BuildCatchObjectHelper   0000000180006ca4 f   libvcruntime:frame.obj
 0001:00005e84       __CxxCallCatchBlock        0000000180006e84 f   libvcruntime:frame.obj
 0001:00006070       __FrameUnwindFilter        0000000180007070 f   libvcruntime:frame.obj
 0001:000060bc       __FrameUnwindToState       00000001800070bc f   libvcruntime:frame.obj
 0001:00006250       __InternalCxxFrameHandler  0000000180007250 f   libvcruntime:frame.obj
 0001:000064a8       __TypeMatch                00000001800074a8 f   libvcruntime:frame.obj
 0001:000065e8       __std_terminate            00000001800075e8 f   libvcruntime:frame.obj
 0001:000065f4       __std_exception_copy       00000001800075f4 f   libvcruntime:std_exception.obj
 0001:00006684       __std_exception_destroy    0000000180007684 f   libvcruntime:std_exception.obj
 0001:000066ac       _CxxThrowException         00000001800076ac f   libvcruntime:throw.obj
 0001:00006784       __C_specific_handler       0000000180007784 f   libvcruntime:_chandler_.obj
 0001:00006980       __vcrt_initialize          0000000180007980 f   libvcruntime:initialization.obj
 0001:000069b4       __vcrt_thread_attach       00000001800079b4 f   libvcruntime:initialization.obj
 0001:000069c8       __vcrt_thread_detach       00000001800079c8 f   libvcruntime:initialization.obj
 0001:000069dc       __vcrt_uninitialize        00000001800079dc f   libvcruntime:initialization.obj
 0001:000069fc       __vcrt_uninitialize_critical 00000001800079fc f   libvcruntime:initialization.obj
 0001:00006a0c       __std_type_info_compare    0000000180007a0c f   libvcruntime:std_type_info.obj
 0001:00006a34       __std_type_info_destroy_list 0000000180007a34 f   libvcruntime:std_type_info.obj
 0001:00006a70       memset                     0000000180007a70 f   libvcruntime:memset.obj
 0001:00006c10       __vcrt_freefls             0000000180007c10 f   libvcruntime:per_thread_data.obj
 0001:00006c30       __vcrt_freeptd             0000000180007c30 f   libvcruntime:per_thread_data.obj
 0001:00006c80       __vcrt_getptd              0000000180007c80 f   libvcruntime:per_thread_data.obj
 0001:00006c9c       __vcrt_getptd_noexit       0000000180007c9c f   libvcruntime:per_thread_data.obj
 0001:00006d54       __vcrt_initialize_ptd      0000000180007d54 f   libvcruntime:per_thread_data.obj
 0001:00006d94       __vcrt_uninitialize_ptd    0000000180007d94 f   libvcruntime:per_thread_data.obj
 0001:00006db8       ?__GetCurrentState@@YAHPEA_KPEAU_xDISPATCHER_CONTEXT@@PEBU_s_FuncInfo@@@Z 0000000180007db8 f   libvcruntime:ehstate.obj
 0001:00006de0       ?__GetUnwindTryBlock@@YAHPEA_KPEAU_xDISPATCHER_CONTEXT@@PEBU_s_FuncInfo@@@Z 0000000180007de0 f   libvcruntime:ehstate.obj
 0001:00006e0c       ?__SetState@@YAXPEA_KPEAU_xDISPATCHER_CONTEXT@@PEBU_s_FuncInfo@@H@Z 0000000180007e0c f   libvcruntime:ehstate.obj
 0001:00006e18       ?__SetUnwindTryBlock@@YAXPEA_KPEAU_xDISPATCHER_CONTEXT@@PEBU_s_FuncInfo@@H@Z 0000000180007e18 f   libvcruntime:ehstate.obj
 0001:00006e54       ?__StateFromControlPc@@YAHPEBU_s_FuncInfo@@PEAU_xDISPATCHER_CONTEXT@@@Z 0000000180007e54 f   libvcruntime:ehstate.obj
 0001:00006e5c       ?__StateFromIp@@YAHPEBU_s_FuncInfo@@PEAU_xDISPATCHER_CONTEXT@@_J@Z 0000000180007e5c f   libvcruntime:ehstate.obj
 0001:00006ee0       _CallSettingFrame          0000000180007ee0 f   libvcruntime:handlers.obj
 0001:00006f20       ?_ExecutionInCatch@@YAHPEAU_xDISPATCHER_CONTEXT@@PEBU_s_FuncInfo@@@Z 0000000180007f20 f   libvcruntime:trnsctrl.obj
 0001:00006f94       ?_GetEstablisherFrame@@YAPEA_KPEA_KPEAU_xDISPATCHER_CONTEXT@@PEBU_s_FuncInfo@@0@Z 0000000180007f94 f   libvcruntime:trnsctrl.obj
 0001:00007060       ?_GetRangeOfTrysToCheck@@YAPEBU_s_TryBlockMapEntry@@PEA_KPEBU_s_FuncInfo@@HHPEAI2PEAU_xDISPATCHER_CONTEXT@@@Z 0000000180008060 f   libvcruntime:trnsctrl.obj
 0001:0000718c       ?__FrameUnwindToEmptyState@@YAXPEA_KPEAU_xDISPATCHER_CONTEXT@@PEBU_s_FuncInfo@@@Z 000000018000818c f   libvcruntime:trnsctrl.obj
 0001:00007220       ?__SehTransFilter@@YAHPEAU_EXCEPTION_POINTERS@@PEAUEHExceptionRecord@@PEA_KPEAU_CONTEXT@@PEAU_xDISPATCHER_CONTEXT@@PEBU_s_FuncInfo@@PEAH@Z 0000000180008220 f   libvcruntime:trnsctrl.obj
 0001:000072b8       _CallSETranslator          00000001800082b8 f   libvcruntime:trnsctrl.obj
 0001:00007310       _CreateFrameInfo           0000000180008310 f   libvcruntime:trnsctrl.obj
 0001:0000734c       _FindAndUnlinkFrame        000000018000834c f   libvcruntime:trnsctrl.obj
 0001:000073a4       _GetImageBase              00000001800083a4 f   libvcruntime:trnsctrl.obj
 0001:000073b8       _GetThrowImageBase         00000001800083b8 f   libvcruntime:trnsctrl.obj
 0001:000073cc       _IsExceptionObjectToBeDestroyed 00000001800083cc f   libvcruntime:trnsctrl.obj
 0001:000073fc       _SetImageBase              00000001800083fc f   libvcruntime:trnsctrl.obj
 0001:00007414       _SetThrowImageBase         0000000180008414 f   libvcruntime:trnsctrl.obj
 0001:0000742c       _UnwindNestedFrames        000000018000842c f   libvcruntime:trnsctrl.obj
 0001:00007550       __CxxFrameHandler3         0000000180008550 f   libvcruntime:trnsctrl.obj
 0001:000075d0       _guard_check_icall_nop     00000001800085d0 f   LIBCMT:guard_support.obj
 0001:000075d0       __except_validate_context_record 00000001800085d0 f   libvcruntime:jbcxrval.obj
 0001:000075f0       _local_unwind              00000001800085f0 f   libvcruntime:_jmpuwind_.obj
 0001:00007620       _NLG_Notify                0000000180008620 f   libvcruntime:_jmpuwind_.obj
 0001:00007640       __NLG_Dispatch2            0000000180008640 f   libvcruntime:_jmpuwind_.obj
 0001:00007650       __NLG_Return2              0000000180008650 f   libvcruntime:_jmpuwind_.obj
 0001:00007654       __vcrt_initialize_locks    0000000180008654 f   libvcruntime:locks.obj
 0001:0000769c       __vcrt_uninitialize_locks  000000018000869c f   libvcruntime:locks.obj
 0001:0000789c       __vcrt_FlsAlloc            000000018000889c f   libvcruntime:winapi_downlevel.obj
 0001:000078f0       __vcrt_FlsFree             00000001800088f0 f   libvcruntime:winapi_downlevel.obj
 0001:00007944       __vcrt_FlsGetValue         0000000180008944 f   libvcruntime:winapi_downlevel.obj
 0001:00007998       __vcrt_FlsSetValue         0000000180008998 f   libvcruntime:winapi_downlevel.obj
 0001:00007a00       __vcrt_InitializeCriticalSectionEx 0000000180008a00 f   libvcruntime:winapi_downlevel.obj
 0001:00007a78       __vcrt_initialize_winapi_thunks 0000000180008a78 f   libvcruntime:winapi_downlevel.obj
 0001:00007ac4       __vcrt_uninitialize_winapi_thunks 0000000180008ac4 f   libvcruntime:winapi_downlevel.obj
 0001:00007b04       __vcrt_initialize_pure_virtual_call_handler 0000000180008b04 f   libvcruntime:purevirt_data.obj
 0001:00007b28       __acrt_call_reportfault    0000000180008b28 f   libucrt:invalid_parameter.obj
 0001:00007c84       __acrt_initialize_invalid_parameter_handler 0000000180008c84 f   libucrt:invalid_parameter.obj
 0001:00007c8c       _invalid_parameter         0000000180008c8c f   libucrt:invalid_parameter.obj
 0001:00007d34       _invalid_parameter_noinfo  0000000180008d34 f   libucrt:invalid_parameter.obj
 0001:00007d54       _invalid_parameter_noinfo_noreturn 0000000180008d54 f   libucrt:invalid_parameter.obj
 0001:00007d84       _invoke_watson             0000000180008d84 f   libucrt:invalid_parameter.obj
 0001:00007dcc       ??0_LocaleUpdate@@QEAA@QEAU__crt_locale_pointers@@@Z 0000000180008dcc f i libucrt:stricmp.obj
 0001:00007e5c       __ascii_stricmp            0000000180008e5c f   libucrt:stricmp.obj
 0001:00007e98       _stricmp                   0000000180008e98 f   libucrt:stricmp.obj
 0001:00007ee0       _stricmp_l                 0000000180008ee0 f   libucrt:stricmp.obj
 0001:00007f94       __acrt_initialize_new_handler 0000000180008f94 f   libucrt:new_handler.obj
 0001:00007f9c       _callnewh                  0000000180008f9c f   libucrt:new_handler.obj
 0001:00007fdc       _query_new_handler         0000000180008fdc f   libucrt:new_handler.obj
 0001:00008010       malloc                     0000000180009010 f   libucrt:malloc.obj
 0001:00008018       terminate                  0000000180009018 f   libucrt:terminate.obj
 0001:00008040       free                       0000000180009040 f   libucrt:free.obj
 0001:00008048       _initterm                  0000000180009048 f   libucrt:initterm.obj
 0001:000080c0       _initterm_e                00000001800090c0 f   libucrt:initterm.obj
 0001:0000810c       _seh_filter_dll            000000018000910c f   libucrt:exception_filter.obj
 0001:00008120       _seh_filter_exe            0000000180009120 f   libucrt:exception_filter.obj
 0001:000084e0       __acrt_initialize_thread_local_exit_callback 00000001800094e0 f   libucrt:exit.obj
 0001:000084e8       _cexit                     00000001800094e8 f   libucrt:exit.obj
 0001:000084f8       _exit                      00000001800094f8 f   libucrt:exit.obj
 0001:00008504       _is_c_termination_complete 0000000180009504 f   libucrt:exit.obj
 0001:000086c8       __acrt_allocate_buffer_for_argv 00000001800096c8 f   libucrt:argv_parsing.obj
 0001:0000872c       _configure_narrow_argv     000000018000972c f   libucrt:argv_parsing.obj
 0001:00008a88       __dcrt_uninitialize_environments_nolock 0000000180009a88 f   libucrt:environment_initialization.obj
 0001:00008ac0       _initialize_narrow_environment 0000000180009ac0 f   libucrt:environment_initialization.obj
 0001:00008ac8       ??$?RV<lambda_b8c45f8f788dd370798f47cfe8ac3a86>@@AEAV<lambda_4e60a939b0d047cfe11ddc22648dfba9>@@V<lambda_332c3edc96d0294ec56c57d38c1cdfd5>@@@?$__crt_seh_guarded_call@H@@QEAAH$$QEAV<lambda_b8c45f8f788dd370798f47cfe8ac3a86>@@AEAV<lambda_4e60a939b0d047cfe11ddc22648dfba9>@@$$QEAV<lambda_332c3edc96d0294ec56c57d38c1cdfd5>@@@Z 0000000180009ac8 f i libucrt:onexit.obj
 0001:00008b04       ??$?RV<lambda_e24bbb7b643b32fcea6fa61b31d4c984>@@AEAV<lambda_275893d493268fdec8709772e3fcec0e>@@V<lambda_9d71df4d7cf3f480f8d633942495c3b0>@@@?$__crt_seh_guarded_call@H@@QEAAH$$QEAV<lambda_e24bbb7b643b32fcea6fa61b31d4c984>@@AEAV<lambda_275893d493268fdec8709772e3fcec0e>@@$$QEAV<lambda_9d71df4d7cf3f480f8d633942495c3b0>@@@Z 0000000180009b04 f i libucrt:onexit.obj
 0001:00008e80       _crt_atexit                0000000180009e80 f   libucrt:onexit.obj
 0001:00008e90       _execute_onexit_table      0000000180009e90 f   libucrt:onexit.obj
 0001:00008ecc       _initialize_onexit_table   0000000180009ecc f   libucrt:onexit.obj
 0001:00008f0c       _register_onexit_function  0000000180009f0c f   libucrt:onexit.obj
 0001:00009088       __acrt_uninitialize_command_line 000000018000a088 f   libucrt:argv_data.obj
 0001:0000908c       __acrt_initialize          000000018000a08c f   libucrt:initialization.obj
 0001:000090a0       __acrt_thread_attach       000000018000a0a0 f   libucrt:initialization.obj
 0001:000090b4       __acrt_thread_detach       000000018000a0b4 f   libucrt:initialization.obj
 0001:000090c4       __acrt_uninitialize        000000018000a0c4 f   libucrt:initialization.obj
 0001:000090d8       __acrt_uninitialize_critical 000000018000a0d8 f   libucrt:initialization.obj
 0001:000090e8       strcpy_s                   000000018000a0e8 f   libucrt:strcpy_s.obj
 0001:00009148       _free_base                 000000018000a148 f   libucrt:free_base.obj
 0001:00009188       _malloc_base               000000018000a188 f   libucrt:malloc_base.obj
 0001:000091e8       abort                      000000018000a1e8 f   libucrt:abort.obj
 0001:00009240       _calloc_base               000000018000a240 f   libucrt:calloc_base.obj
 0001:000092b8       ??$?RV<lambda_46352004c1216016012b18bd6f87e700>@@AEAV<lambda_3bd07e1a1191394380780325891bf33f>@@V<lambda_334532d3f185bcaa59b5be82d7d22bff>@@@?$__crt_seh_guarded_call@X@@QEAAX$$QEAV<lambda_46352004c1216016012b18bd6f87e700>@@AEAV<lambda_3bd07e1a1191394380780325891bf33f>@@$$QEAV<lambda_334532d3f185bcaa59b5be82d7d22bff>@@@Z 000000018000a2b8 f i libucrt:per_thread_data.obj
 0001:00009318       ??$?RV<lambda_5e887d1dcbef67a5eb4283622ba103bf>@@AEAV<lambda_4466841279450cc726390878d4a41900>@@V<lambda_341c25c0346d94847f1f3c463c57e077>@@@?$__crt_seh_guarded_call@X@@QEAAX$$QEAV<lambda_5e887d1dcbef67a5eb4283622ba103bf>@@AEAV<lambda_4466841279450cc726390878d4a41900>@@$$QEAV<lambda_341c25c0346d94847f1f3c463c57e077>@@@Z 000000018000a318 f i libucrt:per_thread_data.obj
 0001:00009360       ??$?RV<lambda_72d1df2b273a38828b1ce30cbf4cdab5>@@AEAV<lambda_876a65b173b8412d3a47c70a915b0cf4>@@V<lambda_41932305e351933ebe8f8be3ed8bb5dc>@@@?$__crt_seh_guarded_call@X@@QEAAX$$QEAV<lambda_72d1df2b273a38828b1ce30cbf4cdab5>@@AEAV<lambda_876a65b173b8412d3a47c70a915b0cf4>@@$$QEAV<lambda_41932305e351933ebe8f8be3ed8bb5dc>@@@Z 000000018000a360 f i libucrt:per_thread_data.obj
 0001:000093a0       ??$?RV<lambda_fb3a7dec4e47f37f22dae91bb15c9095>@@AEAV<lambda_698284760c8add0bfb0756c19673e34b>@@V<lambda_dfb8eca1e75fef3034a8fb18dd509707>@@@?$__crt_seh_guarded_call@X@@QEAAX$$QEAV<lambda_fb3a7dec4e47f37f22dae91bb15c9095>@@AEAV<lambda_698284760c8add0bfb0756c19673e34b>@@$$QEAV<lambda_dfb8eca1e75fef3034a8fb18dd509707>@@@Z 000000018000a3a0 f i libucrt:per_thread_data.obj
 0001:00009630       __acrt_freeptd             000000018000a630 f   libucrt:per_thread_data.obj
 0001:00009674       __acrt_getptd              000000018000a674 f   libucrt:per_thread_data.obj
 0001:00009708       __acrt_getptd_noexit       000000018000a708 f   libucrt:per_thread_data.obj
 0001:000097a8       __acrt_initialize_ptd      000000018000a7a8 f   libucrt:per_thread_data.obj
 0001:000097e4       __acrt_uninitialize_ptd    000000018000a7e4 f   libucrt:per_thread_data.obj
 0001:00009808       __acrt_errno_from_os_error 000000018000a808 f   libucrt:errno.obj
 0001:00009850       __acrt_errno_map_os_error  000000018000a850 f   libucrt:errno.obj
 0001:000098a0       __doserrno                 000000018000a8a0 f   libucrt:errno.obj
 0001:000098c0       _errno                     000000018000a8c0 f   libucrt:errno.obj
 0001:00009930       _tolower_l                 000000018000a930 f   libucrt:tolower_toupper.obj
 0001:00009a70       __acrt_update_locale_info  000000018000aa70 f   libucrt:locale_update.obj
 0001:00009aa4       __acrt_update_multibyte_info 000000018000aaa4 f   libucrt:locale_update.obj
 0001:00009ad8       __acrt_set_locale_changed  000000018000aad8 f   libucrt:wsetlocale.obj
 0001:00009ae4       __acrt_uninitialize_locale 000000018000aae4 f   libucrt:wsetlocale.obj
 0001:00009b2c       __acrt_initialize_locks    000000018000ab2c f   libucrt:locks.obj
 0001:00009b74       __acrt_lock                000000018000ab74 f   libucrt:locks.obj
 0001:00009b90       __acrt_uninitialize_locks  000000018000ab90 f   libucrt:locks.obj
 0001:00009bc8       __acrt_unlock              000000018000abc8 f   libucrt:locks.obj
 0001:00009d84       __acrt_FlsAlloc            000000018000ad84 f   libucrt:winapi_thunks.obj
 0001:00009ddc       __acrt_FlsFree             000000018000addc f   libucrt:winapi_thunks.obj
 0001:00009e34       __acrt_FlsGetValue         000000018000ae34 f   libucrt:winapi_thunks.obj
 0001:00009e8c       __acrt_FlsSetValue         000000018000ae8c f   libucrt:winapi_thunks.obj
 0001:00009ef4       __acrt_InitializeCriticalSectionEx 000000018000aef4 f   libucrt:winapi_thunks.obj
 0001:00009f6c       __acrt_LCMapStringEx       000000018000af6c f   libucrt:winapi_thunks.obj
 0001:0000a05c       __acrt_LocaleNameToLCID    000000018000b05c f   libucrt:winapi_thunks.obj
 0001:0000a0c4       __acrt_initialize_winapi_thunks 000000018000b0c4 f   libucrt:winapi_thunks.obj
 0001:0000a0fc       __acrt_is_packaged_app     000000018000b0fc f   libucrt:winapi_thunks.obj
 0001:0000a184       __acrt_uninitialize_winapi_thunks 000000018000b184 f   libucrt:winapi_thunks.obj
 0001:0000a6a4       ?expand_if_necessary@?$argument_list@D@?A0xca0879c4@@AEAAHXZ 000000018000b6a4 f i libucrt:argv_wildcards.obj
 0001:0000a76c       __acrt_expand_narrow_argv_wildcards 000000018000b76c f   libucrt:argv_wildcards.obj
 0001:0000a774       ??$?RV<lambda_99476a1ad63dd22509b5d3e65b0ffc95>@@AEAV<lambda_ad1ced32f4ac17aa236e5ef05d6b3b7c>@@V<lambda_f7424dd8d45958661754dc4f2697e9c3>@@@?$__crt_seh_guarded_call@X@@QEAAX$$QEAV<lambda_99476a1ad63dd22509b5d3e65b0ffc95>@@AEAV<lambda_ad1ced32f4ac17aa236e5ef05d6b3b7c>@@$$QEAV<lambda_f7424dd8d45958661754dc4f2697e9c3>@@@Z 000000018000b774 f i libucrt:mbctype.obj
 0001:0000ae70       __acrt_initialize_multibyte 000000018000be70 f   libucrt:mbctype.obj
 0001:0000ae98       __acrt_update_thread_multibyte_data 000000018000be98 f   libucrt:mbctype.obj
 0001:0000af58       _setmbcp_nolock            000000018000bf58 f   libucrt:mbctype.obj
 0001:0000b278       _ismbblead                 000000018000c278 f   libucrt:ismbbyte.obj
 0001:0000b28c       __acrt_initialize_command_line 000000018000c28c f   libucrt:argv_data.obj
 0001:0000b2b4       __dcrt_get_narrow_environment_from_os 000000018000c2b4 f   libucrt:get_environment_from_os.obj
 0001:0000b3b8       _recalloc                  000000018000c3b8 f   libucrt:recalloc.obj
 0001:0000b3c0       _recalloc_base             000000018000c3c0 f   libucrt:recalloc.obj
 0001:0000b458       __acrt_initialize_heap     000000018000c458 f   libucrt:heap_handle.obj
 0001:0000b474       __acrt_uninitialize_heap   000000018000c474 f   libucrt:heap_handle.obj
 0001:0000b668       __acrt_initialize_lowio    000000018000c668 f   libucrt:ioinit.obj
 0001:0000b6a4       __acrt_uninitialize_lowio  000000018000c6a4 f   libucrt:ioinit.obj
 0001:0000b6e4       __acrt_execute_initializers 000000018000c6e4 f   libucrt:shared_initialization.obj
 0001:0000b778       __acrt_execute_uninitializers 000000018000c778 f   libucrt:shared_initialization.obj
 0001:0000b7c8       ??$?RV<lambda_c36588078e9f5dfd39652860aa6b3aaf>@@AEAV<lambda_ec61778202f4f5fc7e7711acc23c3bca>@@V<lambda_dc9d2797ccde5d239b4a0efae8ebd7db>@@@?$__crt_seh_guarded_call@P6AXH@Z@@QEAAP6AXH@Z$$QEAV<lambda_c36588078e9f5dfd39652860aa6b3aaf>@@AEAV<lambda_ec61778202f4f5fc7e7711acc23c3bca>@@$$QEAV<lambda_dc9d2797ccde5d239b4a0efae8ebd7db>@@@Z 000000018000c7c8 f i libucrt:signal.obj
 0001:0000b810       __acrt_get_sigabrt_handler 000000018000c810 f   libucrt:signal.obj
 0001:0000b840       __acrt_initialize_signal_handlers 000000018000c840 f   libucrt:signal.obj
 0001:0000b860       raise                      000000018000c860 f   libucrt:signal.obj
 0001:0000bafc       __acrt_has_user_matherr    000000018000cafc f   libucrt:matherr.obj
 0001:0000bb1c       __acrt_initialize_user_matherr 000000018000cb1c f   libucrt:matherr.obj
 0001:0000bb24       __acrt_invoke_user_matherr 000000018000cb24 f   libucrt:matherr.obj
 0001:0000bb6c       _query_new_mode            000000018000cb6c f   libucrt:new_mode.obj
 0001:0000bb74       _mbtowc_l                  000000018000cb74 f   libucrt:mbtowc.obj
 0001:0000bcbc       mbtowc                     000000018000ccbc f   libucrt:mbtowc.obj
 0001:0000bcc4       _fileno                    000000018000ccc4 f   libucrt:fileno.obj
 0001:0000bcec       __acrt_initialize_stdio    000000018000ccec f   libucrt:_file.obj
 0001:0000be0c       __acrt_uninitialize_stdio  000000018000ce0c f   libucrt:_file.obj
 0001:0000be68       _lock_file                 000000018000ce68 f   libucrt:_file.obj
 0001:0000be74       _unlock_file               000000018000ce74 f   libucrt:_file.obj
 0001:0000be80       __pctype_func              000000018000ce80 f   libucrt:ctype.obj
 0001:0000beb0       _isctype_l                 000000018000ceb0 f   libucrt:isctype.obj
 0001:0000bfc0       __acrt_add_locale_ref      000000018000cfc0 f   libucrt:locale_refcounting.obj
 0001:0000c04c       __acrt_free_locale         000000018000d04c f   libucrt:locale_refcounting.obj
 0001:0000c1c4       __acrt_locale_add_lc_time_reference 000000018000d1c4 f   libucrt:locale_refcounting.obj
 0001:0000c1ec       __acrt_locale_free_lc_time_if_unreferenced 000000018000d1ec f   libucrt:locale_refcounting.obj
 0001:0000c224       __acrt_locale_release_lc_time_reference 000000018000d224 f   libucrt:locale_refcounting.obj
 0001:0000c24c       __acrt_release_locale_ref  000000018000d24c f   libucrt:locale_refcounting.obj
 0001:0000c2f4       __acrt_update_thread_locale_data 000000018000d2f4 f   libucrt:locale_refcounting.obj
 0001:0000c364       _updatetlocinfoEx_nolock   000000018000d364 f   libucrt:locale_refcounting.obj
 0001:0000c3cc       _isleadbyte_l              000000018000d3cc f i libucrt:_wctype.obj
 0001:0000c768       __acrt_LCMapStringA        000000018000d768 f   libucrt:lcmapstringa.obj
 0001:0000c800       __acrt_locale_free_monetary 000000018000d800 f   libucrt:initmon.obj
 0001:0000c90c       __acrt_locale_free_numeric 000000018000d90c f   libucrt:initnum.obj
 0001:0000c9d0       __acrt_locale_free_time    000000018000d9d0 f   libucrt:inittime.obj
 0001:0000cad8       __acrt_GetStringTypeA      000000018000dad8 f   libucrt:getstringtypea.obj
 0001:0000cd54       __acrt_DownlevelLocaleNameToLCID 000000018000dd54 f   libucrt:lcidtoname_downlevel.obj
 0001:0000ce60       qsort                      000000018000de60 f   libucrt:qsort.obj
 0001:0000d194       strncpy_s                  000000018000e194 f   libucrt:strncpy_s.obj
 0001:0000d268       strpbrk                    000000018000e268 f   libucrt:strpbrk.obj
 0001:0000d308       _mbsdec                    000000018000e308 f   libucrt:mbsdec.obj
 0001:0000d310       _mbsdec_l                  000000018000e310 f   libucrt:mbsdec.obj
 0001:0000d3c0       _msize                     000000018000e3c0 f   libucrt:msize.obj
 0001:0000d3fc       _realloc_base              000000018000e3fc f   libucrt:realloc_base.obj
 0001:0000d480       __acrt_lowio_create_handle_array 000000018000e480 f   libucrt:osfinfo.obj
 0001:0000d518       __acrt_lowio_destroy_handle_array 000000018000e518 f   libucrt:osfinfo.obj
 0001:0000d568       __acrt_lowio_ensure_fh_exists 000000018000e568 f   libucrt:osfinfo.obj
 0001:0000d620       __acrt_lowio_lock_fh       000000018000e620 f   libucrt:osfinfo.obj
 0001:0000d644       __acrt_lowio_unlock_fh     000000018000e644 f   libucrt:osfinfo.obj
 0001:0000d668       _free_osfhnd               000000018000e668 f   libucrt:osfinfo.obj
 0001:0000d724       _get_osfhandle             000000018000e724 f   libucrt:osfinfo.obj
 0001:0000d79c       _isatty                    000000018000e79c f   libucrt:isatty.obj
 0001:0000d7fc       __acrt_stdio_flush_nolock  000000018000e7fc f   libucrt:fflush.obj
 0001:0000d874       _fflush_nolock             000000018000e874 f   libucrt:fflush.obj
 0001:0000d8c0       _flushall                  000000018000e8c0 f   libucrt:fflush.obj
 0001:0000d9b0       _fcloseall                 000000018000e9b0 f   libucrt:closeall.obj
 0001:0000da64       __acrt_stdio_free_buffer_nolock 000000018000ea64 f   libucrt:_freebuf.obj
 0001:0000daa4       __strncnt                  000000018000eaa4 f   libucrt:strncnt.obj
 0001:0000dabc       _query_app_type            000000018000eabc f   libucrt:report_runtime_error.obj
 0001:0000dac4       ??$?RV<lambda_b521505b218e5242e90febf6bfebc422>@@AEAV<lambda_6978c1fb23f02e42e1d9e99668cc68aa>@@V<lambda_314360699dd331753a4119843814e9a7>@@@?$__crt_seh_guarded_call@H@@QEAAH$$QEAV<lambda_b521505b218e5242e90febf6bfebc422>@@AEAV<lambda_6978c1fb23f02e42e1d9e99668cc68aa>@@$$QEAV<lambda_314360699dd331753a4119843814e9a7>@@@Z 000000018000eac4 f i libucrt:commit.obj
 0001:0000db50       _commit                    000000018000eb50 f   libucrt:commit.obj
 0001:0000e184       _write                     000000018000f184 f   libucrt:write.obj
 0001:0000e270       _write_nolock              000000018000f270 f   libucrt:write.obj
 0001:0000e560       log10                      000000018000f560 f   libucrt:log10.obj
 0001:0000eba8       _lseeki64_nolock           000000018000fba8 f   libucrt:lseek.obj
 0001:0000ebb0       _fclose_nolock             000000018000fbb0 f   libucrt:fclose.obj
 0001:0000ec34       fclose                     000000018000fc34 f   libucrt:fclose.obj
 0001:0000eca0       _putwch_nolock             000000018000fca0 f   libucrt:putwch.obj
 0001:0000ee20       _handle_error              000000018000fe20 f   libucrt:libm_error.obj
 0001:0000ef50       __acrt_initialize_fma3     000000018000ff50 f   libucrt:fma3_available.obj
 0001:0000efc0       _log10_special             000000018000ffc0 f   libucrt:log_special.obj
 0001:0000f078       ??$?RV<lambda_bfedae4ebbf01fab1bb6dcc6a9e276e0>@@AEAV<lambda_2fe9b910cf3cbf4a0ab98a02ba45b3ec>@@V<lambda_237c231691f317818eb88cc1d5d642d6>@@@?$__crt_seh_guarded_call@H@@QEAAH$$QEAV<lambda_bfedae4ebbf01fab1bb6dcc6a9e276e0>@@AEAV<lambda_2fe9b910cf3cbf4a0ab98a02ba45b3ec>@@$$QEAV<lambda_237c231691f317818eb88cc1d5d642d6>@@@Z 0000000180010078 f i libucrt:close.obj
 0001:0000f0ec       _close                     00000001800100ec f   libucrt:close.obj
 0001:0000f190       _close_nolock              0000000180010190 f   libucrt:close.obj
 0001:0000f24c       ?__acrt_stdio_free_stream@@YAXV__crt_stdio_stream@@@Z 000000018001024c f   libucrt:stream.obj
 0001:0000f290       __dcrt_lowio_initialize_console_output 0000000180010290 f   libucrt:initcon.obj
 0001:0000f2cc       __dcrt_terminate_console_output 00000001800102cc f   libucrt:initcon.obj
 0001:0000f300       _get_fpsr                  0000000180010300 f   libucrt:fpsr.obj
 0001:0000f310       _set_fpsr                  0000000180010310 f   libucrt:fpsr.obj
 0001:0000f31a       _fclrf                     000000018001031a f   libucrt:fpsr.obj
 0001:0000f32e       _frnd                      000000018001032e f   libucrt:fpsr.obj
 0001:0000f350       _raise_exc                 0000000180010350 f   libucrt:fpexcept.obj
 0001:0000f378       _raise_exc_ex              0000000180010378 f   libucrt:fpexcept.obj
 0001:0000f680       _set_errno_from_matherr    0000000180010680 f   libucrt:fpexcept.obj
 0001:0000f6b0       _clrfp                     00000001800106b0 f   libucrt:fpctrl.obj
 0001:0000f6d0       _ctrlfp                    00000001800106d0 f   libucrt:fpctrl.obj
 0001:0000f74c       _set_statfp                000000018001074c f   libucrt:fpctrl.obj
 0001:0000f76c       _statfp                    000000018001076c f   libucrt:fpctrl.obj
 0001:0000f77e       IsProcessorFeaturePresent  000000018001077e f   kernel32:KERNEL32.dll
 0001:0000f784       RtlUnwindEx                0000000180010784 f   kernel32:KERNEL32.dll
 0001:0000f78c       ?DloadAcquireSectionWriteAccess@@YAXXZ 000000018001078c f i DelayImp:delayhlp.obj
 0001:0000f848       ?DloadGetSRWLockFunctionPointers@@YAEXZ 0000000180010848 f i DelayImp:delayhlp.obj
 0001:0000f8e4       ?DloadMakePermanentImageCommit@@YAXPEAX_K@Z 00000001800108e4 f i DelayImp:delayhlp.obj
 0001:0000f97c       ?DloadObtainSection@@YAPEAXPEAK0@Z 000000018001097c f i DelayImp:delayhlp.obj
 0001:0000fa14       ?DloadProtectSection@@YAXKPEAK@Z 0000000180010a14 f i DelayImp:delayhlp.obj
 0001:0000faa4       ?DloadReleaseSectionWriteAccess@@YAXXZ 0000000180010aa4 f i DelayImp:delayhlp.obj
 0001:0000fb48       __delayLoadHelper2         0000000180010b48 f   DelayImp:delayhlp.obj
 0001:0000fe50       _FindPESection             0000000180010e50 f   LIBCMT:pesect.obj
 0001:0000fea0       _IsNonwritableInCurrentImage 0000000180010ea0 f   LIBCMT:pesect.obj
 0001:0000fef0       _ValidateImageBase         0000000180010ef0 f   LIBCMT:pesect.obj
 0001:0000ff20       __GSHandlerCheck           0000000180010f20 f   LIBCMT:_gshandler_.obj
 0001:0000ff40       __GSHandlerCheckCommon     0000000180010f40 f   LIBCMT:_gshandler_.obj
 0001:0000ffb0       __chkstk                   0000000180010fb0 f   LIBCMT:_chkstk_.obj
 0001:0000ffb0       _alloca_probe              0000000180010fb0 f   LIBCMT:_chkstk_.obj
 0001:00010020       memcmp                     0000000180011020 f   libvcruntime:memcmp.obj
 0001:000100e8       __GSHandlerCheck_EH        00000001800110e8 f   LIBCMT:gshandlereh.obj
 0001:00010180       _guard_dispatch_icall_nop  0000000180011180 f   LIBCMT:_guard_dispatch_.obj
 0002:00000000       __imp_GetModuleHandleA     0000000180012000     kernel32:KERNEL32.dll
 0002:00000008       __imp_VirtualQuery         0000000180012008     kernel32:KERNEL32.dll
 0002:00000010       __imp_VirtualProtect       0000000180012010     kernel32:KERNEL32.dll
 0002:00000018       __imp_GetSystemInfo        0000000180012018     kernel32:KERNEL32.dll
 0002:00000020       __imp_CreateFileW          0000000180012020     kernel32:KERNEL32.dll
 0002:00000028       __imp_WriteConsoleW        0000000180012028     kernel32:KERNEL32.dll
 0002:00000030       __imp_CloseHandle          0000000180012030     kernel32:KERNEL32.dll
 0002:00000038       __imp_RtlCaptureContext    0000000180012038     kernel32:KERNEL32.dll
 0002:00000040       __imp_RtlLookupFunctionEntry 0000000180012040     kernel32:KERNEL32.dll
 0002:00000048       __imp_RtlVirtualUnwind     0000000180012048     kernel32:KERNEL32.dll
 0002:00000050       __imp_UnhandledExceptionFilter 0000000180012050     kernel32:KERNEL32.dll
 0002:00000058       __imp_SetUnhandledExceptionFilter 0000000180012058     kernel32:KERNEL32.dll
 0002:00000060       __imp_GetCurrentProcess    0000000180012060     kernel32:KERNEL32.dll
 0002:00000068       __imp_TerminateProcess     0000000180012068     kernel32:KERNEL32.dll
 0002:00000070       __imp_IsProcessorFeaturePresent 0000000180012070     kernel32:KERNEL32.dll
 0002:00000078       __imp_QueryPerformanceCounter 0000000180012078     kernel32:KERNEL32.dll
 0002:00000080       __imp_GetCurrentProcessId  0000000180012080     kernel32:KERNEL32.dll
 0002:00000088       __imp_GetCurrentThreadId   0000000180012088     kernel32:KERNEL32.dll
 0002:00000090       __imp_GetSystemTimeAsFileTime 0000000180012090     kernel32:KERNEL32.dll
 0002:00000098       __imp_InitializeSListHead  0000000180012098     kernel32:KERNEL32.dll
 0002:000000a0       __imp_IsDebuggerPresent    00000001800120a0     kernel32:KERNEL32.dll
 0002:000000a8       __imp_GetStartupInfoW      00000001800120a8     kernel32:KERNEL32.dll
 0002:000000b0       __imp_GetModuleHandleW     00000001800120b0     kernel32:KERNEL32.dll
 0002:000000b8       __imp_RtlPcToFileHeader    00000001800120b8     kernel32:KERNEL32.dll
 0002:000000c0       __imp_EncodePointer        00000001800120c0     kernel32:KERNEL32.dll
 0002:000000c8       __imp_RaiseException       00000001800120c8     kernel32:KERNEL32.dll
 0002:000000d0       __imp_RtlUnwindEx          00000001800120d0     kernel32:KERNEL32.dll
 0002:000000d8       __imp_InterlockedFlushSList 00000001800120d8     kernel32:KERNEL32.dll
 0002:000000e0       __imp_GetLastError         00000001800120e0     kernel32:KERNEL32.dll
 0002:000000e8       __imp_SetLastError         00000001800120e8     kernel32:KERNEL32.dll
 0002:000000f0       __imp_EnterCriticalSection 00000001800120f0     kernel32:KERNEL32.dll
 0002:000000f8       __imp_LeaveCriticalSection 00000001800120f8     kernel32:KERNEL32.dll
 0002:00000100       __imp_DeleteCriticalSection 0000000180012100     kernel32:KERNEL32.dll
 0002:00000108       __imp_InitializeCriticalSectionAndSpinCount 0000000180012108     kernel32:KERNEL32.dll
 0002:00000110       __imp_TlsAlloc             0000000180012110     kernel32:KERNEL32.dll
 0002:00000118       __imp_TlsGetValue          0000000180012118     kernel32:KERNEL32.dll
 0002:00000120       __imp_TlsSetValue          0000000180012120     kernel32:KERNEL32.dll
 0002:00000128       __imp_TlsFree              0000000180012128     kernel32:KERNEL32.dll
 0002:00000130       __imp_FreeLibrary          0000000180012130     kernel32:KERNEL32.dll
 0002:00000138       __imp_GetProcAddress       0000000180012138     kernel32:KERNEL32.dll
 0002:00000140       __imp_LoadLibraryExW       0000000180012140     kernel32:KERNEL32.dll
 0002:00000148       __imp_ExitProcess          0000000180012148     kernel32:KERNEL32.dll
 0002:00000150       __imp_GetModuleHandleExW   0000000180012150     kernel32:KERNEL32.dll
 0002:00000158       __imp_GetModuleFileNameA   0000000180012158     kernel32:KERNEL32.dll
 0002:00000160       __imp_MultiByteToWideChar  0000000180012160     kernel32:KERNEL32.dll
 0002:00000168       __imp_WideCharToMultiByte  0000000180012168     kernel32:KERNEL32.dll
 0002:00000170       __imp_HeapFree             0000000180012170     kernel32:KERNEL32.dll
 0002:00000178       __imp_HeapAlloc            0000000180012178     kernel32:KERNEL32.dll
 0002:00000180       __imp_GetACP               0000000180012180     kernel32:KERNEL32.dll
 0002:00000188       __imp_LCMapStringW         0000000180012188     kernel32:KERNEL32.dll
 0002:00000190       __imp_FindClose            0000000180012190     kernel32:KERNEL32.dll
 0002:00000198       __imp_FindFirstFileExA     0000000180012198     kernel32:KERNEL32.dll
 0002:000001a0       __imp_FindNextFileA        00000001800121a0     kernel32:KERNEL32.dll
 0002:000001a8       __imp_IsValidCodePage      00000001800121a8     kernel32:KERNEL32.dll
 0002:000001b0       __imp_GetOEMCP             00000001800121b0     kernel32:KERNEL32.dll
 0002:000001b8       __imp_GetCPInfo            00000001800121b8     kernel32:KERNEL32.dll
 0002:000001c0       __imp_GetCommandLineA      00000001800121c0     kernel32:KERNEL32.dll
 0002:000001c8       __imp_GetCommandLineW      00000001800121c8     kernel32:KERNEL32.dll
 0002:000001d0       __imp_GetEnvironmentStringsW 00000001800121d0     kernel32:KERNEL32.dll
 0002:000001d8       __imp_FreeEnvironmentStringsW 00000001800121d8     kernel32:KERNEL32.dll
 0002:000001e0       __imp_GetProcessHeap       00000001800121e0     kernel32:KERNEL32.dll
 0002:000001e8       __imp_GetStdHandle         00000001800121e8     kernel32:KERNEL32.dll
 0002:000001f0       __imp_GetFileType          00000001800121f0     kernel32:KERNEL32.dll
 0002:000001f8       __imp_GetStringTypeW       00000001800121f8     kernel32:KERNEL32.dll
 0002:00000200       __imp_HeapSize             0000000180012200     kernel32:KERNEL32.dll
 0002:00000208       __imp_HeapReAlloc          0000000180012208     kernel32:KERNEL32.dll
 0002:00000210       __imp_SetStdHandle         0000000180012210     kernel32:KERNEL32.dll
 0002:00000218       __imp_WriteFile            0000000180012218     kernel32:KERNEL32.dll
 0002:00000220       __imp_FlushFileBuffers     0000000180012220     kernel32:KERNEL32.dll
 0002:00000228       __imp_GetConsoleCP         0000000180012228     kernel32:KERNEL32.dll
 0002:00000230       __imp_GetConsoleMode       0000000180012230     kernel32:KERNEL32.dll
 0002:00000238       __imp_SetFilePointerEx     0000000180012238     kernel32:KERNEL32.dll
 0002:00000240       __imp_LoadLibraryExA       0000000180012240     kernel32:KERNEL32.dll
 0002:00000248       \177KERNEL32_NULL_THUNK_DATA 0000000180012248     kernel32:KERNEL32.dll
 0002:00000250       __imp_interception_create_context 0000000180012250     interception:interception.dll
 0002:00000258       __imp_interception_receive 0000000180012258     interception:interception.dll
 0002:00000260       __imp_interception_destroy_context 0000000180012260     interception:interception.dll
 0002:00000268       __imp_interception_wait    0000000180012268     interception:interception.dll
 0002:00000270       __imp_interception_get_hardware_id 0000000180012270     interception:interception.dll
 0002:00000278       __imp_interception_is_mouse 0000000180012278     interception:interception.dll
 0002:00000280       __imp_interception_send    0000000180012280     interception:interception.dll
 0002:00000288       __imp_interception_set_filter 0000000180012288     interception:interception.dll
 0002:00000290       __imp_interception_is_keyboard 0000000180012290     interception:interception.dll
 0002:00000298       \177interception_NULL_THUNK_DATA 0000000180012298     interception:interception.dll
 0002:000002a0       __guard_check_icall_fptr   00000001800122a0     LIBCMT:guard_support.obj
 0002:000002a8       __guard_dispatch_icall_fptr 00000001800122a8     LIBCMT:guard_support.obj
 0002:000002b0       __xc_a                     00000001800122b0     LIBCMT:initializers.obj
 0002:000002b8       _register_addon_           00000001800122b8     profiler.obj
 0002:000002c0       __xc_z                     00000001800122c0     LIBCMT:initializers.obj
 0002:000002c8       __xi_a                     00000001800122c8     LIBCMT:initializers.obj
 0002:000002d0       __acrt_multibyte_initializer 00000001800122d0     libucrt:multibyte_initializer.obj
 0002:000002d8       __acrt_stdio_initializer   00000001800122d8     libucrt:stdio_initializer.obj
 0002:000002e0       __acrt_tran_fma3_initializer 00000001800122e0     libucrt:fma3_initializer.obj
 0002:000002e8       __xi_z                     00000001800122e8     LIBCMT:initializers.obj
 0002:000002f0       __xp_a                     00000001800122f0     LIBCMT:initializers.obj
 0002:000002f8       __acrt_locale_terminator   00000001800122f8     libucrt:locale_initializer.obj
 0002:00000300       __dcrt_console_output_terminator 0000000180012300     libucrt:console_output_initializer.obj
 0002:00000308       __acrt_stdio_terminator    0000000180012308     libucrt:stdio_initializer.obj
 0002:00000310       __xp_z                     0000000180012310     LIBCMT:initializers.obj
 0002:00000318       __xt_a                     0000000180012318     LIBCMT:initializers.obj
 0002:00000320       __xt_z                     0000000180012320     LIBCMT:initializers.obj
 0002:00000330       __sz_node_exe              0000000180012330     node:node.exe
 0002:00000348       ??_7exception@std@@6B@     0000000180012348     libcpmt:xthrow.obj
 0002:00000358       ??_C@_0BC@EOODALEL@Unknown?5exception?$AA@ 0000000180012358     libcpmt:xthrow.obj
 0002:00000378       ??_7bad_alloc@std@@6B@     0000000180012378     libcpmt:xthrow.obj
 0002:00000388       ??_C@_0P@GHFPNOJB@bad?5allocation?$AA@ 0000000180012388     libcpmt:xthrow.obj
 0002:000003a0       ??_7logic_error@std@@6B@   00000001800123a0     libcpmt:xthrow.obj
 0002:000003b8       ??_7length_error@std@@6B@  00000001800123b8     libcpmt:xthrow.obj
 0002:000003d0       ??_7out_of_range@std@@6B@  00000001800123d0     libcpmt:xthrow.obj
 0002:000003e0       _pDefaultRawDllMain        00000001800123e0     LIBCMT:dll_dllmain.obj
 0002:000003e0       _pRawDllMain               00000001800123e0     LIBCMT:dll_dllmain.obj
 0002:000003f0       ??_7type_info@@6B@         00000001800123f0     LIBCMT:std_type_info_static.obj
 0002:00000410       ??_7bad_array_new_length@std@@6B@ 0000000180012410     LIBCMT:throw_bad_alloc.obj
 0002:00000420       ??_C@_0BF@KINCDENJ@bad?5array?5new?5length?$AA@ 0000000180012420     LIBCMT:throw_bad_alloc.obj
 0002:00000438       _pDestructExceptionObject  0000000180012438     libvcruntime:frame.obj
 0002:00000448       ??_7bad_exception@std@@6B@ 0000000180012448     libvcruntime:frame.obj
 0002:00000458       ??_C@_0O@DPKOEFFH@bad?5exception?$AA@ 0000000180012458     libvcruntime:frame.obj
 0002:00000568       ??_C@_1BC@DNHGCMLG@?$AAa?$AAd?$AAv?$AAa?$AAp?$AAi?$AA3?$AA2?$AA?$AA@ 0000000180012568     libvcruntime:winapi_downlevel.obj
 0002:00000580       ??_C@_1DM@KHCHBNEB@?$AAa?$AAp?$AAi?$AA?9?$AAm?$AAs?$AA?9?$AAw?$AAi?$AAn?$AA?9?$AAc?$AAo?$AAr?$AAe?$AA?9?$AAf?$AAi?$AAb?$AAe?$AAr?$AAs?$AA?9?$AAl?$AA1?$AA?9?$AA1?$AA?9?$AA1?$AA?$AA@ 0000000180012580     libvcruntime:winapi_downlevel.obj
 0002:000005c0       ??_C@_1DK@LPPGFMPP@?$AAa?$AAp?$AAi?$AA?9?$AAm?$AAs?$AA?9?$AAw?$AAi?$AAn?$AA?9?$AAc?$AAo?$AAr?$AAe?$AA?9?$AAs?$AAy?$AAn?$AAc?$AAh?$AA?9?$AAl?$AA1?$AA?9?$AA2?$AA?9?$AA0?$AA?$AA@ 00000001800125c0     libvcruntime:winapi_downlevel.obj
 0002:00000600       ??_C@_1BC@GDMECMAK@?$AAk?$AAe?$AAr?$AAn?$AAe?$AAl?$AA3?$AA2?$AA?$AA@ 0000000180012600     libvcruntime:winapi_downlevel.obj
 0002:00000620       ??_C@_08KNHFBNJ@FlsAlloc?$AA@ 0000000180012620     libvcruntime:winapi_downlevel.obj
 0002:00000638       ??_C@_07PEJMOBNF@FlsFree?$AA@ 0000000180012638     libvcruntime:winapi_downlevel.obj
 0002:00000648       ??_C@_0M@GDNOONDI@FlsGetValue?$AA@ 0000000180012648     libvcruntime:winapi_downlevel.obj
 0002:00000660       ??_C@_0M@JCPCPOEF@FlsSetValue?$AA@ 0000000180012660     libvcruntime:winapi_downlevel.obj
 0002:00000678       ??_C@_0BM@HCFOFFN@InitializeCriticalSectionEx?$AA@ 0000000180012678     libvcruntime:winapi_downlevel.obj
 0002:000009c0       ??_C@_08EHJDFFNH@__based?$CI?$AA@ 00000001800129c0     libvcruntime:undname.obj
 0002:000009d0       ??_C@_07KOLFKCDI@__cdecl?$AA@ 00000001800129d0     libvcruntime:undname.obj
 0002:000009d8       ??_C@_08GHMPAG@__pascal?$AA@ 00000001800129d8     libvcruntime:undname.obj
 0002:000009e8       ??_C@_09IFJBGAPI@__stdcall?$AA@ 00000001800129e8     libvcruntime:undname.obj
 0002:000009f8       ??_C@_0L@NPHFGOKO@__thiscall?$AA@ 00000001800129f8     libvcruntime:undname.obj
 0002:00000a08       ??_C@_0L@JMKHOMEK@__fastcall?$AA@ 0000000180012a08     libvcruntime:undname.obj
 0002:00000a18       ??_C@_0N@BCKKPABJ@__vectorcall?$AA@ 0000000180012a18     libvcruntime:undname.obj
 0002:00000a28       ??_C@_09HIJEGCPM@__clrcall?$AA@ 0000000180012a28     libvcruntime:undname.obj
 0002:00000a34       ??_C@_06GHPCKEAG@__eabi?$AA@ 0000000180012a34     libvcruntime:undname.obj
 0002:00000a40       ??_C@_07JOMMBBKO@__ptr64?$AA@ 0000000180012a40     libvcruntime:undname.obj
 0002:00000a48       ??_C@_0L@PILCLIHE@__restrict?$AA@ 0000000180012a48     libvcruntime:undname.obj
 0002:00000a58       ??_C@_0M@GFIIJFMG@__unaligned?$AA@ 0000000180012a58     libvcruntime:undname.obj
 0002:00000a68       ??_C@_09DHDLOLLB@restrict?$CI?$AA@ 0000000180012a68     libvcruntime:undname.obj
 0002:00000a72       ??_C@_00CNPNBAHC@?$AA@     0000000180012a72     libvcruntime:undname.obj
 0002:00000a74       ??_C@_04NIHEBCM@?5new?$AA@ 0000000180012a74     libvcruntime:undname.obj
 0002:00000a80       ??_C@_07FPCDHGMM@?5delete?$AA@ 0000000180012a80     libvcruntime:undname.obj
 0002:00000a88       ??_C@_01NEMOKFLO@?$DN?$AA@ 0000000180012a88     libvcruntime:undname.obj
 0002:00000a8c       ??_C@_02GPIOPFAK@?$DO?$DO?$AA@ 0000000180012a8c     libvcruntime:undname.obj
 0002:00000a90       ??_C@_02FODMEDOG@?$DM?$DM?$AA@ 0000000180012a90     libvcruntime:undname.obj
 0002:00000a94       ??_C@_01DCLJPIOD@?$CB?$AA@ 0000000180012a94     libvcruntime:undname.obj
 0002:00000a98       ??_C@_02EGOFBIJA@?$DN?$DN?$AA@ 0000000180012a98     libvcruntime:undname.obj
 0002:00000a9c       ??_C@_02FDNJECIE@?$CB?$DN?$AA@ 0000000180012a9c     libvcruntime:undname.obj
 0002:00000aa0       ??_C@_02GPECMEKF@?$FL?$FN?$AA@ 0000000180012aa0     libvcruntime:undname.obj
 0002:00000aa8       ??_C@_08LHJFAFGD@operator?$AA@ 0000000180012aa8     libvcruntime:undname.obj
 0002:00000ab4       ??_C@_02HBOOOICD@?9?$DO?$AA@ 0000000180012ab4     libvcruntime:undname.obj
 0002:00000ab8       ??_C@_01NBENCBCI@?$CK?$AA@ 0000000180012ab8     libvcruntime:undname.obj
 0002:00000abc       ??_C@_02ECNGHCIF@?$CL?$CL?$AA@ 0000000180012abc     libvcruntime:undname.obj
 0002:00000ac0       ??_C@_02BAABKJLB@?9?9?$AA@ 0000000180012ac0     libvcruntime:undname.obj
 0002:00000ac4       ??_C@_01JOAMLHOP@?9?$AA@   0000000180012ac4     libvcruntime:undname.obj
 0002:00000ac8       ??_C@_01MIFGBAGJ@?$CL?$AA@ 0000000180012ac8     libvcruntime:undname.obj
 0002:00000acc       ??_C@_01HNPIGOCE@?$CG?$AA@ 0000000180012acc     libvcruntime:undname.obj
 0002:00000ad0       ??_C@_03MNHNFDLC@?9?$DO?$CK?$AA@ 0000000180012ad0     libvcruntime:undname.obj
 0002:00000ad4       ??_C@_01KMDKNFGN@?1?$AA@   0000000180012ad4     libvcruntime:undname.obj
 0002:00000ad8       ??_C@_01FGNFDNOH@?$CF?$AA@ 0000000180012ad8     libvcruntime:undname.obj
 0002:00000adc       ??_C@_01MNNFJEPP@?$DM?$AA@ 0000000180012adc     libvcruntime:undname.obj
 0002:00000ae0       ??_C@_02EHCHHCKH@?$DM?$DN?$AA@ 0000000180012ae0     libvcruntime:undname.obj
 0002:00000ae4       ??_C@_01PPODPGHN@?$DO?$AA@ 0000000180012ae4     libvcruntime:undname.obj
 0002:00000ae8       ??_C@_02EEKDKGMJ@?$DO?$DN?$AA@ 0000000180012ae8     libvcruntime:undname.obj
 0002:00000aec       ??_C@_01IHBHIGKO@?0?$AA@   0000000180012aec     libvcruntime:undname.obj
 0002:00000af0       ??_C@_02HCKGKOFO@?$CI?$CJ?$AA@ 0000000180012af0     libvcruntime:undname.obj
 0002:00000af4       ??_C@_01PJKLJHI@?$HO?$AA@  0000000180012af4     libvcruntime:undname.obj
 0002:00000af8       ??_C@_01JKBOJNNK@?$FO?$AA@ 0000000180012af8     libvcruntime:undname.obj
 0002:00000afc       ??_C@_01DNKMNLPK@?$HM?$AA@ 0000000180012afc     libvcruntime:undname.obj
 0002:00000b00       ??_C@_02PPKAJPJL@?$CG?$CG?$AA@ 0000000180012b00     libvcruntime:undname.obj
 0002:00000b04       ??_C@_02NONPIBCD@?$HM?$HM?$AA@ 0000000180012b04     libvcruntime:undname.obj
 0002:00000b08       ??_C@_02FPIMKNGF@?$CK?$DN?$AA@ 0000000180012b08     libvcruntime:undname.obj
 0002:00000b0c       ??_C@_02FOEOMHFC@?$CL?$DN?$AA@ 0000000180012b0c     libvcruntime:undname.obj
 0002:00000b10       ??_C@_02FKMDLLOA@?9?$DN?$AA@ 0000000180012b10     libvcruntime:undname.obj
 0002:00000b14       ??_C@_02FJEHGPIO@?1?$DN?$AA@ 0000000180012b14     libvcruntime:undname.obj
 0002:00000b18       ??_C@_02FENAOKFI@?$CF?$DN?$AA@ 0000000180012b18     libvcruntime:undname.obj
 0002:00000b1c       ??_C@_03IKFCCPFF@?$DO?$DO?$DN?$AA@ 0000000180012b1c     libvcruntime:undname.obj
 0002:00000b20       ??_C@_03CDNPDDLA@?$DM?$DM?$DN?$AA@ 0000000180012b20     libvcruntime:undname.obj
 0002:00000b24       ??_C@_02FGJGFEAB@?$CG?$DN?$AA@ 0000000180012b24     libvcruntime:undname.obj
 0002:00000b28       ??_C@_02DHLNPPGH@?$HM?$DN?$AA@ 0000000180012b28     libvcruntime:undname.obj
 0002:00000b2c       ??_C@_02MHEGNOJ@?$FO?$DN?$AA@ 0000000180012b2c     libvcruntime:undname.obj
 0002:00000b30       ??_C@_09IFPLHPGF@?$GAvftable?8?$AA@ 0000000180012b30     libvcruntime:undname.obj
 0002:00000b40       ??_C@_09BLBHBJP@?$GAvbtable?8?$AA@ 0000000180012b40     libvcruntime:undname.obj
 0002:00000b50       ??_C@_07FEEIOKP@?$GAvcall?8?$AA@ 0000000180012b50     libvcruntime:undname.obj
 0002:00000b58       ??_C@_08LLFFHHDJ@?$GAtypeof?8?$AA@ 0000000180012b58     libvcruntime:undname.obj
 0002:00000b68       ??_C@_0BF@KDPPACIK@?$GAlocal?5static?5guard?8?$AA@ 0000000180012b68     libvcruntime:undname.obj
 0002:00000b80       ??_C@_08OBABFOLI@?$GAstring?8?$AA@ 0000000180012b80     libvcruntime:undname.obj
 0002:00000b90       ??_C@_0BD@JDLKDPAB@?$GAvbase?5destructor?8?$AA@ 0000000180012b90     libvcruntime:undname.obj
 0002:00000ba8       ??_C@_0BN@DEGPLNFK@?$GAvector?5deleting?5destructor?8?$AA@ 0000000180012ba8     libvcruntime:undname.obj
 0002:00000bc8       ??_C@_0BO@OBMKPJIG@?$GAdefault?5constructor?5closure?8?$AA@ 0000000180012bc8     libvcruntime:undname.obj
 0002:00000be8       ??_C@_0BN@IMDCHIKM@?$GAscalar?5deleting?5destructor?8?$AA@ 0000000180012be8     libvcruntime:undname.obj
 0002:00000c08       ??_C@_0BO@PFGOCPJJ@?$GAvector?5constructor?5iterator?8?$AA@ 0000000180012c08     libvcruntime:undname.obj
 0002:00000c28       ??_C@_0BN@LFPFMEDL@?$GAvector?5destructor?5iterator?8?$AA@ 0000000180012c28     libvcruntime:undname.obj
 0002:00000c48       ??_C@_0CE@IKBNEHA@?$GAvector?5vbase?5constructor?5iterat@ 0000000180012c48     libvcruntime:undname.obj
 0002:00000c70       ??_C@_0BL@NILFHHPC@?$GAvirtual?5displacement?5map?8?$AA@ 0000000180012c70     libvcruntime:undname.obj
 0002:00000c90       ??_C@_0CB@JONCMFFK@?$GAeh?5vector?5constructor?5iterator?8@ 0000000180012c90     libvcruntime:undname.obj
 0002:00000cb8       ??_C@_0CA@GCEOPDGL@?$GAeh?5vector?5destructor?5iterator?8?$AA@ 0000000180012cb8     libvcruntime:undname.obj
 0002:00000cd8       ??_C@_0CH@OOJPLCPH@?$GAeh?5vector?5vbase?5constructor?5ite@ 0000000180012cd8     libvcruntime:undname.obj
 0002:00000d00       ??_C@_0BL@LLKPOHJI@?$GAcopy?5constructor?5closure?8?$AA@ 0000000180012d00     libvcruntime:undname.obj
 0002:00000d20       ??_C@_0BA@KBCDOMBN@?$GAudt?5returning?8?$AA@ 0000000180012d20     libvcruntime:undname.obj
 0002:00000d30       ??_C@_03KLGMFNMG@?$GAEH?$AA@ 0000000180012d30     libvcruntime:undname.obj
 0002:00000d34       ??_C@_05KHLCHHI@?$GARTTI?$AA@ 0000000180012d34     libvcruntime:undname.obj
 0002:00000d40       ??_C@_0BA@KKLDJDLB@?$GAlocal?5vftable?8?$AA@ 0000000180012d40     libvcruntime:undname.obj
 0002:00000d50       ??_C@_0CE@IIHCMGGL@?$GAlocal?5vftable?5constructor?5closu@ 0000000180012d50     libvcruntime:undname.obj
 0002:00000d74       ??_C@_06FHBGPFGH@?5new?$FL?$FN?$AA@ 0000000180012d74     libvcruntime:undname.obj
 0002:00000d80       ??_C@_09LBNFPBCA@?5delete?$FL?$FN?$AA@ 0000000180012d80     libvcruntime:undname.obj
 0002:00000d90       ??_C@_0P@HJKNJFNN@?$GAomni?5callsig?8?$AA@ 0000000180012d90     libvcruntime:undname.obj
 0002:00000da0       ??_C@_0BL@CNOONJFP@?$GAplacement?5delete?5closure?8?$AA@ 0000000180012da0     libvcruntime:undname.obj
 0002:00000dc0       ??_C@_0BN@CKNJLHMB@?$GAplacement?5delete?$FL?$FN?5closure?8?$AA@ 0000000180012dc0     libvcruntime:undname.obj
 0002:00000de0       ??_C@_0CG@CFDHKGGD@?$GAmanaged?5vector?5constructor?5iter@ 0000000180012de0     libvcruntime:undname.obj
 0002:00000e08       ??_C@_0CF@IMGKMJNO@?$GAmanaged?5vector?5destructor?5itera@ 0000000180012e08     libvcruntime:undname.obj
 0002:00000e30       ??_C@_0CG@HLDDJMAG@?$GAeh?5vector?5copy?5constructor?5iter@ 0000000180012e30     libvcruntime:undname.obj
 0002:00000e58       ??_C@_0CM@FCBBDIGB@?$GAeh?5vector?5vbase?5copy?5constructo@ 0000000180012e58     libvcruntime:undname.obj
 0002:00000e88       ??_C@_0BL@CLIPGLGB@?$GAdynamic?5initializer?5for?5?8?$AA@ 0000000180012e88     libvcruntime:undname.obj
 0002:00000ea8       ??_C@_0CB@PDBIFEP@?$GAdynamic?5atexit?5destructor?5for?5?8@ 0000000180012ea8     libvcruntime:undname.obj
 0002:00000ed0       ??_C@_0CD@CGAJBKEJ@?$GAvector?5copy?5constructor?5iterato@ 0000000180012ed0     libvcruntime:undname.obj
 0002:00000ef8       ??_C@_0CJ@GJELGAMM@?$GAvector?5vbase?5copy?5constructor?5i@ 0000000180012ef8     libvcruntime:undname.obj
 0002:00000f28       ??_C@_0CL@FGIJHLCE@?$GAmanaged?5vector?5copy?5constructor@ 0000000180012f28     libvcruntime:undname.obj
 0002:00000f58       ??_C@_0BM@PMGGMLDN@?$GAlocal?5static?5thread?5guard?8?$AA@ 0000000180012f58     libvcruntime:undname.obj
 0002:00000f78       ??_C@_0N@BDNMDMOL@operator?5?$CC?$CC?5?$AA@ 0000000180012f78     libvcruntime:undname.obj
 0002:00000f88       ??_C@_0BC@DAFEJGAK@?5Type?5Descriptor?8?$AA@ 0000000180012f88     libvcruntime:undname.obj
 0002:00000fa0       ??_C@_0BM@LDKODKLH@?5Base?5Class?5Descriptor?5at?5?$CI?$AA@ 0000000180012fa0     libvcruntime:undname.obj
 0002:00000fc0       ??_C@_0BD@LGICGFMM@?5Base?5Class?5Array?8?$AA@ 0000000180012fc0     libvcruntime:undname.obj
 0002:00000fd8       ??_C@_0BN@MECKDCOJ@?5Class?5Hierarchy?5Descriptor?8?$AA@ 0000000180012fd8     libvcruntime:undname.obj
 0002:00000ff8       ??_C@_0BK@CFCOFLF@?5Complete?5Object?5Locator?8?$AA@ 0000000180012ff8     libvcruntime:undname.obj
 0002:00001020       __acrt_exception_action_table 0000000180013020     libucrt:exception_filter.obj
 0002:000010e0       __acrt_signal_action_table_count 00000001800130e0     libucrt:exception_filter.obj
 0002:000010e8       __acrt_signal_action_first_fpe_index 00000001800130e8     libucrt:exception_filter.obj
 0002:000010f0       __acrt_signal_action_fpe_count 00000001800130f0     libucrt:exception_filter.obj
 0002:000010f8       ??_C@_1BI@BGOHAHKC@?$AAm?$AAs?$AAc?$AAo?$AAr?$AAe?$AAe?$AA?4?$AAd?$AAl?$AAl?$AA?$AA@ 00000001800130f8     libucrt:exit.obj
 0002:00001110       ??_C@_0P@MIGLKIOC@CorExitProcess?$AA@ 0000000180013110     libucrt:exit.obj
 0002:00001380       __lc_time_c                0000000180013380     libucrt:nlsdata.obj
 0002:00001640       ??_C@_03KOEHGMDN@Sun?$AA@  0000000180013640     libucrt:nlsdata.obj
 0002:00001644       ??_C@_03PDAGKDH@Mon?$AA@   0000000180013644     libucrt:nlsdata.obj
 0002:00001648       ??_C@_03NAGEINEP@Tue?$AA@  0000000180013648     libucrt:nlsdata.obj
 0002:0000164c       ??_C@_03MHOMLAJA@Wed?$AA@  000000018001364c     libucrt:nlsdata.obj
 0002:00001650       ??_C@_03IOFIKPDN@Thu?$AA@  0000000180013650     libucrt:nlsdata.obj
 0002:00001654       ??_C@_03IDIOELNC@Fri?$AA@  0000000180013654     libucrt:nlsdata.obj
 0002:00001658       ??_C@_03FEFJNEK@Sat?$AA@   0000000180013658     libucrt:nlsdata.obj
 0002:0000165c       ??_C@_06OOPIFAJ@Sunday?$AA@ 000000018001365c     libucrt:nlsdata.obj
 0002:00001664       ??_C@_06JLEDEDGH@Monday?$AA@ 0000000180013664     libucrt:nlsdata.obj
 0002:00001670       ??_C@_07BAAGCFCM@Tuesday?$AA@ 0000000180013670     libucrt:nlsdata.obj
 0002:00001678       ??_C@_09DLIGFAKA@Wednesday?$AA@ 0000000180013678     libucrt:nlsdata.obj
 0002:00001688       ??_C@_08HACCIKIA@Thursday?$AA@ 0000000180013688     libucrt:nlsdata.obj
 0002:00001694       ??_C@_06JECMNKMI@Friday?$AA@ 0000000180013694     libucrt:nlsdata.obj
 0002:000016a0       ??_C@_08INBOOONO@Saturday?$AA@ 00000001800136a0     libucrt:nlsdata.obj
 0002:000016ac       ??_C@_03JIHJHPIE@Jan?$AA@  00000001800136ac     libucrt:nlsdata.obj
 0002:000016b0       ??_C@_03HJBDCHOM@Feb?$AA@  00000001800136b0     libucrt:nlsdata.obj
 0002:000016b4       ??_C@_03ODNJBKGA@Mar?$AA@  00000001800136b4     libucrt:nlsdata.obj
 0002:000016b8       ??_C@_03LEOLGMJP@Apr?$AA@  00000001800136b8     libucrt:nlsdata.obj
 0002:000016bc       ??_C@_03CNMDKL@May?$AA@    00000001800136bc     libucrt:nlsdata.obj
 0002:000016c0       ??_C@_03IDFGHECI@Jun?$AA@  00000001800136c0     libucrt:nlsdata.obj
 0002:000016c4       ??_C@_03LBGABGKK@Jul?$AA@  00000001800136c4     libucrt:nlsdata.obj
 0002:000016c8       ??_C@_03IFJFEIGA@Aug?$AA@  00000001800136c8     libucrt:nlsdata.obj
 0002:000016cc       ??_C@_03GGCAPAJC@Sep?$AA@  00000001800136cc     libucrt:nlsdata.obj
 0002:000016d0       ??_C@_03BMAOKBAD@Oct?$AA@  00000001800136d0     libucrt:nlsdata.obj
 0002:000016d4       ??_C@_03JPJOFNIA@Nov?$AA@  00000001800136d4     libucrt:nlsdata.obj
 0002:000016d8       ??_C@_03MKABNOCG@Dec?$AA@  00000001800136d8     libucrt:nlsdata.obj
 0002:000016e0       ??_C@_07CGJPFGJA@January?$AA@ 00000001800136e0     libucrt:nlsdata.obj
 0002:000016e8       ??_C@_08GNJGEPFN@February?$AA@ 00000001800136e8     libucrt:nlsdata.obj
 0002:000016f4       ??_C@_05HPCKOFNC@March?$AA@ 00000001800136f4     libucrt:nlsdata.obj
 0002:000016fc       ??_C@_05DMJDNLEJ@April?$AA@ 00000001800136fc     libucrt:nlsdata.obj
 0002:00001704       ??_C@_04CNLMGBGM@June?$AA@ 0000000180013704     libucrt:nlsdata.obj
 0002:0000170c       ??_C@_04MIEPOIFP@July?$AA@ 000000018001370c     libucrt:nlsdata.obj
 0002:00001714       ??_C@_06LBBHFDDG@August?$AA@ 0000000180013714     libucrt:nlsdata.obj
 0002:00001720       ??_C@_09BHHEALKD@September?$AA@ 0000000180013720     libucrt:nlsdata.obj
 0002:00001730       ??_C@_07JJNFCEND@October?$AA@ 0000000180013730     libucrt:nlsdata.obj
 0002:00001738       ??_C@_08HCHEGEOA@November?$AA@ 0000000180013738     libucrt:nlsdata.obj
 0002:00001748       ??_C@_08EDHMEBNP@December?$AA@ 0000000180013748     libucrt:nlsdata.obj
 0002:00001754       ??_C@_02DEDBPAFC@AM?$AA@   0000000180013754     libucrt:nlsdata.obj
 0002:00001758       ??_C@_02CJNFDJBF@PM?$AA@   0000000180013758     libucrt:nlsdata.obj
 0002:00001760       ??_C@_08BPBNCDIB@MM?1dd?1yy?$AA@ 0000000180013760     libucrt:nlsdata.obj
 0002:00001770       ??_C@_0BE@CKGJFCPC@dddd?0?5MMMM?5dd?0?5yyyy?$AA@ 0000000180013770     libucrt:nlsdata.obj
 0002:00001788       ??_C@_08JCCMCCIL@HH?3mm?3ss?$AA@ 0000000180013788     libucrt:nlsdata.obj
 0002:00001798       ??_C@_17MBGCMIPB@?$AAS?$AAu?$AAn?$AA?$AA@ 0000000180013798     libucrt:nlsdata.obj
 0002:000017a0       ??_C@_17KBOMKBF@?$AAM?$AAo?$AAn?$AA?$AA@ 00000001800137a0     libucrt:nlsdata.obj
 0002:000017a8       ??_C@_17BMKGEGOJ@?$AAT?$AAu?$AAe?$AA?$AA@ 00000001800137a8     libucrt:nlsdata.obj
 0002:000017b0       ??_C@_17CJEDCEPE@?$AAW?$AAe?$AAd?$AA?$AA@ 00000001800137b0     libucrt:nlsdata.obj
 0002:000017b8       ??_C@_17PDPHAADD@?$AAT?$AAh?$AAu?$AA?$AA@ 00000001800137b8     libucrt:nlsdata.obj
 0002:000017c0       ??_C@_17HFOLPPLP@?$AAF?$AAr?$AAi?$AA?$AA@ 00000001800137c0     libucrt:nlsdata.obj
 0002:000017c8       ??_C@_17GGIBDPIH@?$AAS?$AAa?$AAt?$AA?$AA@ 00000001800137c8     libucrt:nlsdata.obj
 0002:000017d0       ??_C@_1O@IHNHDHPB@?$AAS?$AAu?$AAn?$AAd?$AAa?$AAy?$AA?$AA@ 00000001800137d0     libucrt:nlsdata.obj
 0002:000017e0       ??_C@_1O@MMNBFLIA@?$AAM?$AAo?$AAn?$AAd?$AAa?$AAy?$AA?$AA@ 00000001800137e0     libucrt:nlsdata.obj
 0002:000017f0       ??_C@_1BA@ENFBFFEK@?$AAT?$AAu?$AAe?$AAs?$AAd?$AAa?$AAy?$AA?$AA@ 00000001800137f0     libucrt:nlsdata.obj
 0002:00001800       ??_C@_1BE@EBOGMDOH@?$AAW?$AAe?$AAd?$AAn?$AAe?$AAs?$AAd?$AAa?$AAy?$AA?$AA@ 0000000180013800     libucrt:nlsdata.obj
 0002:00001818       ??_C@_1BC@HHMNLIHE@?$AAT?$AAh?$AAu?$AAr?$AAs?$AAd?$AAa?$AAy?$AA?$AA@ 0000000180013818     libucrt:nlsdata.obj
 0002:00001830       ??_C@_1O@PDICJHAG@?$AAF?$AAr?$AAi?$AAd?$AAa?$AAy?$AA?$AA@ 0000000180013830     libucrt:nlsdata.obj
 0002:00001840       ??_C@_1BC@ENMNNPAJ@?$AAS?$AAa?$AAt?$AAu?$AAr?$AAd?$AAa?$AAy?$AA?$AA@ 0000000180013840     libucrt:nlsdata.obj
 0002:00001858       ??_C@_17DKNBKCHM@?$AAJ?$AAa?$AAn?$AA?$AA@ 0000000180013858     libucrt:nlsdata.obj
 0002:00001860       ??_C@_17LMDJEKJN@?$AAF?$AAe?$AAb?$AA?$AA@ 0000000180013860     libucrt:nlsdata.obj
 0002:00001868       ??_C@_17CKNLEDEC@?$AAM?$AAa?$AAr?$AA?$AA@ 0000000180013868     libucrt:nlsdata.obj
 0002:00001870       ??_C@_17LFPOIHDD@?$AAA?$AAp?$AAr?$AA?$AA@ 0000000180013870     libucrt:nlsdata.obj
 0002:00001878       ??_C@_17PNNKMEED@?$AAM?$AAa?$AAy?$AA?$AA@ 0000000180013878     libucrt:nlsdata.obj
 0002:00001880       ??_C@_17KCJGOCPB@?$AAJ?$AAu?$AAn?$AA?$AA@ 0000000180013880     libucrt:nlsdata.obj
 0002:00001888       ??_C@_17IJPCKHK@?$AAJ?$AAu?$AAl?$AA?$AA@ 0000000180013888     libucrt:nlsdata.obj
 0002:00001890       ??_C@_17ICPELBCN@?$AAA?$AAu?$AAg?$AA?$AA@ 0000000180013890     libucrt:nlsdata.obj
 0002:00001898       ??_C@_17HCHCOKMG@?$AAS?$AAe?$AAp?$AA?$AA@ 0000000180013898     libucrt:nlsdata.obj
 0002:000018a0       ??_C@_17FNLKOI@?$AAO?$AAc?$AAt?$AA?$AA@ 00000001800138a0     libucrt:nlsdata.obj
 0002:000018a8       ??_C@_17BBDMLCIG@?$AAN?$AAo?$AAv?$AA?$AA@ 00000001800138a8     libucrt:nlsdata.obj
 0002:000018b0       ??_C@_17EGKACKIF@?$AAD?$AAe?$AAc?$AA?$AA@ 00000001800138b0     libucrt:nlsdata.obj
 0002:000018b8       ??_C@_1BA@EFMEIEBA@?$AAJ?$AAa?$AAn?$AAu?$AAa?$AAr?$AAy?$AA?$AA@ 00000001800138b8     libucrt:nlsdata.obj
 0002:000018c8       ??_C@_1BC@JGDDFFAM@?$AAF?$AAe?$AAb?$AAr?$AAu?$AAa?$AAr?$AAy?$AA?$AA@ 00000001800138c8     libucrt:nlsdata.obj
 0002:000018e0       ??_C@_1M@IKEENEDF@?$AAM?$AAa?$AAr?$AAc?$AAh?$AA?$AA@ 00000001800138e0     libucrt:nlsdata.obj
 0002:000018f0       ??_C@_1M@GJNLMHFD@?$AAA?$AAp?$AAr?$AAi?$AAl?$AA?$AA@ 00000001800138f0     libucrt:nlsdata.obj
 0002:00001900       ??_C@_19EPFLPGAP@?$AAJ?$AAu?$AAn?$AAe?$AA?$AA@ 0000000180013900     libucrt:nlsdata.obj
 0002:00001910       ??_C@_19BIFMLPCD@?$AAJ?$AAu?$AAl?$AAy?$AA?$AA@ 0000000180013910     libucrt:nlsdata.obj
 0002:00001920       ??_C@_1O@PAHLKOAC@?$AAA?$AAu?$AAg?$AAu?$AAs?$AAt?$AA?$AA@ 0000000180013920     libucrt:nlsdata.obj
 0002:00001930       ??_C@_1BE@DKAAMBJL@?$AAS?$AAe?$AAp?$AAt?$AAe?$AAm?$AAb?$AAe?$AAr?$AA?$AA@ 0000000180013930     libucrt:nlsdata.obj
 0002:00001948       ??_C@_1BA@EPANDLNG@?$AAO?$AAc?$AAt?$AAo?$AAb?$AAe?$AAr?$AA?$AA@ 0000000180013948     libucrt:nlsdata.obj
 0002:00001958       ??_C@_1BC@BGLIFPF@?$AAN?$AAo?$AAv?$AAe?$AAm?$AAb?$AAe?$AAr?$AA?$AA@ 0000000180013958     libucrt:nlsdata.obj
 0002:00001970       ??_C@_1BC@FEMKIFH@?$AAD?$AAe?$AAc?$AAe?$AAm?$AAb?$AAe?$AAr?$AA?$AA@ 0000000180013970     libucrt:nlsdata.obj
 0002:00001984       ??_C@_15ODEHAHHF@?$AAA?$AAM?$AA?$AA@ 0000000180013984     libucrt:nlsdata.obj
 0002:0000198c       ??_C@_15CLMNNGEL@?$AAP?$AAM?$AA?$AA@ 000000018001398c     libucrt:nlsdata.obj
 0002:00001998       ??_C@_1BC@IEBCMHCM@?$AAM?$AAM?$AA?1?$AAd?$AAd?$AA?1?$AAy?$AAy?$AA?$AA@ 0000000180013998     libucrt:nlsdata.obj
 0002:000019b0       ??_C@_1CI@KNAKOEBC@?$AAd?$AAd?$AAd?$AAd?$AA?0?$AA?5?$AAM?$AAM?$AAM?$AAM?$AA?5?$AAd?$AAd?$AA?0?$AA?5?$AAy?$AAy?$AAy?$AAy?$AA?$AA@ 00000001800139b0     libucrt:nlsdata.obj
 0002:000019d8       ??_C@_1BC@GDGBMEMK@?$AAH?$AAH?$AA?3?$AAm?$AAm?$AA?3?$AAs?$AAs?$AA?$AA@ 00000001800139d8     libucrt:nlsdata.obj
 0002:000019f0       ??_C@_1M@BMHNFIME@?$AAe?$AAn?$AA?9?$AAU?$AAS?$AA?$AA@ 00000001800139f0     libucrt:nlsdata.obj
 0002:00001aa0       ??_C@_1EG@CNNIPFIM@?$AAa?$AAp?$AAi?$AA?9?$AAm?$AAs?$AA?9?$AAw?$AAi?$AAn?$AA?9?$AAa?$AAp?$AAp?$AAm?$AAo?$AAd?$AAe?$AAl?$AA?9?$AAr?$AAu?$AAn?$AAt?$AAi?$AAm?$AAe?$AA?9?$AAl?$AA1?$AA?9?$AA1@ 0000000180013aa0     libucrt:winapi_thunks.obj
 0002:00001af0       ??_C@_1EA@JGEFHKEI@?$AAa?$AAp?$AAi?$AA?9?$AAm?$AAs?$AA?9?$AAw?$AAi?$AAn?$AA?9?$AAc?$AAo?$AAr?$AAe?$AA?9?$AAd?$AAa?$AAt?$AAe?$AAt?$AAi?$AAm?$AAe?$AA?9?$AAl?$AA1?$AA?9?$AA1?$AA?9?$AA1?$AA?$AA@ 0000000180013af0     libucrt:winapi_thunks.obj
 0002:00001b30       ??_C@_1DI@GCIAAENM@?$AAa?$AAp?$AAi?$AA?9?$AAm?$AAs?$AA?9?$AAw?$AAi?$AAn?$AA?9?$AAc?$AAo?$AAr?$AAe?$AA?9?$AAf?$AAi?$AAl?$AAe?$AA?9?$AAl?$AA2?$AA?9?$AA1?$AA?9?$AA1?$AA?$AA@ 0000000180013b30     libucrt:winapi_thunks.obj
[...]
 0004:00000bdc       $pdata$__acrt_initialize_lowio 000000018001fbdc     libucrt:ioinit.obj
 0004:00000be8       $pdata$__acrt_uninitialize_lowio 000000018001fbe8     libucrt:ioinit.obj
 0004:00000bf4       $pdata$__acrt_execute_initializers 000000018001fbf4     libucrt:shared_initialization.obj
 0004:00000c00       $pdata$__acrt_execute_uninitializers 000000018001fc00     libucrt:shared_initialization.obj
 0004:00000c0c       $pdata$??$?RV<lambda_c36588078e9f5dfd39652860aa6b3aaf>@@AEAV<lambda_ec61778202f4f5fc7e7711acc23c3bca>@@V<lambda_dc9d2797ccde5d239b4a0efae8ebd7db>@@@?$__crt_seh_guarded_call@P6AXH@Z@@QEAAP6AXH@Z$$QEAV<lambda_c36588078e9f5dfd39652860aa6b3aaf>@@AEAV<lambda_ec61778202f4f5fc7e7711acc23c3bca>@@$$QEAV<lambda_dc9d2797ccde5d239b4a0efae8ebd7db>@@@Z 000000018001fc0c     libucrt:signal.obj
 0004:00000c18       $pdata$__acrt_get_sigabrt_handler 000000018001fc18     libucrt:signal.obj
 0004:00000c24       $pdata$raise               000000018001fc24     libucrt:signal.obj
 0004:00000c30       $pdata$__acrt_invoke_user_matherr 000000018001fc30     libucrt:matherr.obj
 0004:00000c3c       $pdata$_mbtowc_l           000000018001fc3c     libucrt:mbtowc.obj
 0004:00000c48       $pdata$_fileno             000000018001fc48     libucrt:fileno.obj
 0004:00000c54       $pdata$__acrt_initialize_stdio 000000018001fc54     libucrt:_file.obj
 0004:00000c60       $pdata$__acrt_uninitialize_stdio 000000018001fc60     libucrt:_file.obj
 0004:00000c6c       $pdata$__pctype_func       000000018001fc6c     libucrt:ctype.obj
 0004:00000c78       $pdata$_isctype_l          000000018001fc78     libucrt:isctype.obj
 0004:00000c84       $pdata$__acrt_free_locale  000000018001fc84     libucrt:locale_refcounting.obj
 0004:00000c90       $pdata$__acrt_locale_free_lc_time_if_unreferenced 000000018001fc90     libucrt:locale_refcounting.obj
 0004:00000c9c       $pdata$__acrt_release_locale_ref 000000018001fc9c     libucrt:locale_refcounting.obj
 0004:00000ca8       $pdata$__acrt_update_thread_locale_data 000000018001fca8     libucrt:locale_refcounting.obj
 0004:00000cb4       $pdata$_updatetlocinfoEx_nolock 000000018001fcb4     libucrt:locale_refcounting.obj
 0004:00000cc0       $pdata$_isleadbyte_l       000000018001fcc0     libucrt:_wctype.obj
 0004:00000ccc       $pdata$?__acrt_LCMapStringA_stat@@YAHPEAU__crt_locale_pointers@@PEB_WKPEBDHPEADHHH@Z 000000018001fccc     libucrt:lcmapstringa.obj
 0004:00000cd8       $pdata$__acrt_LCMapStringA 000000018001fcd8     libucrt:lcmapstringa.obj
 0004:00000ce4       $pdata$__acrt_locale_free_monetary 000000018001fce4     libucrt:initmon.obj
 0004:00000cf0       $pdata$__acrt_locale_free_numeric 000000018001fcf0     libucrt:initnum.obj
 0004:00000cfc       $pdata$?free_crt_array_internal@@YAXQEAPEBX_K@Z 000000018001fcfc     libucrt:inittime.obj
 0004:00000d08       $pdata$__acrt_locale_free_time 000000018001fd08     libucrt:inittime.obj
 0004:00000d14       $pdata$__acrt_GetStringTypeA 000000018001fd14     libucrt:getstringtypea.obj
 0004:00000d20       $pdata$?GetTableIndexFromLocaleName@@YAHPEB_W@Z 000000018001fd20     libucrt:lcidtoname_downlevel.obj
 0004:00000d2c       $pdata$__acrt_DownlevelLocaleNameToLCID 000000018001fd2c     libucrt:lcidtoname_downlevel.obj
 0004:00000d38       $pdata$?shortsort@@YAXPEAD0_KP6AHPEBX2@Z@Z 000000018001fd38     libucrt:qsort.obj
 0004:00000d44       $pdata$2$?shortsort@@YAXPEAD0_KP6AHPEBX2@Z@Z 000000018001fd44     libucrt:qsort.obj
 0004:00000d50       $pdata$3$?shortsort@@YAXPEAD0_KP6AHPEBX2@Z@Z 000000018001fd50     libucrt:qsort.obj
 0004:00000d5c       $pdata$qsort               000000018001fd5c     libucrt:qsort.obj
 0004:00000d68       $pdata$4$qsort             000000018001fd68     libucrt:qsort.obj
 0004:00000d74       $pdata$5$qsort             000000018001fd74     libucrt:qsort.obj
 0004:00000d80       $pdata$strncpy_s           000000018001fd80     libucrt:strncpy_s.obj
 0004:00000d8c       $pdata$strpbrk             000000018001fd8c     libucrt:strpbrk.obj
 0004:00000d98       $pdata$_mbsdec_l           000000018001fd98     libucrt:mbsdec.obj
 0004:00000da4       $pdata$?initialize_multibyte@@YAHXZ 000000018001fda4     libucrt:multibyte_initializer.obj
 0004:00000db0       $pdata$_msize              000000018001fdb0     libucrt:msize.obj
 0004:00000dbc       $pdata$_realloc_base       000000018001fdbc     libucrt:realloc_base.obj
 0004:00000dc8       $pdata$__acrt_lowio_create_handle_array 000000018001fdc8     libucrt:osfinfo.obj
 0004:00000dd4       $pdata$__acrt_lowio_destroy_handle_array 000000018001fdd4     libucrt:osfinfo.obj
 0004:00000de0       $pdata$__acrt_lowio_ensure_fh_exists 000000018001fde0     libucrt:osfinfo.obj
 0004:00000dec       $pdata$_free_osfhnd        000000018001fdec     libucrt:osfinfo.obj
 0004:00000df8       $pdata$_get_osfhandle      000000018001fdf8     libucrt:osfinfo.obj
 0004:00000e04       $pdata$_isatty             000000018001fe04     libucrt:isatty.obj
 0004:00000e10       $pdata$__acrt_stdio_flush_nolock 000000018001fe10     libucrt:fflush.obj
 0004:00000e1c       $pdata$_fflush_nolock      000000018001fe1c     libucrt:fflush.obj
 0004:00000e28       $pdata$common_flush_all    000000018001fe28     libucrt:fflush.obj
 0004:00000e34       $pdata$_fcloseall          000000018001fe34     libucrt:closeall.obj
 0004:00000e40       $pdata$__acrt_stdio_free_buffer_nolock 000000018001fe40     libucrt:_freebuf.obj
 0004:00000e4c       $pdata$??$?RV<lambda_b521505b218e5242e90febf6bfebc422>@@AEAV<lambda_6978c1fb23f02e42e1d9e99668cc68aa>@@V<lambda_314360699dd331753a4119843814e9a7>@@@?$__crt_seh_guarded_call@H@@QEAAH$$QEAV<lambda_b521505b218e5242e90febf6bfebc422>@@AEAV<lambda_6978c1fb23f02e42e1d9e99668cc68aa>@@$$QEAV<lambda_314360699dd331753a4119843814e9a7>@@@Z 000000018001fe4c     libucrt:commit.obj
 0004:00000e58       $pdata$_commit             000000018001fe58     libucrt:commit.obj
 0004:00000e64       $pdata$?write_double_translated_ansi_nolock@@YA?AUwrite_result@?A0x9c548279@@HQEBDI@Z 000000018001fe64     libucrt:write.obj
 0004:00000e70       $pdata$?write_text_ansi_nolock@@YA?AUwrite_result@?A0x9c548279@@HQEBDI@Z 000000018001fe70     libucrt:write.obj
 0004:00000e7c       $pdata$?write_text_utf16le_nolock@@YA?AUwrite_result@?A0x9c548279@@HQEBDI@Z 000000018001fe7c     libucrt:write.obj
 0004:00000e88       $pdata$?write_text_utf8_nolock@@YA?AUwrite_result@?A0x9c548279@@HQEBDI@Z 000000018001fe88     libucrt:write.obj
 0004:00000e94       $pdata$_write              000000018001fe94     libucrt:write.obj
 0004:00000ea0       $pdata$_write_nolock       000000018001fea0     libucrt:write.obj
 0004:00000eb8       $pdata$??$common_lseek_nolock@_J@@YA_JH_JH@Z 000000018001feb8     libucrt:lseek.obj
 0004:00000ec4       $pdata$_fclose_nolock      000000018001fec4     libucrt:fclose.obj
 0004:00000ed0       $pdata$fclose              000000018001fed0     libucrt:fclose.obj
 0004:00000edc       $pdata$_putwch_nolock      000000018001fedc     libucrt:putwch.obj
 0004:00000ee8       $pdata$_call_matherr       000000018001fee8     libucrt:libm_error.obj
 0004:00000ef4       $pdata$_exception_enabled  000000018001fef4     libucrt:libm_error.obj
 0004:00000f00       $pdata$_handle_error       000000018001ff00     libucrt:libm_error.obj
 0004:00000f0c       $pdata$__acrt_initialize_fma3 000000018001ff0c     libucrt:fma3_available.obj
 0004:00000f18       $pdata$_log10_special      000000018001ff18     libucrt:log_special.obj
 0004:00000f24       $pdata$_log_special_common 000000018001ff24     libucrt:log_special.obj
 0004:00000f30       $pdata$??$?RV<lambda_bfedae4ebbf01fab1bb6dcc6a9e276e0>@@AEAV<lambda_2fe9b910cf3cbf4a0ab98a02ba45b3ec>@@V<lambda_237c231691f317818eb88cc1d5d642d6>@@@?$__crt_seh_guarded_call@H@@QEAAH$$QEAV<lambda_bfedae4ebbf01fab1bb6dcc6a9e276e0>@@AEAV<lambda_2fe9b910cf3cbf4a0ab98a02ba45b3ec>@@$$QEAV<lambda_237c231691f317818eb88cc1d5d642d6>@@@Z 000000018001ff30     libucrt:close.obj
 0004:00000f3c       $pdata$_close              000000018001ff3c     libucrt:close.obj
 0004:00000f48       $pdata$_close_nolock       000000018001ff48     libucrt:close.obj
 0004:00000f54       $pdata$__dcrt_lowio_initialize_console_output 000000018001ff54     libucrt:initcon.obj
 0004:00000f60       $pdata$__dcrt_terminate_console_output 000000018001ff60     libucrt:initcon.obj
 0004:00000f78       $pdata$_raise_exc          000000018001ff78     libucrt:fpexcept.obj
 0004:00000f84       $pdata$_raise_exc_ex       000000018001ff84     libucrt:fpexcept.obj
 0004:00000f90       $pdata$_set_errno_from_matherr 000000018001ff90     libucrt:fpexcept.obj
 0004:00000f9c       $pdata$_clrfp              000000018001ff9c     libucrt:fpctrl.obj
 0004:00000fa8       $pdata$_ctrlfp             000000018001ffa8     libucrt:fpctrl.obj
 0004:00000fb4       $pdata$_set_statfp         000000018001ffb4     libucrt:fpctrl.obj
 0004:00000fc0       $pdata$_statfp             000000018001ffc0     libucrt:fpctrl.obj
 0004:00000fcc       $pdata$?DloadAcquireSectionWriteAccess@@YAXXZ 000000018001ffcc     DelayImp:delayhlp.obj
 0004:00000fd8       $pdata$?DloadGetSRWLockFunctionPointers@@YAEXZ 000000018001ffd8     DelayImp:delayhlp.obj
 0004:00000fe4       $pdata$?DloadMakePermanentImageCommit@@YAXPEAX_K@Z 000000018001ffe4     DelayImp:delayhlp.obj
 0004:00000ff0       $pdata$?DloadObtainSection@@YAPEAXPEAK0@Z 000000018001fff0     DelayImp:delayhlp.obj
 0004:00000ffc       $pdata$?DloadProtectSection@@YAXKPEAK@Z 000000018001fffc     DelayImp:delayhlp.obj
 0004:00001008       $pdata$?DloadReleaseSectionWriteAccess@@YAXXZ 0000000180020008     DelayImp:delayhlp.obj
 0004:00001014       $pdata$__delayLoadHelper2  0000000180020014     DelayImp:delayhlp.obj
 0004:00001020       $pdata$_IsNonwritableInCurrentImage 0000000180020020     LIBCMT:pesect.obj
 0004:0000102c       $pdata$__GSHandlerCheck    000000018002002c     LIBCMT:_gshandler_.obj
 0004:00001038       $pdata$__GSHandlerCheckCommon 0000000180020038     LIBCMT:_gshandler_.obj
 0004:0000105c       $pdata$__GSHandlerCheck_EH 000000018002005c     LIBCMT:gshandlereh.obj
 0004:00001074       $pdata$?dtor$1@?0??GetKeyIsE0@demo@@YA_NV?$basic_string@DU?$char_traits@D@std@@V?$allocator@D@2@@std@@@Z@4HA 0000000180020074     profiler.obj
 0004:00001080       $pdata$?fin$0@?0???_M@YAXPEAX_K1P6AX0@Z@Z@4HA 0000000180020080     LIBCMT:ehvecdtr.obj
 0004:0000108c       $pdata$?filt$0@?0??__ArrayUnwind@@YAXPEAX_K1P6AX0@Z@Z@4HA 000000018002008c     LIBCMT:ehvecdtr.obj
 0004:00001098       $pdata$?fin$0@?0???_L@YAXPEAX_K1P6AX0@Z2@Z@4HA 0000000180020098     LIBCMT:ehvecctr.obj
 0004:000010a4       $pdata$?fin$0@?0??dllmain_crt_process_attach@@YAHQEAUHINSTANCE__@@QEAX@Z@4HA 00000001800200a4     LIBCMT:dll_dllmain.obj
 0004:000010b0       $pdata$?fin$0@?0??dllmain_crt_process_detach@@YAH_N@Z@4HA 00000001800200b0     LIBCMT:dll_dllmain.obj
 0004:000010bc       $pdata$?filt$0@?0??dllmain_dispatch@@YAHQEAUHINSTANCE__@@KQEAX@Z@4HA 00000001800200bc     LIBCMT:dll_dllmain.obj
 0004:000010c8       $pdata$__scrt_is_nonwritable_in_current_image$filt$0 00000001800200c8     LIBCMT:utility.obj
 0004:000010d4       $pdata$__CxxCallCatchBlock$filt$0 00000001800200d4     libvcruntime:frame.obj
 0004:000010e0       $pdata$__CxxCallCatchBlock$fin$1 00000001800200e0     libvcruntime:frame.obj
 0004:000010ec       $pdata$__DestructExceptionObject$filt$0 00000001800200ec     libvcruntime:frame.obj
 0004:000010f8       $pdata$__FrameUnwindToState$filt$0 00000001800200f8     libvcruntime:frame.obj
 0004:00001104       $pdata$__FrameUnwindToState$fin$1 0000000180020104     libvcruntime:frame.obj
 0004:00001110       $pdata$_CallSETranslator$filt$0 0000000180020110     libvcruntime:trnsctrl.obj
 0004:0000111c       $pdata$_query_new_handler$fin$0 000000018002011c     libucrt:new_handler.obj
 0004:00001128       $pdata$?filt$0@?0??common_exit@@YAXHW4_crt_exit_cleanup_mode@@W4_crt_exit_return_mode@@@Z@4HA 0000000180020128     libucrt:exit.obj
 0004:00001134       $pdata$?fin$1@?0??common_exit@@YAXHW4_crt_exit_cleanup_mode@@W4_crt_exit_return_mode@@@Z@4HA 0000000180020134     libucrt:exit.obj
 0004:00001140       $pdata$?fin$0@?0???$?RV<lambda_e24bbb7b643b32fcea6fa61b31d4c984>@@AEAV<lambda_275893d493268fdec8709772e3fcec0e>@@V<lambda_9d71df4d7cf3f480f8d633942495c3b0>@@@?$__crt_seh_guarded_call@H@@QEAAH$$QEAV<lambda_e24bbb7b643b32fcea6fa61b31d4c984>@@AEAV<lambda_275893d493268fdec8709772e3fcec0e>@@$$QEAV<lambda_9d71df4d7cf3f480f8d633942495c3b0>@@@Z@4HA 0000000180020140     libucrt:onexit.obj
 0004:0000114c       $pdata$__acrt_uninitialize_locale$fin$0 000000018002014c     libucrt:wsetlocale.obj
 0004:0000114c       $pdata$__acrt_update_thread_locale_data$fin$0 000000018002014c     libucrt:locale_refcounting.obj
 0004:00001158       $pdata$?fin$0@?0???$?RV<lambda_fb3a7dec4e47f37f22dae91bb15c9095>@@AEAV<lambda_698284760c8add0bfb0756c19673e34b>@@V<lambda_dfb8eca1e75fef3034a8fb18dd509707>@@@?$__crt_seh_guarded_call@X@@QEAAX$$QEAV<lambda_fb3a7dec4e47f37f22dae91bb15c9095>@@AEAV<lambda_698284760c8add0bfb0756c19673e34b>@@$$QEAV<lambda_dfb8eca1e75fef3034a8fb18dd509707>@@@Z@4HA 0000000180020158     libucrt:per_thread_data.obj
 0004:00001158       $pdata$?fin$0@?0???$?RV<lambda_72d1df2b273a38828b1ce30cbf4cdab5>@@AEAV<lambda_876a65b173b8412d3a47c70a915b0cf4>@@V<lambda_41932305e351933ebe8f8be3ed8bb5dc>@@@?$__crt_seh_guarded_call@X@@QEAAX$$QEAV<lambda_72d1df2b273a38828b1ce30cbf4cdab5>@@AEAV<lambda_876a65b173b8412d3a47c70a915b0cf4>@@$$QEAV<lambda_41932305e351933ebe8f8be3ed8bb5dc>@@@Z@4HA 0000000180020158     libucrt:per_thread_data.obj
 0004:00001158       $pdata$?fin$0@?0???$?RV<lambda_c36588078e9f5dfd39652860aa6b3aaf>@@AEAV<lambda_ec61778202f4f5fc7e7711acc23c3bca>@@V<lambda_dc9d2797ccde5d239b4a0efae8ebd7db>@@@?$__crt_seh_guarded_call@P6AXH@Z@@QEAAP6AXH@Z$$QEAV<lambda_c36588078e9f5dfd39652860aa6b3aaf>@@AEAV<lambda_ec61778202f4f5fc7e7711acc23c3bca>@@$$QEAV<lambda_dc9d2797ccde5d239b4a0efae8ebd7db>@@@Z@4HA 0000000180020158     libucrt:signal.obj
 0004:00001158       $pdata$?fin$0@?0???$?RV<lambda_b8c45f8f788dd370798f47cfe8ac3a86>@@AEAV<lambda_4e60a939b0d047cfe11ddc22648dfba9>@@V<lambda_332c3edc96d0294ec56c57d38c1cdfd5>@@@?$__crt_seh_guarded_call@H@@QEAAH$$QEAV<lambda_b8c45f8f788dd370798f47cfe8ac3a86>@@AEAV<lambda_4e60a939b0d047cfe11ddc22648dfba9>@@$$QEAV<lambda_332c3edc96d0294ec56c57d38c1cdfd5>@@@Z@4HA 0000000180020158     libucrt:onexit.obj
 0004:00001158       $pdata$?fin$0@?0???$?RV<lambda_99476a1ad63dd22509b5d3e65b0ffc95>@@AEAV<lambda_ad1ced32f4ac17aa236e5ef05d6b3b7c>@@V<lambda_f7424dd8d45958661754dc4f2697e9c3>@@@?$__crt_seh_guarded_call@X@@QEAAX$$QEAV<lambda_99476a1ad63dd22509b5d3e65b0ffc95>@@AEAV<lambda_ad1ced32f4ac17aa236e5ef05d6b3b7c>@@$$QEAV<lambda_f7424dd8d45958661754dc4f2697e9c3>@@@Z@4HA 0000000180020158     libucrt:mbctype.obj
 0004:00001158       $pdata$?fin$0@?0???$?RV<lambda_5e887d1dcbef67a5eb4283622ba103bf>@@AEAV<lambda_4466841279450cc726390878d4a41900>@@V<lambda_341c25c0346d94847f1f3c463c57e077>@@@?$__crt_seh_guarded_call@X@@QEAAX$$QEAV<lambda_5e887d1dcbef67a5eb4283622ba103bf>@@AEAV<lambda_4466841279450cc726390878d4a41900>@@$$QEAV<lambda_341c25c0346d94847f1f3c463c57e077>@@@Z@4HA 0000000180020158     libucrt:per_thread_data.obj
 0004:00001158       $pdata$?fin$0@?0???$?RV<lambda_46352004c1216016012b18bd6f87e700>@@AEAV<lambda_3bd07e1a1191394380780325891bf33f>@@V<lambda_334532d3f185bcaa59b5be82d7d22bff>@@@?$__crt_seh_guarded_call@X@@QEAAX$$QEAV<lambda_46352004c1216016012b18bd6f87e700>@@AEAV<lambda_3bd07e1a1191394380780325891bf33f>@@$$QEAV<lambda_334532d3f185bcaa59b5be82d7d22bff>@@@Z@4HA 0000000180020158     libucrt:per_thread_data.obj
 0004:00001164       $pdata$__acrt_update_thread_multibyte_data$fin$0 0000000180020164     libucrt:mbctype.obj
 0004:00001170       $pdata$raise$fin$0         0000000180020170     libucrt:signal.obj
 0004:0000117c       $pdata$__acrt_lowio_ensure_fh_exists$fin$0 000000018002017c     libucrt:osfinfo.obj
 0004:0000117c       $pdata$__acrt_initialize_lowio$fin$0 000000018002017c     libucrt:ioinit.obj
 0004:00001188       $pdata$common_flush_all$fin$0 0000000180020188     libucrt:fflush.obj
 0004:00001194       $pdata$common_flush_all$fin$1 0000000180020194     libucrt:fflush.obj
 0004:000011a0       $pdata$_fcloseall$fin$0    00000001800201a0     libucrt:closeall.obj
 0004:000011ac       $pdata$_write$fin$0        00000001800201ac     libucrt:write.obj
 0004:000011b8       $pdata$fclose$fin$0        00000001800201b8     libucrt:fclose.obj
 0004:000011c4       $pdata$?fin$0@?0???$?RV<lambda_b521505b218e5242e90febf6bfebc422>@@AEAV<lambda_6978c1fb23f02e42e1d9e99668cc68aa>@@V<lambda_314360699dd331753a4119843814e9a7>@@@?$__crt_seh_guarded_call@H@@QEAAH$$QEAV<lambda_b521505b218e5242e90febf6bfebc422>@@AEAV<lambda_6978c1fb23f02e42e1d9e99668cc68aa>@@$$QEAV<lambda_314360699dd331753a4119843814e9a7>@@@Z@4HA 00000001800201c4     libucrt:commit.obj
 0004:000011c4       $pdata$?fin$0@?0???$?RV<lambda_bfedae4ebbf01fab1bb6dcc6a9e276e0>@@AEAV<lambda_2fe9b910cf3cbf4a0ab98a02ba45b3ec>@@V<lambda_237c231691f317818eb88cc1d5d642d6>@@@?$__crt_seh_guarded_call@H@@QEAAH$$QEAV<lambda_bfedae4ebbf01fab1bb6dcc6a9e276e0>@@AEAV<lambda_2fe9b910cf3cbf4a0ab98a02ba45b3ec>@@$$QEAV<lambda_237c231691f317818eb88cc1d5d642d6>@@@Z@4HA 00000001800201c4     libucrt:close.obj
 0004:000011d0       $pdata$_ctrlfp$filt$0      00000001800201d0     libucrt:fpctrl.obj
 0004:000011dc       $pdata$_IsNonwritableInCurrentImage$filt$0 00000001800201dc     LIBCMT:pesect.obj
 0005:00000000       __guard_fids__             0000000180021000     libucrt:initialization.obj
 0005:00000060       __guard_fids___acrt_initialize_ptd 0000000180021060     libucrt:per_thread_data.obj
 0005:00000064       __guard_fids_??$expand_argument_wildcards@D@@YAHQEAD0AEAV?$argument_list@D@?A0xca0879c4@@@Z 0000000180021064     libucrt:argv_wildcards.obj
 0005:00000068       __guard_fids__             0000000180021068     libucrt:locale_initializer.obj
 0005:0000006c       __guard_fids__             000000018002106c     libucrt:multibyte_initializer.obj
 0005:00000070       __guard_fids__             0000000180021070     libucrt:stdio_initializer.obj
 0005:00000074       __guard_fids__             0000000180021074     libucrt:stdio_initializer.obj
 0005:00000078       __guard_fids__             0000000180021078     libucrt:fma3_initializer.obj
 0005:0000007c       __guard_fids__             000000018002107c     libucrt:console_output_initializer.obj
 0005:00000080       __guard_fids__             0000000180021080     libcpmt:xthrow.obj
 0005:00000088       __guard_fids__             0000000180021088     libcpmt:xthrow.obj
 0005:00000090       __guard_fids__             0000000180021090     libcpmt:xthrow.obj
 0005:00000098       __guard_fids__             0000000180021098     libcpmt:xthrow.obj
 0005:000000a0       __guard_fids__             00000001800210a0     libcpmt:xthrow.obj
 0005:000000a8       __guard_fids_?dllmain_crt_process_attach@@YAHQEAUHINSTANCE__@@QEAX@Z 00000001800210a8     LIBCMT:dll_dllmain.obj
 0005:000000b0       __guard_fids_?dllmain_dispatch@@YAHQEAUHINSTANCE__@@KQEAX@Z 00000001800210b0     LIBCMT:dll_dllmain.obj
 0005:000000b4       __guard_fids__             00000001800210b4     LIBCMT:std_type_info_static.obj
 0005:000000b8       __guard_fids__             00000001800210b8     LIBCMT:throw_bad_alloc.obj
 0005:000000c0       __guard_fids__             00000001800210c0     LIBCMT:guard_support.obj
 0005:000000c4       __guard_fids__             00000001800210c4     libvcruntime:frame.obj
 0005:000000c8       __guard_fids__             00000001800210c8     libvcruntime:frame.obj
 0005:000000d0       __guard_fids___vcrt_initialize_ptd 00000001800210d0     libvcruntime:per_thread_data.obj
 0005:000000d4       __guard_fids__UnwindNestedFrames 00000001800210d4     libvcruntime:trnsctrl.obj
 0006:00000060       $R000000                   0000000180022060     * linker generated manifest res *

 Exports

  ordinal    name

        1    _register_addon_
