 interception

 Timestamp is 5b33d51b (Wed Jun 27 20:19:07 2018)

 Preferred load address is 0000000180000000

 Start         Length     Name                   Class
 0001:00000000 00010ac0H .text$mn                CODE
 0001:00010ac0 00000020H .text$mn$00             CODE
 0001:00010ae0 00000510H .text$x                 CODE
 0002:00000000 00000340H .idata$5                DATA
 0002:00000340 00000010H .00cfg                  DATA
 0002:00000350 00000008H .CRT$XCA                DATA
 0002:00000358 00000008H .CRT$XCU                DATA
 0002:00000360 00000008H .CRT$XCZ                DATA
 0002:00000368 00000008H .CRT$XIA                DATA
 0002:00000370 00000018H .CRT$XIC                DATA
 0002:00000388 00000008H .CRT$XIZ                DATA
 0002:00000390 00000008H .CRT$XPA                DATA
 0002:00000398 00000010H .CRT$XPX                DATA
 0002:000003a8 00000008H .CRT$XPXA               DATA
 0002:000003b0 00000008H .CRT$XPZ                DATA
 0002:000003b8 00000008H .CRT$XTA                DATA
 0002:000003c0 00000010H .CRT$XTZ                DATA
 0002:000003c8 00000000H .gfids$y                DATA
 0002:000003d0 000076e0H .rdata                  DATA
 0002:00007ab0 0000037cH .rdata$r                DATA
 0002:00007e2c 00000334H .rdata$zzzdbg           DATA
 0002:00008160 00000008H .rtc$IAA                DATA
 0002:00008168 00000008H .rtc$IZZ                DATA
 0002:00008170 00000008H .rtc$TAA                DATA
 0002:00008178 00000008H .rtc$TZZ                DATA
 0002:00008180 00001148H .xdata                  DATA
 0002:000092c8 000001e8H .xdata$x                DATA
 0002:000094b0 00000058H .edata                  DATA
 0002:00009508 0000003cH .idata$2                DATA
 0002:00009544 00000014H .idata$3                DATA
 0002:00009558 00000340H .idata$4                DATA
 0002:00009898 00000b94H .idata$6                DATA
 0003:00000000 00000920H .data                   DATA
 0003:00000920 00000120H .data$r                 DATA
 0003:00000a40 00001200H .bss                    DATA
 0004:00000000 00001194H .pdata                  DATA
 0005:00000000 00000060H .rsrc$01                DATA
 0005:00000060 00000180H .rsrc$02                DATA

  Address         Publics by Value              Rva+Base               Lib:Object

 0000:00000000       __guard_iat_table          0000000000000000     <absolute>
 0000:00000000       __dynamic_value_reloc_table 0000000000000000     <absolute>
 0000:00000000       __hybrid_code_map          0000000000000000     <absolute>
 0000:00000000       __hybrid_code_map_count    0000000000000000     <absolute>
 0000:00000000       __guard_iat_count          0000000000000000     <absolute>
 0000:00000000       __hybrid_auxiliary_iat     0000000000000000     <absolute>
 0000:00000000       __guard_longjmp_table      0000000000000000     <absolute>
 0000:00000000       __guard_longjmp_count      0000000000000000     <absolute>
 0000:00000000       __guard_fids_count         0000000000000000     <absolute>
 0000:00000000       __enclave_config           0000000000000000     <absolute>
 0000:00000000       ___safe_se_handler_table   0000000000000000     <absolute>
 0000:00000000       ___safe_se_handler_count   0000000000000000     <absolute>
 0000:00000000       __guard_fids_table         0000000000000000     <absolute>
 0000:00000100       __guard_flags              0000000000000100     <absolute>
 0000:00000000       __ImageBase                0000000180000000     <linker-defined>
 0001:00000000       ?HandleInterception@demo@@YAXPEAUuv_work_s@@@Z 0000000180001000 f   profiler.obj
 0001:000003e0       ?HandleInterceptionComplete@demo@@YAXPEAUuv_work_s@@H@Z 00000001800013e0 f   profiler.obj
 0001:00000640       ?StartInterception@demo@@YAXAEBV?$FunctionCallbackInfo@VValue@v8@@@v8@@@Z 0000000180001640 f   profiler.obj
 0001:000007f0       ?DestroyInterception@demo@@YAXAEBV?$FunctionCallbackInfo@VValue@v8@@@v8@@@Z 00000001800017f0 f   profiler.obj
 0001:00000800       ?GetKeyIsE0@demo@@YA_NV?$basic_string@DU?$char_traits@D@std@@V?$allocator@D@2@@std@@@Z 0000000180001800 f   profiler.obj
 0001:00000b40       ?GetKeyIsMouse@demo@@YA_NV?$basic_string@DU?$char_traits@D@std@@V?$allocator@D@2@@std@@@Z 0000000180001b40 f   profiler.obj
 0001:00000d30       ?GetKeyCode@demo@@YAFV?$basic_string@DU?$char_traits@D@std@@V?$allocator@D@2@@std@@@Z 0000000180001d30 f   profiler.obj
 0001:00002a70       ?SendInterception@demo@@YAXAEBV?$FunctionCallbackInfo@VValue@v8@@@v8@@@Z 0000000180003a70 f   profiler.obj
 0001:00002f00       ?SendInterceptionDefault@demo@@YAXAEBV?$FunctionCallbackInfo@VValue@v8@@@v8@@@Z 0000000180003f00 f   profiler.obj
 0001:00002f30       ?CreateInterception@demo@@YAXAEBV?$FunctionCallbackInfo@VValue@v8@@@v8@@@Z 0000000180003f30 f   profiler.obj
 0001:00003170       ?Init@demo@@YAXV?$Local@VObject@v8@@@v8@@0@Z 0000000180004170 f   profiler.obj
 0001:00003260       ??1?$Persistent@VFunction@v8@@U?$CopyablePersistentTraits@VFunction@v8@@@2@@v8@@QEAA@XZ 0000000180004260 f i profiler.obj
 0001:00003290       ??1?$basic_string@_WU?$char_traits@_W@std@@V?$allocator@_W@2@@std@@QEAA@XZ 0000000180004290 f i profiler.obj
 0001:00003300       ?_Tidy_deallocate@?$basic_string@DU?$char_traits@D@std@@V?$allocator@D@2@@std@@QEAAXXZ 0000000180004300 f i profiler.obj
 0001:00003300       ??1?$basic_string@DU?$char_traits@D@std@@V?$allocator@D@2@@std@@QEAA@XZ 0000000180004300 f i profiler.obj
 0001:00003360       ??0?$basic_string@DU?$char_traits@D@std@@V?$allocator@D@2@@std@@QEAA@XZ 0000000180004360 f i profiler.obj
 0001:00003380       ??0?$basic_string@DU?$char_traits@D@std@@V?$allocator@D@2@@std@@QEAA@AEBV01@@Z 0000000180004380 f i profiler.obj
 0001:00003460       ?assign@?$basic_string@_WU?$char_traits@_W@std@@V?$allocator@_W@2@@std@@QEAAAEAV12@QEB_W_K@Z 0000000180004460 f i profiler.obj
 0001:000035f0       ?assign@?$basic_string@DU?$char_traits@D@std@@V?$allocator@D@2@@std@@QEAAAEAV12@QEBD_K@Z 00000001800045f0 f i profiler.obj
 0001:00003740       ?_Xlen@?$basic_string@_WU?$char_traits@_W@std@@V?$allocator@_W@2@@std@@SAXXZ 0000000180004740 f i profiler.obj
 0001:00003740       ?_Xlen@?$basic_string@DU?$char_traits@D@std@@V?$allocator@D@2@@std@@SAXXZ 0000000180004740 f i profiler.obj
 0001:00003760       ?reserve@?$basic_string@DU?$char_traits@D@std@@V?$allocator@D@2@@std@@QEAAX_K@Z 0000000180004760 f i profiler.obj
 0001:00003a7c       ??0bad_alloc@std@@QEAA@AEBV01@@Z 0000000180004a7c f i libcpmt:xthrow.obj
 0001:00003abc       ??0bad_alloc@std@@QEAA@XZ  0000000180004abc f i libcpmt:xthrow.obj
 0001:00003adc       ??0exception@std@@QEAA@AEBV01@@Z 0000000180004adc f i libcpmt:xthrow.obj
 0001:00003b14       ??0length_error@std@@QEAA@AEBV01@@Z 0000000180004b14 f i libcpmt:xthrow.obj
 0001:00003b54       ??0length_error@std@@QEAA@PEBD@Z 0000000180004b54 f i libcpmt:xthrow.obj
 0001:00003ba0       ??0logic_error@std@@QEAA@AEBV01@@Z 0000000180004ba0 f i libcpmt:xthrow.obj
 0001:00003be0       ??1length_error@std@@UEAA@XZ 0000000180004be0 f i libcpmt:xthrow.obj
 0001:00003be0       ??1bad_exception@std@@UEAA@XZ 0000000180004be0 f i libvcruntime:frame.obj
 0001:00003be0       ??1bad_alloc@std@@UEAA@XZ  0000000180004be0 f i libcpmt:xthrow.obj
 0001:00003be0       ??1bad_array_new_length@std@@UEAA@XZ 0000000180004be0 f i LIBCMT:throw_bad_alloc.obj
 0001:00003bf4       ??_Ebad_exception@std@@UEAAPEAXI@Z 0000000180004bf4 f i libvcruntime:frame.obj
 0001:00003bf4       ??_Gbad_exception@std@@UEAAPEAXI@Z 0000000180004bf4 f i libvcruntime:frame.obj
 0001:00003bf4       ??_Gbad_array_new_length@std@@UEAAPEAXI@Z 0000000180004bf4 f i LIBCMT:throw_bad_alloc.obj
 0001:00003bf4       ??_Ebad_alloc@std@@UEAAPEAXI@Z 0000000180004bf4 f i libcpmt:xthrow.obj
 0001:00003bf4       ??_Elogic_error@std@@UEAAPEAXI@Z 0000000180004bf4 f i libcpmt:xthrow.obj
 0001:00003bf4       ??_Eexception@std@@UEAAPEAXI@Z 0000000180004bf4 f i libcpmt:xthrow.obj
 0001:00003bf4       ??_Elength_error@std@@UEAAPEAXI@Z 0000000180004bf4 f i libcpmt:xthrow.obj
 0001:00003bf4       ??_Gbad_alloc@std@@UEAAPEAXI@Z 0000000180004bf4 f i libcpmt:xthrow.obj
 0001:00003bf4       ??_Glength_error@std@@UEAAPEAXI@Z 0000000180004bf4 f i libcpmt:xthrow.obj
 0001:00003bf4       ??_Glogic_error@std@@UEAAPEAXI@Z 0000000180004bf4 f i libcpmt:xthrow.obj
 0001:00003bf4       ??_Gexception@std@@UEAAPEAXI@Z 0000000180004bf4 f i libcpmt:xthrow.obj
 0001:00003bf4       ??_Ebad_array_new_length@std@@UEAAPEAXI@Z 0000000180004bf4 f i LIBCMT:throw_bad_alloc.obj
 0001:00003c38       ?_Xlength_error@std@@YAXPEBD@Z 0000000180004c38 f   libcpmt:xthrow.obj
 0001:00003c5c       ?what@exception@std@@UEBAPEBDXZ 0000000180004c5c f i libcpmt:xthrow.obj
 0001:00003c80       __security_check_cookie    0000000180004c80 f   LIBCMT:_amdsecgs_.obj
 0001:00003ca4       ??2@YAPEAX_K@Z             0000000180004ca4 f   LIBCMT:new_scalar.obj
 0001:00003ce0       ??_M@YAXPEAX_K1P6AX0@Z@Z   0000000180004ce0 f   LIBCMT:ehvecdtr.obj
 0001:00003d4c       ?__ArrayUnwind@@YAXPEAX_K1P6AX0@Z@Z 0000000180004d4c f   LIBCMT:ehvecdtr.obj
 0001:00003db0       ??3@YAXPEAX_K@Z            0000000180004db0 f   LIBCMT:delete_scalar_size.obj
 0001:00003db8       ??_L@YAXPEAX_K1P6AX0@Z2@Z  0000000180004db8 f   LIBCMT:ehvecctr.obj
 0001:00004148       _DllMainCRTStartup         0000000180005148 f   LIBCMT:dll_dllmain.obj
 0001:00004188       ??_Gtype_info@@UEAAPEAXI@Z 0000000180005188 f i LIBCMT:std_type_info_static.obj
 0001:00004188       ??_Etype_info@@UEAAPEAXI@Z 0000000180005188 f i LIBCMT:std_type_info_static.obj
 0001:000041b4       __raise_securityfailure    00000001800051b4 f   LIBCMT:gs_report.obj
 0001:000041e8       __report_gsfailure         00000001800051e8 f   LIBCMT:gs_report.obj
 0001:000042bc       __report_rangecheckfailure 00000001800052bc f   LIBCMT:gs_report.obj
 0001:000042d0       __report_securityfailure   00000001800052d0 f   LIBCMT:gs_report.obj
 0001:00004450       ??0bad_array_new_length@std@@QEAA@AEBV01@@Z 0000000180005450 f i LIBCMT:throw_bad_alloc.obj
 0001:00004490       ??0bad_array_new_length@std@@QEAA@XZ 0000000180005490 f i LIBCMT:throw_bad_alloc.obj
 0001:000044b0       ?__scrt_throw_std_bad_alloc@@YAXXZ 00000001800054b0 f   LIBCMT:throw_bad_alloc.obj
 0001:000044d0       ?__scrt_throw_std_bad_array_new_length@@YAXXZ 00000001800054d0 f   LIBCMT:throw_bad_alloc.obj
 0001:000044f0       _guard_check_icall_nop     00000001800054f0 f i LIBCMT:guard_support.obj
 0001:000044f4       ??3@YAXPEAX@Z              00000001800054f4 f   LIBCMT:delete_scalar.obj
 0001:000044fc       __security_init_cookie     00000001800054fc f   LIBCMT:gs_support.obj
 0001:000045ac       DllMain                    00000001800055ac f   LIBCMT:dll_dllmain_stub.obj
 0001:000045ac       _get_startup_argv_mode     00000001800055ac f   LIBCMT:argv_mode.obj
 0001:000045b4       ?__scrt_initialize_type_info@@YAXXZ 00000001800055b4 f   LIBCMT:tncleanup.obj
 0001:000045c4       ?__scrt_uninitialize_type_info@@YAXXZ 00000001800055c4 f   LIBCMT:tncleanup.obj
 0001:000045d0       __local_stdio_printf_options 00000001800055d0 f i LIBCMT:default_local_stdio_options.obj
 0001:000045d8       __local_stdio_scanf_options 00000001800055d8 f i LIBCMT:default_local_stdio_options.obj
 0001:000045e0       __scrt_initialize_default_local_stdio_options 00000001800055e0 f   LIBCMT:default_local_stdio_options.obj
 0001:000045fc       __scrt_acquire_startup_lock 00000001800055fc f   LIBCMT:utility.obj
 0001:00004638       __scrt_dllmain_after_initialize_c 0000000180005638 f   LIBCMT:utility.obj
 0001:0000466c       __scrt_dllmain_before_initialize_c 000000018000566c f   LIBCMT:utility.obj
 0001:00004684       __scrt_dllmain_crt_thread_attach 0000000180005684 f   LIBCMT:utility.obj
 0001:000046ac       __scrt_dllmain_crt_thread_detach 00000001800056ac f   LIBCMT:utility.obj
 0001:000046c4       __scrt_dllmain_exception_filter 00000001800056c4 f   LIBCMT:utility.obj
 0001:00004724       __scrt_dllmain_uninitialize_c 0000000180005724 f   LIBCMT:utility.obj
 0001:00004754       __scrt_dllmain_uninitialize_critical 0000000180005754 f   LIBCMT:utility.obj
 0001:00004768       __scrt_initialize_crt      0000000180005768 f   LIBCMT:utility.obj
 0001:000047b4       __scrt_initialize_onexit_tables 00000001800057b4 f   LIBCMT:utility.obj
 0001:00004890       __scrt_is_nonwritable_in_current_image 0000000180005890 f   LIBCMT:utility.obj
 0001:0000492c       __scrt_release_startup_lock 000000018000592c f   LIBCMT:utility.obj
 0001:00004950       __scrt_uninitialize_crt    0000000180005950 f   LIBCMT:utility.obj
 0001:0000497c       __scrt_get_dyn_tls_init_callback 000000018000597c f   LIBCMT:dyn_tls_init.obj
 0001:00004984       __crt_debugger_hook        0000000180005984 f   LIBCMT:utility_desktop.obj
 0001:0000498c       __scrt_fastfail            000000018000598c f   LIBCMT:utility_desktop.obj
 0001:00004ad8       _RTC_Initialize            0000000180005ad8 f   LIBCMT:_initsect_.obj
 0001:00004b14       _RTC_Terminate             0000000180005b14 f   LIBCMT:_initsect_.obj
 0001:00004b50       __isa_available_init       0000000180005b50 f   LIBCMT:_cpu_disp_.obj
 0001:00004d0c       __scrt_is_ucrt_dll_in_use  0000000180005d0c f   LIBCMT:ucrt_detection.obj
 0001:00004d18       ?_ExecutionInCatch@@YAHPEAU_xDISPATCHER_CONTEXT@@PEBU_s_FuncInfo@@@Z 0000000180005d18 f   libvcruntime:risctrnsctrl.obj
 0001:00004d8c       ?_GetEstablisherFrame@@YAPEA_KPEA_KPEAU_xDISPATCHER_CONTEXT@@PEBU_s_FuncInfo@@0@Z 0000000180005d8c f   libvcruntime:risctrnsctrl.obj
 0001:00004e58       ?_GetRangeOfTrysToCheck@@YAPEBU_s_TryBlockMapEntry@@PEA_KPEBU_s_FuncInfo@@HHPEAI2PEAU_xDISPATCHER_CONTEXT@@@Z 0000000180005e58 f   libvcruntime:risctrnsctrl.obj
 0001:00004f84       ?__FrameUnwindToEmptyState@@YAXPEA_KPEAU_xDISPATCHER_CONTEXT@@PEBU_s_FuncInfo@@@Z 0000000180005f84 f   libvcruntime:risctrnsctrl.obj
 0001:00005018       _CallSETranslator          0000000180006018 f   libvcruntime:risctrnsctrl.obj
 0001:0000506c       _CreateFrameInfo           000000018000606c f   libvcruntime:risctrnsctrl.obj
 0001:000050a8       _FindAndUnlinkFrame        00000001800060a8 f   libvcruntime:risctrnsctrl.obj
 0001:000050fc       _GetImageBase              00000001800060fc f   libvcruntime:risctrnsctrl.obj
 0001:00005110       _GetThrowImageBase         0000000180006110 f   libvcruntime:risctrnsctrl.obj
 0001:00005124       _SetImageBase              0000000180006124 f   libvcruntime:risctrnsctrl.obj
 0001:0000513c       _SetThrowImageBase         000000018000613c f   libvcruntime:risctrnsctrl.obj
 0001:00005154       _UnwindNestedFrames        0000000180006154 f   libvcruntime:risctrnsctrl.obj
 0001:00005278       __CxxFrameHandler3         0000000180006278 f   libvcruntime:risctrnsctrl.obj
 0001:000052f8       __DestructExceptionObject  00000001800062f8 f   libvcruntime:ehhelpers.obj
 0001:0000536c       ?_CallMemberFunction0@@YAXQEAX0@Z 000000018000636c f i libvcruntime:ehhelpers.obj
 0001:00005370       _IsExceptionObjectToBeDestroyed 0000000180006370 f   libvcruntime:ehhelpers.obj
 0001:000053a0       __AdjustPointer            00000001800063a0 f   libvcruntime:ehhelpers.obj
 0001:000053c4       __FrameUnwindFilter        00000001800063c4 f   libvcruntime:ehhelpers.obj
 0001:00005410       __std_terminate            0000000180006410 f   libvcruntime:ehhelpers.obj
 0001:0000541c       __std_exception_copy       000000018000641c f   libvcruntime:std_exception.obj
 0001:000054ac       __std_exception_destroy    00000001800064ac f   libvcruntime:std_exception.obj
 0001:000054d4       _CxxThrowException         00000001800064d4 f   libvcruntime:throw.obj
 0001:00005594       __C_specific_handler       0000000180006594 f   libvcruntime:_riscchandler_.obj
 0001:000057a0       __std_type_info_compare    00000001800067a0 f   libvcruntime:std_type_info.obj
 0001:000057c8       __std_type_info_destroy_list 00000001800067c8 f   libvcruntime:std_type_info.obj
 0001:000057f4       __vcrt_initialize          00000001800067f4 f   libvcruntime:initialization.obj
 0001:00005828       __vcrt_thread_attach       0000000180006828 f   libvcruntime:initialization.obj
 0001:0000583c       __vcrt_thread_detach       000000018000683c f   libvcruntime:initialization.obj
 0001:00005850       __vcrt_uninitialize        0000000180006850 f   libvcruntime:initialization.obj
 0001:00005870       __vcrt_uninitialize_critical 0000000180006870 f   libvcruntime:initialization.obj
 0001:00005890       memset                     0000000180006890 f   libvcruntime:memset.obj
 0001:00005a40       __vcrt_freefls             0000000180006a40 f   libvcruntime:per_thread_data.obj
 0001:00005a60       __vcrt_freeptd             0000000180006a60 f   libvcruntime:per_thread_data.obj
 0001:00005ab0       __vcrt_getptd              0000000180006ab0 f   libvcruntime:per_thread_data.obj
 0001:00005acc       __vcrt_getptd_noexit       0000000180006acc f   libvcruntime:per_thread_data.obj
 0001:00005b84       __vcrt_initialize_ptd      0000000180006b84 f   libvcruntime:per_thread_data.obj
 0001:00005bd4       __vcrt_uninitialize_ptd    0000000180006bd4 f   libvcruntime:per_thread_data.obj
 0001:00005bf8       ?__GetCurrentState@@YAHPEA_KPEAU_xDISPATCHER_CONTEXT@@PEBU_s_FuncInfo@@@Z 0000000180006bf8 f   libvcruntime:riscehstate.obj
 0001:00005c20       ?__GetUnwindTryBlock@@YAHPEA_KPEAU_xDISPATCHER_CONTEXT@@PEBU_s_FuncInfo@@@Z 0000000180006c20 f   libvcruntime:riscehstate.obj
 0001:00005c4c       ?__SetState@@YAXPEA_KPEAU_xDISPATCHER_CONTEXT@@PEBU_s_FuncInfo@@H@Z 0000000180006c4c f   libvcruntime:riscehstate.obj
 0001:00005c58       ?__SetUnwindTryBlock@@YAXPEA_KPEAU_xDISPATCHER_CONTEXT@@PEBU_s_FuncInfo@@H@Z 0000000180006c58 f   libvcruntime:riscehstate.obj
 0001:00005c94       ?__StateFromControlPc@@YAHPEBU_s_FuncInfo@@PEAU_xDISPATCHER_CONTEXT@@@Z 0000000180006c94 f   libvcruntime:riscehstate.obj
 0001:00005c9c       ?__StateFromIp@@YAHPEBU_s_FuncInfo@@PEAU_xDISPATCHER_CONTEXT@@_K@Z 0000000180006c9c f   libvcruntime:riscehstate.obj
 0001:00005d04       ??0bad_exception@std@@QEAA@AEBV01@@Z 0000000180006d04 f i libvcruntime:frame.obj
 0001:00005d44       ??0bad_exception@std@@QEAA@XZ 0000000180006d44 f i libvcruntime:frame.obj
 0001:0000668c       ?_CallMemberFunction1@@YAXQEAX00@Z 000000018000768c f i libvcruntime:frame.obj
 0001:00006698       ?_CallMemberFunction2@@YAXQEAX00H@Z 0000000180007698 f i libvcruntime:frame.obj
 0001:000066a8       __BuildCatchObject         00000001800076a8 f   libvcruntime:frame.obj
 0001:00006768       __BuildCatchObjectHelper   0000000180007768 f   libvcruntime:frame.obj
 0001:00006968       __CxxCallCatchBlock        0000000180007968 f   libvcruntime:frame.obj
 0001:00006b54       __FrameUnwindToState       0000000180007b54 f   libvcruntime:frame.obj
 0001:00006ce8       __InternalCxxFrameHandler  0000000180007ce8 f   libvcruntime:frame.obj
 0001:00006f2c       __TypeMatch                0000000180007f2c f   libvcruntime:frame.obj
 0001:00007080       _local_unwind              0000000180008080 f   libvcruntime:_jmpuwind_.obj
 0001:000070b0       _NLG_Notify                00000001800080b0 f   libvcruntime:_jmpuwind_.obj
 0001:000070d0       __NLG_Dispatch2            00000001800080d0 f   libvcruntime:_jmpuwind_.obj
 0001:000070e0       __NLG_Return2              00000001800080e0 f   libvcruntime:_jmpuwind_.obj
 0001:000070e4       __except_validate_context_record 00000001800080e4 f   libvcruntime:jbcxrval.obj
 0001:0000711c       __vcrt_initialize_locks    000000018000811c f   libvcruntime:locks.obj
 0001:00007164       __vcrt_uninitialize_locks  0000000180008164 f   libvcruntime:locks.obj
 0001:00007374       __vcrt_FlsAlloc            0000000180008374 f   libvcruntime:winapi_downlevel.obj
 0001:000073bc       __vcrt_FlsFree             00000001800083bc f   libvcruntime:winapi_downlevel.obj
 0001:00007404       __vcrt_FlsGetValue         0000000180008404 f   libvcruntime:winapi_downlevel.obj
 0001:0000744c       __vcrt_FlsSetValue         000000018000844c f   libvcruntime:winapi_downlevel.obj
 0001:000074a0       __vcrt_InitializeCriticalSectionEx 00000001800084a0 f   libvcruntime:winapi_downlevel.obj
 0001:00007504       __vcrt_initialize_winapi_thunks 0000000180008504 f   libvcruntime:winapi_downlevel.obj
 0001:00007534       __vcrt_uninitialize_winapi_thunks 0000000180008534 f   libvcruntime:winapi_downlevel.obj
 0001:00007574       __vcrt_initialize_pure_virtual_call_handler 0000000180008574 f   libvcruntime:purevirt_data.obj
 0001:000075a0       _CallSettingFrame          00000001800085a0 f   libvcruntime:handlers.obj
 0001:000075f0       memcpy                     00000001800085f0 f   libvcruntime:memcpy.obj
 0001:000075f0       memmove                    00000001800085f0 f   libvcruntime:memcpy.obj
 0001:00007a38       __acrt_call_reportfault    0000000180008a38 f   libucrt:invalid_parameter.obj
 0001:00007b94       __acrt_initialize_invalid_parameter_handler 0000000180008b94 f   libucrt:invalid_parameter.obj
 0001:00007b9c       _invalid_parameter         0000000180008b9c f   libucrt:invalid_parameter.obj
 0001:00007c4c       _invalid_parameter_noinfo  0000000180008c4c f   libucrt:invalid_parameter.obj
 0001:00007c6c       _invalid_parameter_noinfo_noreturn 0000000180008c6c f   libucrt:invalid_parameter.obj
 0001:00007c9c       _invoke_watson             0000000180008c9c f   libucrt:invalid_parameter.obj
 0001:00007ce4       ??0_LocaleUpdate@@QEAA@QEAU__crt_locale_pointers@@@Z 0000000180008ce4 f i libucrt:stricmp.obj
 0001:00007d80       ??1_LocaleUpdate@@QEAA@XZ  0000000180008d80 f i libucrt:stricmp.obj
 0001:00007d94       __acrt_initialize_new_handler 0000000180008d94 f   libucrt:new_handler.obj
 0001:00007d9c       _callnewh                  0000000180008d9c f   libucrt:new_handler.obj
 0001:00007dcc       _query_new_handler         0000000180008dcc f   libucrt:new_handler.obj
 0001:00007e00       malloc                     0000000180008e00 f   libucrt:malloc.obj
 0001:00007e08       terminate                  0000000180008e08 f   libucrt:terminate.obj
 0001:00007e28       _initterm                  0000000180008e28 f   libucrt:initterm.obj
 0001:00007e8c       _initterm_e                0000000180008e8c f   libucrt:initterm.obj
 0001:00007ecc       free                       0000000180008ecc f   libucrt:free.obj
 0001:00007ee0       _seh_filter_dll            0000000180008ee0 f   libucrt:exception_filter.obj
 0001:00007ef4       _seh_filter_exe            0000000180008ef4 f   libucrt:exception_filter.obj
 0001:000082ec       __acrt_initialize_thread_local_exit_callback 00000001800092ec f   libucrt:exit.obj
 0001:000082f4       _cexit                     00000001800092f4 f   libucrt:exit.obj
 0001:00008304       _exit                      0000000180009304 f   libucrt:exit.obj
 0001:00008310       _is_c_termination_complete 0000000180009310 f   libucrt:exit.obj
 0001:000084dc       __acrt_allocate_buffer_for_argv 00000001800094dc f   libucrt:argv_parsing.obj
 0001:0000853c       _configure_narrow_argv     000000018000953c f   libucrt:argv_parsing.obj
 0001:000088b4       __dcrt_uninitialize_environments_nolock 00000001800098b4 f   libucrt:environment_initialization.obj
 0001:000088ec       _initialize_narrow_environment 00000001800098ec f   libucrt:environment_initialization.obj
 0001:00008a7c       _execute_onexit_table      0000000180009a7c f   libucrt:onexit.obj
 0001:00008ab8       _initialize_onexit_table   0000000180009ab8 f   libucrt:onexit.obj
 0001:00008b30       __acrt_uninitialize_command_line 0000000180009b30 f   libucrt:argv_data.obj
 0001:00008c3c       __acrt_initialize          0000000180009c3c f   libucrt:initialization.obj
 0001:00008c50       __acrt_thread_attach       0000000180009c50 f   libucrt:initialization.obj
 0001:00008c64       __acrt_thread_detach       0000000180009c64 f   libucrt:initialization.obj
 0001:00008c74       __acrt_uninitialize        0000000180009c74 f   libucrt:initialization.obj
 0001:00008cac       __acrt_uninitialize_critical 0000000180009cac f   libucrt:initialization.obj
 0001:00008cbc       strcpy_s                   0000000180009cbc f   libucrt:strcpy_s.obj
 0001:00008d2c       abort                      0000000180009d2c f   libucrt:abort.obj
 0001:00008d84       calloc                     0000000180009d84 f   libucrt:calloc.obj
 0001:00008da0       strncmp                    0000000180009da0 f   libucrt:strncmp.obj
 0001:00008e20       wcsncmp                    0000000180009e20 f   libucrt:wcsncmp.obj
 0001:000091c4       __acrt_freeptd             000000018000a1c4 f   libucrt:per_thread_data.obj
 0001:00009208       __acrt_getptd              000000018000a208 f   libucrt:per_thread_data.obj
 0001:000092cc       __acrt_getptd_head         000000018000a2cc f   libucrt:per_thread_data.obj
 0001:00009374       __acrt_getptd_noexit       000000018000a374 f   libucrt:per_thread_data.obj
 0001:0000942c       __acrt_initialize_ptd      000000018000a42c f   libucrt:per_thread_data.obj
 0001:00009468       __acrt_uninitialize_ptd    000000018000a468 f   libucrt:per_thread_data.obj
 0001:0000948c       __acrt_errno_from_os_error 000000018000a48c f   libucrt:errno.obj
 0001:000094d4       __acrt_errno_map_os_error  000000018000a4d4 f   libucrt:errno.obj
 0001:00009524       __doserrno                 000000018000a524 f   libucrt:errno.obj
 0001:00009544       _errno                     000000018000a544 f   libucrt:errno.obj
 0001:00009564       __acrt_update_locale_info  000000018000a564 f   libucrt:locale_update.obj
 0001:00009598       __acrt_update_multibyte_info 000000018000a598 f   libucrt:locale_update.obj
 0001:0000963c       __acrt_set_locale_changed  000000018000a63c f   libucrt:wsetlocale.obj
 0001:00009648       __acrt_uninitialize_locale 000000018000a648 f   libucrt:wsetlocale.obj
 0001:00009678       __acrt_initialize_locks    000000018000a678 f   libucrt:locks.obj
 0001:000096c0       __acrt_lock                000000018000a6c0 f   libucrt:locks.obj
 0001:000096dc       __acrt_uninitialize_locks  000000018000a6dc f   libucrt:locks.obj
 0001:00009714       __acrt_unlock              000000018000a714 f   libucrt:locks.obj
 0001:00009730       _malloc_base               000000018000a730 f   libucrt:malloc_base.obj
 0001:00009790       _free_base                 000000018000a790 f   libucrt:free_base.obj
 0001:000097d0       __acrt_get_process_end_policy 000000018000a7d0 f   libucrt:win_policies.obj
 0001:0000980c       _calloc_base               000000018000a80c f   libucrt:calloc_base.obj
 0001:00009dec       __acrt_expand_narrow_argv_wildcards 000000018000adec f   libucrt:argv_wildcards.obj
 0001:00009df4       __acrt_GetModuleFileNameA  000000018000adf4 f   libucrt:getmodulefilenamea.obj
 0001:0000a59c       __acrt_initialize_multibyte 000000018000b59c f   libucrt:mbctype.obj
 0001:0000a5fc       __acrt_update_thread_multibyte_data 000000018000b5fc f   libucrt:mbctype.obj
 0001:0000a618       _setmbcp_nolock            000000018000b618 f   libucrt:mbctype.obj
 0001:0000a948       _ismbblead                 000000018000b948 f   libucrt:ismbbyte.obj
 0001:0000a95c       __acrt_initialize_command_line 000000018000b95c f   libucrt:argv_data.obj
 0001:0000a984       __acrt_MultiByteToWideChar 000000018000b984 f   libucrt:multibytetowidechar.obj
 0001:0000a9e0       __acrt_WideCharToMultiByte 000000018000b9e0 f   libucrt:widechartomultibyte.obj
 0001:0000aa78       __dcrt_get_narrow_environment_from_os 000000018000ba78 f   libucrt:get_environment_from_os.obj
 0001:0000ab7c       _recalloc                  000000018000bb7c f   libucrt:recalloc.obj
 0001:0000ab84       _recalloc_base             000000018000bb84 f   libucrt:recalloc.obj
 0001:0000adf4       __acrt_AppPolicyGetProcessTerminationMethodInternal 000000018000bdf4 f   libucrt:winapi_thunks.obj
 0001:0000ae44       __acrt_FlsAlloc            000000018000be44 f   libucrt:winapi_thunks.obj
 0001:0000ae8c       __acrt_FlsFree             000000018000be8c f   libucrt:winapi_thunks.obj
 0001:0000aed4       __acrt_FlsGetValue         000000018000bed4 f   libucrt:winapi_thunks.obj
 0001:0000af1c       __acrt_FlsSetValue         000000018000bf1c f   libucrt:winapi_thunks.obj
 0001:0000af70       __acrt_InitializeCriticalSectionEx 000000018000bf70 f   libucrt:winapi_thunks.obj
 0001:0000afd4       __acrt_LCMapStringEx       000000018000bfd4 f   libucrt:winapi_thunks.obj
 0001:0000b0b0       __acrt_LocaleNameToLCID    000000018000c0b0 f   libucrt:winapi_thunks.obj
 0001:0000b100       __acrt_initialize_winapi_thunks 000000018000c100 f   libucrt:winapi_thunks.obj
 0001:0000b148       __acrt_uninitialize_winapi_thunks 000000018000c148 f   libucrt:winapi_thunks.obj
 0001:0000b18c       __acrt_initialize_heap     000000018000c18c f   libucrt:heap_handle.obj
 0001:0000b1a8       __acrt_uninitialize_heap   000000018000c1a8 f   libucrt:heap_handle.obj
 0001:0000b39c       __acrt_initialize_lowio    000000018000c39c f   libucrt:ioinit.obj
 0001:0000b3d8       __acrt_uninitialize_lowio  000000018000c3d8 f   libucrt:ioinit.obj
 0001:0000b418       __acrt_execute_initializers 000000018000c418 f   libucrt:shared_initialization.obj
 0001:0000b498       __acrt_execute_uninitializers 000000018000c498 f   libucrt:shared_initialization.obj
 0001:0000b51c       __acrt_get_sigabrt_handler 000000018000c51c f   libucrt:signal.obj
 0001:0000b54c       __acrt_initialize_signal_handlers 000000018000c54c f   libucrt:signal.obj
 0001:0000b56c       raise                      000000018000c56c f   libucrt:signal.obj
 0001:0000b7ec       __acrt_has_user_matherr    000000018000c7ec f   libucrt:matherr.obj
 0001:0000b80c       __acrt_initialize_user_matherr 000000018000c80c f   libucrt:matherr.obj
 0001:0000b814       __acrt_invoke_user_matherr 000000018000c814 f   libucrt:matherr.obj
 0001:0000ba20       __acrt_stdio_flush_nolock  000000018000ca20 f   libucrt:fflush.obj
 0001:0000ba9c       _fflush_nolock             000000018000ca9c f   libucrt:fflush.obj
 0001:0000bae8       _flushall                  000000018000cae8 f   libucrt:fflush.obj
 0001:0000baf0       __acrt_initialize_stdio    000000018000caf0 f   libucrt:_file.obj
 0001:0000bc10       __acrt_uninitialize_stdio  000000018000cc10 f   libucrt:_file.obj
 0001:0000bc6c       _lock_file                 000000018000cc6c f   libucrt:_file.obj
 0001:0000bc78       _unlock_file               000000018000cc78 f   libucrt:_file.obj
 0001:0000bc84       _mbtowc_l                  000000018000cc84 f   libucrt:mbtowc.obj
 0001:0000be00       mbtowc                     000000018000ce00 f   libucrt:mbtowc.obj
 0001:0000be08       _fileno                    000000018000ce08 f   libucrt:fileno.obj
 0001:0000be30       __pctype_func              000000018000ce30 f   libucrt:ctype.obj
 0001:0000be60       __acrt_add_locale_ref      000000018000ce60 f   libucrt:locale_refcounting.obj
 0001:0000beec       __acrt_free_locale         000000018000ceec f   libucrt:locale_refcounting.obj
 0001:0000c064       __acrt_locale_add_lc_time_reference 000000018000d064 f   libucrt:locale_refcounting.obj
 0001:0000c08c       __acrt_locale_free_lc_time_if_unreferenced 000000018000d08c f   libucrt:locale_refcounting.obj
 0001:0000c0c4       __acrt_locale_release_lc_time_reference 000000018000d0c4 f   libucrt:locale_refcounting.obj
 0001:0000c0ec       __acrt_release_locale_ref  000000018000d0ec f   libucrt:locale_refcounting.obj
 0001:0000c194       __acrt_update_thread_locale_data 000000018000d194 f   libucrt:locale_refcounting.obj
 0001:0000c204       _updatetlocinfoEx_nolock   000000018000d204 f   libucrt:locale_refcounting.obj
 0001:0000c26c       _isleadbyte_l              000000018000d26c f i libucrt:_wctype.obj
 0001:0000c5c4       __acrt_LCMapStringA        000000018000d5c4 f   libucrt:lcmapstringa.obj
 0001:0000c65c       __acrt_locale_free_monetary 000000018000d65c f   libucrt:initmon.obj
 0001:0000c768       __acrt_locale_free_numeric 000000018000d768 f   libucrt:initnum.obj
 0001:0000c828       __acrt_locale_free_time    000000018000d828 f   libucrt:inittime.obj
 0001:0000c930       __acrt_GetStringTypeA      000000018000d930 f   libucrt:getstringtypea.obj
 0001:0000cac0       _query_new_mode            000000018000dac0 f   libucrt:new_mode.obj
 0001:0000cad0       qsort                      000000018000dad0 f   libucrt:qsort.obj
 0001:0000ce80       strncpy_s                  000000018000de80 f   libucrt:strncpy_s.obj
 0001:0000d010       strpbrk                    000000018000e010 f   libucrt:strpbrk.obj
 0001:0000d3f0       ??$__acrt_convert_wcs_mbs@D_W$$A6A_KPEA_WPEBD_KPEAU__crt_locale_pointers@@@ZU__crt_win32_buffer_internal_dynamic_resizing@@@@YAHQEBDAEAV?$__crt_win32_buffer@_WU__crt_win32_buffer_internal_dynamic_resizing@@@@A6A_KPEA_WPEBD_KPEAU__crt_locale_pointers@@@Z5@Z 000000018000e3f0 f i libucrt:findfirstfileexa.obj
 0001:0000d4f8       __acrt_FindFirstFileExA    000000018000e4f8 f   libucrt:findfirstfileexa.obj
 0001:0000d59c       ??$__acrt_convert_wcs_mbs@_WD$$A6A_KPEADPEB_W_KPEAU__crt_locale_pointers@@@ZU__crt_win32_buffer_no_resizing@@@@YAHQEB_WAEAV?$__crt_win32_buffer@DU__crt_win32_buffer_no_resizing@@@@A6A_KPEADPEB_W_KPEAU__crt_locale_pointers@@@Z5@Z 000000018000e59c f i libucrt:findnextfilea.obj
 0001:0000d668       __acrt_FindNextFileA       000000018000e668 f   libucrt:findnextfilea.obj
 0001:0000d79c       _mbsdec                    000000018000e79c f   libucrt:mbsdec.obj
 0001:0000d7a4       _mbsdec_l                  000000018000e7a4 f   libucrt:mbsdec.obj
 0001:0000da3c       _mbstowcs_l                000000018000ea3c f   libucrt:mbstowcs.obj
 0001:0000da44       mbstowcs                   000000018000ea44 f   libucrt:mbstowcs.obj
 0001:0000da78       _msize                     000000018000ea78 f   libucrt:msize.obj
 0001:0000da80       _msize_base                000000018000ea80 f   libucrt:msize.obj
 0001:0000dabc       _realloc_base              000000018000eabc f   libucrt:realloc_base.obj
 0001:0000dc20       __acrt_DownlevelLocaleNameToLCID 000000018000ec20 f   libucrt:lcidtoname_downlevel.obj
 0001:0000dc54       __acrt_lowio_create_handle_array 000000018000ec54 f   libucrt:osfinfo.obj
 0001:0000dcec       __acrt_lowio_destroy_handle_array 000000018000ecec f   libucrt:osfinfo.obj
 0001:0000dd3c       __acrt_lowio_ensure_fh_exists 000000018000ed3c f   libucrt:osfinfo.obj
 0001:0000dde4       __acrt_lowio_lock_fh       000000018000ede4 f   libucrt:osfinfo.obj
 0001:0000de08       __acrt_lowio_unlock_fh     000000018000ee08 f   libucrt:osfinfo.obj
 0001:0000de2c       _free_osfhnd               000000018000ee2c f   libucrt:osfinfo.obj
 0001:0000dee8       _get_osfhandle             000000018000eee8 f   libucrt:osfinfo.obj
 0001:0000dfec       _commit                    000000018000efec f   libucrt:commit.obj
 0001:0000e628       _write                     000000018000f628 f   libucrt:write.obj
 0001:0000e714       _write_nolock              000000018000f714 f   libucrt:write.obj
 0001:0000e9f4       _fcloseall                 000000018000f9f4 f   libucrt:closeall.obj
 0001:0000eaa8       __acrt_stdio_free_buffer_nolock 000000018000faa8 f   libucrt:_freebuf.obj
 0001:0000eae8       _isatty                    000000018000fae8 f   libucrt:isatty.obj
 0001:0000eb48       ?__mbrtowc_utf8@__crt_mbstring@@YA_KPEA_WPEBD_KPEAU_Mbstatet@@@Z 000000018000fb48 f   libucrt:mbrtowc.obj
 0001:0000eb84       ?__mbsrtowcs_utf8@__crt_mbstring@@YA_KPEA_WPEAPEBD_KPEAU_Mbstatet@@@Z 000000018000fb84 f   libucrt:mbrtowc.obj
 0001:0000ecfc       __strncnt                  000000018000fcfc f   libucrt:strncnt.obj
 0001:0000f07c       _wcstombs_l                000000018001007c f   libucrt:wcstombs.obj
 0001:0000f084       _query_app_type            0000000180010084 f   libucrt:report_runtime_error.obj
 0001:0000f128       _lseeki64_nolock           0000000180010128 f   libucrt:lseek.obj
 0001:0000f130       _putwch_nolock             0000000180010130 f   libucrt:putwch.obj
 0001:0000f16c       _fclose_nolock             000000018001016c f   libucrt:fclose.obj
 0001:0000f1f0       fclose                     00000001800101f0 f   libucrt:fclose.obj
 0001:0000f254       ?__mbrtoc32_utf8@__crt_mbstring@@YA_KPEA_UPEBD_KPEAU_Mbstatet@@@Z 0000000180010254 f   libucrt:mbrtoc32.obj
 0001:0000f430       log10                      0000000180010430 f   libucrt:log10.obj
 0001:0000f9dc       ?__wcsrtombs_utf8@__crt_mbstring@@YA_KPEADPEAPEB_W_KPEAU_Mbstatet@@@Z 00000001800109dc f   libucrt:wcrtomb.obj
 0001:0000faf8       __dcrt_lowio_ensure_console_output_initialized 0000000180010af8 f   libucrt:initcon.obj
 0001:0000fb4c       __dcrt_terminate_console_output 0000000180010b4c f   libucrt:initcon.obj
 0001:0000fb68       __dcrt_write_console       0000000180010b68 f   libucrt:initcon.obj
 0001:0000fc9c       _close                     0000000180010c9c f   libucrt:close.obj
 0001:0000fd40       _close_nolock              0000000180010d40 f   libucrt:close.obj
 0001:0000fdfc       ?__acrt_stdio_free_stream@@YAXV__crt_stdio_stream@@@Z 0000000180010dfc f   libucrt:stream.obj
 0001:0000ff3c       _handle_error              0000000180010f3c f   libucrt:libm_error.obj
 0001:00010070       __acrt_initialize_fma3     0000000180011070 f   libucrt:fma3_available.obj
 0001:000100e0       _log10_special             00000001800110e0 f   libucrt:log_special.obj
 0001:00010198       ?__c16rtomb_utf8@__crt_mbstring@@YA_KPEAD_SPEAU_Mbstatet@@@Z 0000000180011198 f   libucrt:c16rtomb.obj
 0001:00010250       _get_fpsr                  0000000180011250 f   libucrt:fpsr.obj
 0001:00010260       _set_fpsr                  0000000180011260 f   libucrt:fpsr.obj
 0001:0001026a       _fclrf                     000000018001126a f   libucrt:fpsr.obj
 0001:0001027e       _frnd                      000000018001127e f   libucrt:fpsr.obj
 0001:000102a0       _raise_exc                 00000001800112a0 f   libucrt:fpexcept.obj
 0001:000102c8       _raise_exc_ex              00000001800112c8 f   libucrt:fpexcept.obj
 0001:000105d8       _set_errno_from_matherr    00000001800115d8 f   libucrt:fpexcept.obj
 0001:00010608       _clrfp                     0000000180011608 f   libucrt:fpctrl.obj
 0001:00010628       _ctrlfp                    0000000180011628 f   libucrt:fpctrl.obj
 0001:000106a4       _set_statfp                00000001800116a4 f   libucrt:fpctrl.obj
 0001:000106c4       _statfp                    00000001800116c4 f   libucrt:fpctrl.obj
 0001:000106d8       ?__c32rtomb_utf8@__crt_mbstring@@YA_KPEAD_UPEAU_Mbstatet@@@Z 00000001800116d8 f   libucrt:c32rtomb.obj
 0001:00010790       c32rtomb                   0000000180011790 f   libucrt:c32rtomb.obj
 0001:00010795       IsProcessorFeaturePresent  0000000180011795 f   kernel32:KERNEL32.dll
 0001:0001079b       RtlUnwindEx                000000018001179b f   kernel32:KERNEL32.dll
 0001:000107a4       __GSHandlerCheck           00000001800117a4 f   LIBCMT:_gshandler_.obj
 0001:000107c4       __GSHandlerCheckCommon     00000001800117c4 f   LIBCMT:_gshandler_.obj
 0001:00010820       _FindPESection             0000000180011820 f   LIBCMT:pesect.obj
 0001:00010870       _IsNonwritableInCurrentImage 0000000180011870 f   LIBCMT:pesect.obj
 0001:000108c0       _ValidateImageBase         00000001800118c0 f   LIBCMT:pesect.obj
 0001:00010900       __chkstk                   0000000180011900 f   LIBCMT:_chkstk_.obj
 0001:00010900       _alloca_probe              0000000180011900 f   LIBCMT:_chkstk_.obj
 0001:00010954       __GSHandlerCheck_EH        0000000180011954 f   LIBCMT:gshandlereh.obj
 0001:000109f0       memcmp                     00000001800119f0 f   libvcruntime:memcmp.obj
 0001:00010ad0       _guard_dispatch_icall_nop  0000000180011ad0 f   LIBCMT:_guard_dispatch_.obj
 0002:00000000       __imp_CloseHandle          0000000180012000     kernel32:KERNEL32.dll
 0002:00000008       __imp_CreateFileW          0000000180012008     kernel32:KERNEL32.dll
 0002:00000010       __imp_SetFilePointerEx     0000000180012010     kernel32:KERNEL32.dll
 0002:00000018       __imp_GetConsoleMode       0000000180012018     kernel32:KERNEL32.dll
 0002:00000020       __imp_GetConsoleCP         0000000180012020     kernel32:KERNEL32.dll
 0002:00000028       __imp_WriteFile            0000000180012028     kernel32:KERNEL32.dll
 0002:00000030       __imp_FlushFileBuffers     0000000180012030     kernel32:KERNEL32.dll
 0002:00000038       __imp_SetStdHandle         0000000180012038     kernel32:KERNEL32.dll
 0002:00000040       __imp_HeapReAlloc          0000000180012040     kernel32:KERNEL32.dll
 0002:00000048       __imp_HeapSize             0000000180012048     kernel32:KERNEL32.dll
 0002:00000050       __imp_GetStringTypeW       0000000180012050     kernel32:KERNEL32.dll
 0002:00000058       __imp_GetFileType          0000000180012058     kernel32:KERNEL32.dll
 0002:00000060       __imp_GetStdHandle         0000000180012060     kernel32:KERNEL32.dll
 0002:00000068       __imp_GetProcessHeap       0000000180012068     kernel32:KERNEL32.dll
 0002:00000070       __imp_LCMapStringW         0000000180012070     kernel32:KERNEL32.dll
 0002:00000078       __imp_FreeEnvironmentStringsW 0000000180012078     kernel32:KERNEL32.dll
 0002:00000080       __imp_GetEnvironmentStringsW 0000000180012080     kernel32:KERNEL32.dll
 0002:00000088       __imp_WideCharToMultiByte  0000000180012088     kernel32:KERNEL32.dll
 0002:00000090       __imp_MultiByteToWideChar  0000000180012090     kernel32:KERNEL32.dll
 0002:00000098       __imp_GetCommandLineW      0000000180012098     kernel32:KERNEL32.dll
 0002:000000a0       __imp_GetCommandLineA      00000001800120a0     kernel32:KERNEL32.dll
 0002:000000a8       __imp_GetCPInfo            00000001800120a8     kernel32:KERNEL32.dll
 0002:000000b0       __imp_GetOEMCP             00000001800120b0     kernel32:KERNEL32.dll
 0002:000000b8       __imp_GetACP               00000001800120b8     kernel32:KERNEL32.dll
 0002:000000c0       __imp_IsValidCodePage      00000001800120c0     kernel32:KERNEL32.dll
 0002:000000c8       __imp_FindNextFileW        00000001800120c8     kernel32:KERNEL32.dll
 0002:000000d0       __imp_FindFirstFileExW     00000001800120d0     kernel32:KERNEL32.dll
 0002:000000d8       __imp_FindClose            00000001800120d8     kernel32:KERNEL32.dll
 0002:000000e0       __imp_HeapFree             00000001800120e0     kernel32:KERNEL32.dll
 0002:000000e8       __imp_RtlCaptureContext    00000001800120e8     kernel32:KERNEL32.dll
 0002:000000f0       __imp_RtlLookupFunctionEntry 00000001800120f0     kernel32:KERNEL32.dll
 0002:000000f8       __imp_RtlVirtualUnwind     00000001800120f8     kernel32:KERNEL32.dll
 0002:00000100       __imp_UnhandledExceptionFilter 0000000180012100     kernel32:KERNEL32.dll
 0002:00000108       __imp_SetUnhandledExceptionFilter 0000000180012108     kernel32:KERNEL32.dll
 0002:00000110       __imp_GetCurrentProcess    0000000180012110     kernel32:KERNEL32.dll
 0002:00000118       __imp_TerminateProcess     0000000180012118     kernel32:KERNEL32.dll
 0002:00000120       __imp_IsProcessorFeaturePresent 0000000180012120     kernel32:KERNEL32.dll
 0002:00000128       __imp_QueryPerformanceCounter 0000000180012128     kernel32:KERNEL32.dll
 0002:00000130       __imp_GetCurrentProcessId  0000000180012130     kernel32:KERNEL32.dll
 0002:00000138       __imp_GetCurrentThreadId   0000000180012138     kernel32:KERNEL32.dll
 0002:00000140       __imp_GetSystemTimeAsFileTime 0000000180012140     kernel32:KERNEL32.dll
 0002:00000148       __imp_InitializeSListHead  0000000180012148     kernel32:KERNEL32.dll
 0002:00000150       __imp_IsDebuggerPresent    0000000180012150     kernel32:KERNEL32.dll
 0002:00000158       __imp_GetStartupInfoW      0000000180012158     kernel32:KERNEL32.dll
 0002:00000160       __imp_GetModuleHandleW     0000000180012160     kernel32:KERNEL32.dll
 0002:00000168       __imp_RtlUnwindEx          0000000180012168     kernel32:KERNEL32.dll
 0002:00000170       __imp_RtlPcToFileHeader    0000000180012170     kernel32:KERNEL32.dll
 0002:00000178       __imp_RaiseException       0000000180012178     kernel32:KERNEL32.dll
 0002:00000180       __imp_InterlockedFlushSList 0000000180012180     kernel32:KERNEL32.dll
 0002:00000188       __imp_GetLastError         0000000180012188     kernel32:KERNEL32.dll
 0002:00000190       __imp_SetLastError         0000000180012190     kernel32:KERNEL32.dll
 0002:00000198       __imp_EncodePointer        0000000180012198     kernel32:KERNEL32.dll
 0002:000001a0       __imp_EnterCriticalSection 00000001800121a0     kernel32:KERNEL32.dll
 0002:000001a8       __imp_LeaveCriticalSection 00000001800121a8     kernel32:KERNEL32.dll
 0002:000001b0       __imp_DeleteCriticalSection 00000001800121b0     kernel32:KERNEL32.dll
 0002:000001b8       __imp_InitializeCriticalSectionAndSpinCount 00000001800121b8     kernel32:KERNEL32.dll
 0002:000001c0       __imp_TlsAlloc             00000001800121c0     kernel32:KERNEL32.dll
 0002:000001c8       __imp_TlsGetValue          00000001800121c8     kernel32:KERNEL32.dll
 0002:000001d0       __imp_TlsSetValue          00000001800121d0     kernel32:KERNEL32.dll
 0002:000001d8       __imp_TlsFree              00000001800121d8     kernel32:KERNEL32.dll
 0002:000001e0       __imp_FreeLibrary          00000001800121e0     kernel32:KERNEL32.dll
 0002:000001e8       __imp_GetProcAddress       00000001800121e8     kernel32:KERNEL32.dll
 0002:000001f0       __imp_LoadLibraryExW       00000001800121f0     kernel32:KERNEL32.dll
 0002:000001f8       __imp_ExitProcess          00000001800121f8     kernel32:KERNEL32.dll
 0002:00000200       __imp_GetModuleHandleExW   0000000180012200     kernel32:KERNEL32.dll
 0002:00000208       __imp_GetModuleFileNameW   0000000180012208     kernel32:KERNEL32.dll
 0002:00000210       __imp_HeapAlloc            0000000180012210     kernel32:KERNEL32.dll
 0002:00000218       __imp_WriteConsoleW        0000000180012218     kernel32:KERNEL32.dll
 0002:00000220       \177KERNEL32_NULL_THUNK_DATA 0000000180012220     kernel32:KERNEL32.dll
 0002:00000228       __imp_interception_receive 0000000180012228     interception:interception.dll
 0002:00000230       __imp_interception_destroy_context 0000000180012230     interception:interception.dll
 0002:00000238       __imp_interception_wait    0000000180012238     interception:interception.dll
 0002:00000240       __imp_interception_create_context 0000000180012240     interception:interception.dll
 0002:00000248       __imp_interception_is_mouse 0000000180012248     interception:interception.dll
 0002:00000250       __imp_interception_send    0000000180012250     interception:interception.dll
 0002:00000258       __imp_interception_set_filter 0000000180012258     interception:interception.dll
 0002:00000260       __imp_interception_is_keyboard 0000000180012260     interception:interception.dll
 0002:00000268       __imp_interception_get_hardware_id 0000000180012268     interception:interception.dll
 0002:00000270       \177interception_NULL_THUNK_DATA 0000000180012270     interception:interception.dll
 0002:00000278       __imp_?ToString@Value@v8@@QEBA?AV?$Local@VString@v8@@@2@XZ 0000000180012278     iojs:node.dll
 0002:00000280       __imp_uv_default_loop      0000000180012280     iojs:node.dll
 0002:00000288       __imp_node_module_register 0000000180012288     iojs:node.dll
 0002:00000290       __imp_?Call@Function@v8@@QEAA?AV?$Local@VValue@v8@@@2@V32@HQEAV32@@Z 0000000180012290     iojs:node.dll
 0002:00000298       __imp_?SetName@Function@v8@@QEAAXV?$Local@VString@v8@@@2@@Z 0000000180012298     iojs:node.dll
 0002:000002a0       __imp_?Set@Object@v8@@QEAA_NV?$Local@VValue@v8@@@2@0@Z 00000001800122a0     iojs:node.dll
 0002:000002a8       __imp_?New@Number@v8@@SA?AV?$Local@VNumber@v8@@@2@PEAVIsolate@2@N@Z 00000001800122a8     iojs:node.dll
 0002:000002b0       __imp_?NewFromUtf8@String@v8@@SA?AV?$Local@VString@v8@@@2@PEAVIsolate@2@PEBDW4NewStringType@12@H@Z 00000001800122b0     iojs:node.dll
 0002:000002b8       __imp_??0Utf8Value@String@v8@@QEAA@V?$Local@VValue@v8@@@2@@Z 00000001800122b8     iojs:node.dll
 0002:000002c0       __imp_??1Utf8Value@String@v8@@QEAA@XZ 00000001800122c0     iojs:node.dll
 0002:000002c8       __imp_?BooleanValue@Value@v8@@QEBA_NXZ 00000001800122c8     iojs:node.dll
 0002:000002d0       __imp_?Int32Value@Value@v8@@QEBAHXZ 00000001800122d0     iojs:node.dll
 0002:000002d8       __imp_?GlobalizeReference@V8@v8@@CAPEAPEAVObject@internal@2@PEAVIsolate@42@PEAPEAV342@@Z 00000001800122d8     iojs:node.dll
 0002:000002e0       __imp_?DisposeGlobal@V8@v8@@CAXPEAPEAVObject@internal@2@@Z 00000001800122e0     iojs:node.dll
 0002:000002e8       __imp_?New@FunctionTemplate@v8@@SA?AV?$Local@VFunctionTemplate@v8@@@2@PEAVIsolate@2@P6AXAEBV?$FunctionCallbackInfo@VValue@v8@@@2@@ZV?$Local@VValue@v8@@@2@V?$Local@VSignature@v8@@@2@HW4ConstructorBehavior@2@@Z 00000001800122e8     iojs:node.dll
 0002:000002f0       __imp_?GetFunction@FunctionTemplate@v8@@QEAA?AV?$Local@VFunction@v8@@@2@XZ 00000001800122f0     iojs:node.dll
 0002:000002f8       __imp_??0HandleScope@v8@@QEAA@PEAVIsolate@1@@Z 00000001800122f8     iojs:node.dll
 0002:00000300       __imp_??1HandleScope@v8@@QEAA@XZ 0000000180012300     iojs:node.dll
 0002:00000308       __imp_?CreateHandle@HandleScope@v8@@KAPEAPEAVObject@internal@2@PEAVIsolate@42@PEAV342@@Z 0000000180012308     iojs:node.dll
 0002:00000310       __imp_?GetCurrent@Isolate@v8@@SAPEAV12@XZ 0000000180012310     iojs:node.dll
 0002:00000318       __imp_?GetCurrentContext@Isolate@v8@@QEAA?AV?$Local@VContext@v8@@@2@XZ 0000000180012318     iojs:node.dll
 0002:00000320       __imp_?Global@Context@v8@@QEAA?AV?$Local@VObject@v8@@@2@XZ 0000000180012320     iojs:node.dll
 0002:00000328       __imp_uv_queue_work        0000000180012328     iojs:node.dll
 0002:00000330       __imp_?New@Object@v8@@SA?AV?$Local@VObject@v8@@@2@PEAVIsolate@2@@Z 0000000180012330     iojs:node.dll
 0002:00000338       \177node_NULL_THUNK_DATA   0000000180012338     iojs:node.dll
 0002:00000340       __guard_check_icall_fptr   0000000180012340     LIBCMT:guard_support.obj
 0002:00000348       __guard_dispatch_icall_fptr 0000000180012348     LIBCMT:guard_support.obj
 0002:00000350       __xc_a                     0000000180012350     LIBCMT:initializers.obj
 0002:00000358       _register_addon_           0000000180012358     profiler.obj
 0002:00000360       __xc_z                     0000000180012360     LIBCMT:initializers.obj
 0002:00000368       __xi_a                     0000000180012368     LIBCMT:initializers.obj
 0002:00000370       __acrt_multibyte_initializer 0000000180012370     libucrt:multibyte_initializer.obj
 0002:00000378       __acrt_stdio_initializer   0000000180012378     libucrt:stdio_initializer.obj
 0002:00000380       __acrt_tran_fma3_initializer 0000000180012380     libucrt:fma3_initializer.obj
 0002:00000388       __xi_z                     0000000180012388     LIBCMT:initializers.obj
 0002:00000390       __xp_a                     0000000180012390     LIBCMT:initializers.obj
 0002:00000398       __acrt_locale_terminator   0000000180012398     libucrt:locale_initializer.obj
 0002:000003a0       __dcrt_console_output_terminator 00000001800123a0     libucrt:console_output_initializer.obj
 0002:000003a8       __acrt_stdio_terminator    00000001800123a8     libucrt:stdio_initializer.obj
 0002:000003b0       __xp_z                     00000001800123b0     LIBCMT:initializers.obj
 0002:000003b8       __xt_a                     00000001800123b8     LIBCMT:initializers.obj
 0002:000003c0       __xt_z                     00000001800123c0     LIBCMT:initializers.obj
 0002:000003d8       ??_7exception@std@@6B@     00000001800123d8     libcpmt:xthrow.obj
 0002:000003e8       ??_C@_0BC@EOODALEL@Unknown?5exception?$AA@ 00000001800123e8     libcpmt:xthrow.obj
 0002:00000408       ??_7bad_alloc@std@@6B@     0000000180012408     libcpmt:xthrow.obj
 0002:00000418       ??_C@_0P@GHFPNOJB@bad?5allocation?$AA@ 0000000180012418     libcpmt:xthrow.obj
 0002:00000430       ??_7logic_error@std@@6B@   0000000180012430     libcpmt:xthrow.obj
 0002:00000448       ??_7length_error@std@@6B@  0000000180012448     libcpmt:xthrow.obj
 0002:00000458       _pRawDllMain               0000000180012458     LIBCMT:dll_dllmain.obj
 0002:00000458       _pDefaultRawDllMain        0000000180012458     LIBCMT:dll_dllmain.obj
 0002:00000468       ??_7type_info@@6B@         0000000180012468     LIBCMT:std_type_info_static.obj
 0002:00000488       ??_7bad_array_new_length@std@@6B@ 0000000180012488     LIBCMT:throw_bad_alloc.obj
 0002:00000498       ??_C@_0BF@KINCDENJ@bad?5array?5new?5length?$AA@ 0000000180012498     LIBCMT:throw_bad_alloc.obj
 0002:00000548       _pDestructExceptionObject  0000000180012548     libvcruntime:ehhelpers.obj
 0002:00000598       ??_7bad_exception@std@@6B@ 0000000180012598     libvcruntime:frame.obj
 0002:000005a8       ??_C@_0O@DPKOEFFH@bad?5exception?$AA@ 00000001800125a8     libvcruntime:frame.obj
 0002:000008f0       ??_C@_08EHJDFFNH@__based?$CI?$AA@ 00000001800128f0     libvcruntime:undname.obj
 0002:00000900       ??_C@_07KOLFKCDI@__cdecl?$AA@ 0000000180012900     libvcruntime:undname.obj
 0002:00000908       ??_C@_08GHMPAG@__pascal?$AA@ 0000000180012908     libvcruntime:undname.obj
 0002:00000918       ??_C@_09IFJBGAPI@__stdcall?$AA@ 0000000180012918     libvcruntime:undname.obj
 0002:00000928       ??_C@_0L@NPHFGOKO@__thiscall?$AA@ 0000000180012928     libvcruntime:undname.obj
 0002:00000938       ??_C@_0L@JMKHOMEK@__fastcall?$AA@ 0000000180012938     libvcruntime:undname.obj
 0002:00000948       ??_C@_0N@BCKKPABJ@__vectorcall?$AA@ 0000000180012948     libvcruntime:undname.obj
 0002:00000958       ??_C@_09HIJEGCPM@__clrcall?$AA@ 0000000180012958     libvcruntime:undname.obj
 0002:00000964       ??_C@_06GHPCKEAG@__eabi?$AA@ 0000000180012964     libvcruntime:undname.obj
 0002:00000970       ??_C@_07EECFKIPL@__swift?$AA@ 0000000180012970     libvcruntime:undname.obj
 0002:00000978       ??_C@_07JOMMBBKO@__ptr64?$AA@ 0000000180012978     libvcruntime:undname.obj
 0002:00000980       ??_C@_0L@PILCLIHE@__restrict?$AA@ 0000000180012980     libvcruntime:undname.obj
 0002:00000990       ??_C@_0M@GFIIJFMG@__unaligned?$AA@ 0000000180012990     libvcruntime:undname.obj
 0002:000009a0       ??_C@_09DHDLOLLB@restrict?$CI?$AA@ 00000001800129a0     libvcruntime:undname.obj
 0002:000009aa       ??_C@_00CNPNBAHC@?$AA@     00000001800129aa     libvcruntime:undname.obj
 0002:000009ac       ??_C@_04NIHEBCM@?5new?$AA@ 00000001800129ac     libvcruntime:undname.obj
 0002:000009b8       ??_C@_07FPCDHGMM@?5delete?$AA@ 00000001800129b8     libvcruntime:undname.obj
 0002:000009c0       ??_C@_01NEMOKFLO@?$DN?$AA@ 00000001800129c0     libvcruntime:undname.obj
 0002:000009c4       ??_C@_02GPIOPFAK@?$DO?$DO?$AA@ 00000001800129c4     libvcruntime:undname.obj
 0002:000009c8       ??_C@_02FODMEDOG@?$DM?$DM?$AA@ 00000001800129c8     libvcruntime:undname.obj
 0002:000009cc       ??_C@_01DCLJPIOD@?$CB?$AA@ 00000001800129cc     libvcruntime:undname.obj
 0002:000009d0       ??_C@_02EGOFBIJA@?$DN?$DN?$AA@ 00000001800129d0     libvcruntime:undname.obj
 0002:000009d4       ??_C@_02FDNJECIE@?$CB?$DN?$AA@ 00000001800129d4     libvcruntime:undname.obj
 0002:000009d8       ??_C@_02GPECMEKF@?$FL?$FN?$AA@ 00000001800129d8     libvcruntime:undname.obj
 0002:000009e0       ??_C@_08LHJFAFGD@operator?$AA@ 00000001800129e0     libvcruntime:undname.obj
 0002:000009ec       ??_C@_02HBOOOICD@?9?$DO?$AA@ 00000001800129ec     libvcruntime:undname.obj
 0002:000009f0       ??_C@_01NBENCBCI@?$CK?$AA@ 00000001800129f0     libvcruntime:undname.obj
 0002:000009f4       ??_C@_02ECNGHCIF@?$CL?$CL?$AA@ 00000001800129f4     libvcruntime:undname.obj
 0002:000009f8       ??_C@_02BAABKJLB@?9?9?$AA@ 00000001800129f8     libvcruntime:undname.obj
 0002:000009fc       ??_C@_01JOAMLHOP@?9?$AA@   00000001800129fc     libvcruntime:undname.obj
 0002:00000a00       ??_C@_01MIFGBAGJ@?$CL?$AA@ 0000000180012a00     libvcruntime:undname.obj
 0002:00000a04       ??_C@_01HNPIGOCE@?$CG?$AA@ 0000000180012a04     libvcruntime:undname.obj
 0002:00000a08       ??_C@_03MNHNFDLC@?9?$DO?$CK?$AA@ 0000000180012a08     libvcruntime:undname.obj
 0002:00000a0c       ??_C@_01KMDKNFGN@?1?$AA@   0000000180012a0c     libvcruntime:undname.obj
 0002:00000a10       ??_C@_01FGNFDNOH@?$CF?$AA@ 0000000180012a10     libvcruntime:undname.obj
 0002:00000a14       ??_C@_01MNNFJEPP@?$DM?$AA@ 0000000180012a14     libvcruntime:undname.obj
 0002:00000a18       ??_C@_02EHCHHCKH@?$DM?$DN?$AA@ 0000000180012a18     libvcruntime:undname.obj
 0002:00000a1c       ??_C@_01PPODPGHN@?$DO?$AA@ 0000000180012a1c     libvcruntime:undname.obj
 0002:00000a20       ??_C@_02EEKDKGMJ@?$DO?$DN?$AA@ 0000000180012a20     libvcruntime:undname.obj
 0002:00000a24       ??_C@_01IHBHIGKO@?0?$AA@   0000000180012a24     libvcruntime:undname.obj
 0002:00000a28       ??_C@_02HCKGKOFO@?$CI?$CJ?$AA@ 0000000180012a28     libvcruntime:undname.obj
 0002:00000a2c       ??_C@_01PJKLJHI@?$HO?$AA@  0000000180012a2c     libvcruntime:undname.obj
 0002:00000a30       ??_C@_01JKBOJNNK@?$FO?$AA@ 0000000180012a30     libvcruntime:undname.obj
 0002:00000a34       ??_C@_01DNKMNLPK@?$HM?$AA@ 0000000180012a34     libvcruntime:undname.obj
 0002:00000a38       ??_C@_02PPKAJPJL@?$CG?$CG?$AA@ 0000000180012a38     libvcruntime:undname.obj
 0002:00000a3c       ??_C@_02NONPIBCD@?$HM?$HM?$AA@ 0000000180012a3c     libvcruntime:undname.obj
 0002:00000a40       ??_C@_02FPIMKNGF@?$CK?$DN?$AA@ 0000000180012a40     libvcruntime:undname.obj
 0002:00000a44       ??_C@_02FOEOMHFC@?$CL?$DN?$AA@ 0000000180012a44     libvcruntime:undname.obj
 0002:00000a48       ??_C@_02FKMDLLOA@?9?$DN?$AA@ 0000000180012a48     libvcruntime:undname.obj
 0002:00000a4c       ??_C@_02FJEHGPIO@?1?$DN?$AA@ 0000000180012a4c     libvcruntime:undname.obj
 0002:00000a50       ??_C@_02FENAOKFI@?$CF?$DN?$AA@ 0000000180012a50     libvcruntime:undname.obj
 0002:00000a54       ??_C@_03IKFCCPFF@?$DO?$DO?$DN?$AA@ 0000000180012a54     libvcruntime:undname.obj
 0002:00000a58       ??_C@_03CDNPDDLA@?$DM?$DM?$DN?$AA@ 0000000180012a58     libvcruntime:undname.obj
 0002:00000a5c       ??_C@_02FGJGFEAB@?$CG?$DN?$AA@ 0000000180012a5c     libvcruntime:undname.obj
 0002:00000a60       ??_C@_02DHLNPPGH@?$HM?$DN?$AA@ 0000000180012a60     libvcruntime:undname.obj
 0002:00000a64       ??_C@_02MHEGNOJ@?$FO?$DN?$AA@ 0000000180012a64     libvcruntime:undname.obj
 0002:00000a68       ??_C@_09IFPLHPGF@?$GAvftable?8?$AA@ 0000000180012a68     libvcruntime:undname.obj
 0002:00000a78       ??_C@_09BLBHBJP@?$GAvbtable?8?$AA@ 0000000180012a78     libvcruntime:undname.obj
 0002:00000a88       ??_C@_07FEEIOKP@?$GAvcall?8?$AA@ 0000000180012a88     libvcruntime:undname.obj
 0002:00000a90       ??_C@_08LLFFHHDJ@?$GAtypeof?8?$AA@ 0000000180012a90     libvcruntime:undname.obj
 0002:00000aa0       ??_C@_0BF@KDPPACIK@?$GAlocal?5static?5guard?8?$AA@ 0000000180012aa0     libvcruntime:undname.obj
 0002:00000ab8       ??_C@_08OBABFOLI@?$GAstring?8?$AA@ 0000000180012ab8     libvcruntime:undname.obj
 0002:00000ac8       ??_C@_0BD@JDLKDPAB@?$GAvbase?5destructor?8?$AA@ 0000000180012ac8     libvcruntime:undname.obj
 0002:00000ae0       ??_C@_0BN@DEGPLNFK@?$GAvector?5deleting?5destructor?8?$AA@ 0000000180012ae0     libvcruntime:undname.obj
 0002:00000b00       ??_C@_0BO@OBMKPJIG@?$GAdefault?5constructor?5closure?8?$AA@ 0000000180012b00     libvcruntime:undname.obj
 0002:00000b20       ??_C@_0BN@IMDCHIKM@?$GAscalar?5deleting?5destructor?8?$AA@ 0000000180012b20     libvcruntime:undname.obj
 0002:00000b40       ??_C@_0BO@PFGOCPJJ@?$GAvector?5constructor?5iterator?8?$AA@ 0000000180012b40     libvcruntime:undname.obj
 0002:00000b60       ??_C@_0BN@LFPFMEDL@?$GAvector?5destructor?5iterator?8?$AA@ 0000000180012b60     libvcruntime:undname.obj
 0002:00000b80       ??_C@_0CE@IKBNEHA@?$GAvector?5vbase?5constructor?5iterat@ 0000000180012b80     libvcruntime:undname.obj
 0002:00000ba8       ??_C@_0BL@NILFHHPC@?$GAvirtual?5displacement?5map?8?$AA@ 0000000180012ba8     libvcruntime:undname.obj
 0002:00000bc8       ??_C@_0CB@JONCMFFK@?$GAeh?5vector?5constructor?5iterator?8@ 0000000180012bc8     libvcruntime:undname.obj
 0002:00000bf0       ??_C@_0CA@GCEOPDGL@?$GAeh?5vector?5destructor?5iterator?8?$AA@ 0000000180012bf0     libvcruntime:undname.obj
 0002:00000c10       ??_C@_0CH@OOJPLCPH@?$GAeh?5vector?5vbase?5constructor?5ite@ 0000000180012c10     libvcruntime:undname.obj
 0002:00000c38       ??_C@_0BL@LLKPOHJI@?$GAcopy?5constructor?5closure?8?$AA@ 0000000180012c38     libvcruntime:undname.obj
 0002:00000c58       ??_C@_0BA@KBCDOMBN@?$GAudt?5returning?8?$AA@ 0000000180012c58     libvcruntime:undname.obj
 0002:00000c68       ??_C@_03KLGMFNMG@?$GAEH?$AA@ 0000000180012c68     libvcruntime:undname.obj
 0002:00000c6c       ??_C@_05KHLCHHI@?$GARTTI?$AA@ 0000000180012c6c     libvcruntime:undname.obj
 0002:00000c78       ??_C@_0BA@KKLDJDLB@?$GAlocal?5vftable?8?$AA@ 0000000180012c78     libvcruntime:undname.obj
 0002:00000c88       ??_C@_0CE@IIHCMGGL@?$GAlocal?5vftable?5constructor?5closu@ 0000000180012c88     libvcruntime:undname.obj
 0002:00000cac       ??_C@_06FHBGPFGH@?5new?$FL?$FN?$AA@ 0000000180012cac     libvcruntime:undname.obj
 0002:00000cb8       ??_C@_09LBNFPBCA@?5delete?$FL?$FN?$AA@ 0000000180012cb8     libvcruntime:undname.obj
 0002:00000cc8       ??_C@_0P@HJKNJFNN@?$GAomni?5callsig?8?$AA@ 0000000180012cc8     libvcruntime:undname.obj
 0002:00000cd8       ??_C@_0BL@CNOONJFP@?$GAplacement?5delete?5closure?8?$AA@ 0000000180012cd8     libvcruntime:undname.obj
 0002:00000cf8       ??_C@_0BN@CKNJLHMB@?$GAplacement?5delete?$FL?$FN?5closure?8?$AA@ 0000000180012cf8     libvcruntime:undname.obj
 0002:00000d18       ??_C@_0CG@CFDHKGGD@?$GAmanaged?5vector?5constructor?5iter@ 0000000180012d18     libvcruntime:undname.obj
 0002:00000d40       ??_C@_0CF@IMGKMJNO@?$GAmanaged?5vector?5destructor?5itera@ 0000000180012d40     libvcruntime:undname.obj
 0002:00000d68       ??_C@_0CG@HLDDJMAG@?$GAeh?5vector?5copy?5constructor?5iter@ 0000000180012d68     libvcruntime:undname.obj
 0002:00000d90       ??_C@_0CM@FCBBDIGB@?$GAeh?5vector?5vbase?5copy?5constructo@ 0000000180012d90     libvcruntime:undname.obj
 0002:00000dc0       ??_C@_0BL@CLIPGLGB@?$GAdynamic?5initializer?5for?5?8?$AA@ 0000000180012dc0     libvcruntime:undname.obj
 0002:00000de0       ??_C@_0CB@PDBIFEP@?$GAdynamic?5atexit?5destructor?5for?5?8@ 0000000180012de0     libvcruntime:undname.obj
 0002:00000e08       ??_C@_0CD@CGAJBKEJ@?$GAvector?5copy?5constructor?5iterato@ 0000000180012e08     libvcruntime:undname.obj
 0002:00000e30       ??_C@_0CJ@GJELGAMM@?$GAvector?5vbase?5copy?5constructor?5i@ 0000000180012e30     libvcruntime:undname.obj
 0002:00000e60       ??_C@_0CL@FGIJHLCE@?$GAmanaged?5vector?5copy?5constructor@ 0000000180012e60     libvcruntime:undname.obj
 0002:00000e90       ??_C@_0BM@PMGGMLDN@?$GAlocal?5static?5thread?5guard?8?$AA@ 0000000180012e90     libvcruntime:undname.obj
 0002:00000eb0       ??_C@_0N@BDNMDMOL@operator?5?$CC?$CC?5?$AA@ 0000000180012eb0     libvcruntime:undname.obj
 0002:00000ec0       ??_C@_0BC@GGEBGALA@operator?5co_await?$AA@ 0000000180012ec0     libvcruntime:undname.obj
 0002:00000ed8       ??_C@_0BC@DAFEJGAK@?5Type?5Descriptor?8?$AA@ 0000000180012ed8     libvcruntime:undname.obj
 0002:00000ef0       ??_C@_0BM@LDKODKLH@?5Base?5Class?5Descriptor?5at?5?$CI?$AA@ 0000000180012ef0     libvcruntime:undname.obj
 0002:00000f10       ??_C@_0BD@LGICGFMM@?5Base?5Class?5Array?8?$AA@ 0000000180012f10     libvcruntime:undname.obj
 0002:00000f28       ??_C@_0BN@MECKDCOJ@?5Class?5Hierarchy?5Descriptor?8?$AA@ 0000000180012f28     libvcruntime:undname.obj
 0002:00000f48       ??_C@_0BK@CFCOFLF@?5Complete?5Object?5Locator?8?$AA@ 0000000180012f48     libvcruntime:undname.obj
 0002:00000f80       ??_C@_1DM@KHCHBNEB@?$AAa?$AAp?$AAi?$AA?9?$AAm?$AAs?$AA?9?$AAw?$AAi?$AAn?$AA?9?$AAc?$AAo?$AAr?$AAe?$AA?9?$AAf?$AAi?$AAb?$AAe?$AAr?$AAs?$AA?9?$AAl?$AA1?$AA?9?$AA1?$AA?9?$AA1?$AA?$AA@ 0000000180012f80     libvcruntime:winapi_downlevel.obj
 0002:00000fc0       ??_C@_1DK@LPPGFMPP@?$AAa?$AAp?$AAi?$AA?9?$AAm?$AAs?$AA?9?$AAw?$AAi?$AAn?$AA?9?$AAc?$AAo?$AAr?$AAe?$AA?9?$AAs?$AAy?$AAn?$AAc?$AAh?$AA?9?$AAl?$AA1?$AA?9?$AA2?$AA?9?$AA0?$AA?$AA@ 0000000180012fc0     libvcruntime:winapi_downlevel.obj
 0002:00001000       ??_C@_1BC@GDMECMAK@?$AAk?$AAe?$AAr?$AAn?$AAe?$AAl?$AA3?$AA2?$AA?$AA@ 0000000180013000     libvcruntime:winapi_downlevel.obj
 0002:00001018       ??_C@_1BA@PFFKHIOG@?$AAa?$AAp?$AAi?$AA?9?$AAm?$AAs?$AA?9?$AA?$AA@ 0000000180013018     libvcruntime:winapi_downlevel.obj
 0002:00001028       ??_C@_1BA@IAIFMGEF@?$AAe?$AAx?$AAt?$AA?9?$AAm?$AAs?$AA?9?$AA?$AA@ 0000000180013028     libvcruntime:winapi_downlevel.obj
 0002:00001040       ??_C@_08KNHFBNJ@FlsAlloc?$AA@ 0000000180013040     libvcruntime:winapi_downlevel.obj
 0002:00001058       ??_C@_07PEJMOBNF@FlsFree?$AA@ 0000000180013058     libvcruntime:winapi_downlevel.obj
 0002:00001068       ??_C@_0M@GDNOONDI@FlsGetValue?$AA@ 0000000180013068     libvcruntime:winapi_downlevel.obj
 0002:00001080       ??_C@_0M@JCPCPOEF@FlsSetValue?$AA@ 0000000180013080     libvcruntime:winapi_downlevel.obj
 0002:00001098       ??_C@_0BM@HCFOFFN@InitializeCriticalSectionEx?$AA@ 0000000180013098     libvcruntime:winapi_downlevel.obj
 0002:000010c0       __acrt_exception_action_table 00000001800130c0     libucrt:exception_filter.obj
 0002:00001180       __acrt_signal_action_table_count 0000000180013180     libucrt:exception_filter.obj
 0002:00001188       __acrt_signal_action_first_fpe_index 0000000180013188     libucrt:exception_filter.obj
 0002:00001190       __acrt_signal_action_fpe_count 0000000180013190     libucrt:exception_filter.obj
 0002:00001198       ??_C@_1BI@BGOHAHKC@?$AAm?$AAs?$AAc?$AAo?$AAr?$AAe?$AAe?$AA?4?$AAd?$AAl?$AAl?$AA?$AA@ 0000000180013198     libucrt:exit.obj
 0002:000011b0       ??_C@_0P@MIGLKIOC@CorExitProcess?$AA@ 00000001800131b0     libucrt:exit.obj
 0002:00001420       __lc_time_c                0000000180013420     libucrt:nlsdata.obj
 0002:000016e0       ??_C@_03KOEHGMDN@Sun?$AA@  00000001800136e0     libucrt:nlsdata.obj
 0002:000016e4       ??_C@_03PDAGKDH@Mon?$AA@   00000001800136e4     libucrt:nlsdata.obj
 0002:000016e8       ??_C@_03NAGEINEP@Tue?$AA@  00000001800136e8     libucrt:nlsdata.obj
 0002:000016ec       ??_C@_03MHOMLAJA@Wed?$AA@  00000001800136ec     libucrt:nlsdata.obj
 0002:000016f0       ??_C@_03IOFIKPDN@Thu?$AA@  00000001800136f0     libucrt:nlsdata.obj
 0002:000016f4       ??_C@_03IDIOELNC@Fri?$AA@  00000001800136f4     libucrt:nlsdata.obj
 0002:000016f8       ??_C@_03FEFJNEK@Sat?$AA@   00000001800136f8     libucrt:nlsdata.obj
 0002:000016fc       ??_C@_06OOPIFAJ@Sunday?$AA@ 00000001800136fc     libucrt:nlsdata.obj
 0002:00001704       ??_C@_06JLEDEDGH@Monday?$AA@ 0000000180013704     libucrt:nlsdata.obj
 0002:00001710       ??_C@_07BAAGCFCM@Tuesday?$AA@ 0000000180013710     libucrt:nlsdata.obj
 0002:00001718       ??_C@_09DLIGFAKA@Wednesday?$AA@ 0000000180013718     libucrt:nlsdata.obj
 0002:00001728       ??_C@_08HACCIKIA@Thursday?$AA@ 0000000180013728     libucrt:nlsdata.obj
 0002:00001734       ??_C@_06JECMNKMI@Friday?$AA@ 0000000180013734     libucrt:nlsdata.obj
 0002:00001740       ??_C@_08INBOOONO@Saturday?$AA@ 0000000180013740     libucrt:nlsdata.obj
 0002:0000174c       ??_C@_03JIHJHPIE@Jan?$AA@  000000018001374c     libucrt:nlsdata.obj
 0002:00001750       ??_C@_03HJBDCHOM@Feb?$AA@  0000000180013750     libucrt:nlsdata.obj
 0002:00001754       ??_C@_03ODNJBKGA@Mar?$AA@  0000000180013754     libucrt:nlsdata.obj
 0002:00001758       ??_C@_03LEOLGMJP@Apr?$AA@  0000000180013758     libucrt:nlsdata.obj
 0002:0000175c       ??_C@_03CNMDKL@May?$AA@    000000018001375c     libucrt:nlsdata.obj
 0002:00001760       ??_C@_03IDFGHECI@Jun?$AA@  0000000180013760     libucrt:nlsdata.obj
 0002:00001764       ??_C@_03LBGABGKK@Jul?$AA@  0000000180013764     libucrt:nlsdata.obj
 0002:00001768       ??_C@_03IFJFEIGA@Aug?$AA@  0000000180013768     libucrt:nlsdata.obj
 0002:0000176c       ??_C@_03GGCAPAJC@Sep?$AA@  000000018001376c     libucrt:nlsdata.obj
 0002:00001770       ??_C@_03BMAOKBAD@Oct?$AA@  0000000180013770     libucrt:nlsdata.obj
 0002:00001774       ??_C@_03JPJOFNIA@Nov?$AA@  0000000180013774     libucrt:nlsdata.obj
 0002:00001778       ??_C@_03MKABNOCG@Dec?$AA@  0000000180013778     libucrt:nlsdata.obj
 0002:00001780       ??_C@_07CGJPFGJA@January?$AA@ 0000000180013780     libucrt:nlsdata.obj
 0002:00001788       ??_C@_08GNJGEPFN@February?$AA@ 0000000180013788     libucrt:nlsdata.obj
 0002:00001794       ??_C@_05HPCKOFNC@March?$AA@ 0000000180013794     libucrt:nlsdata.obj
 0002:0000179c       ??_C@_05DMJDNLEJ@April?$AA@ 000000018001379c     libucrt:nlsdata.obj
 0002:000017a4       ??_C@_04CNLMGBGM@June?$AA@ 00000001800137a4     libucrt:nlsdata.obj
 0002:000017ac       ??_C@_04MIEPOIFP@July?$AA@ 00000001800137ac     libucrt:nlsdata.obj
 0002:000017b4       ??_C@_06LBBHFDDG@August?$AA@ 00000001800137b4     libucrt:nlsdata.obj
 0002:000017c0       ??_C@_09BHHEALKD@September?$AA@ 00000001800137c0     libucrt:nlsdata.obj
 0002:000017d0       ??_C@_07JJNFCEND@October?$AA@ 00000001800137d0     libucrt:nlsdata.obj
 0002:000017d8       ??_C@_08HCHEGEOA@November?$AA@ 00000001800137d8     libucrt:nlsdata.obj
 0002:000017e8       ??_C@_08EDHMEBNP@December?$AA@ 00000001800137e8     libucrt:nlsdata.obj
 0002:000017f4       ??_C@_02DEDBPAFC@AM?$AA@   00000001800137f4     libucrt:nlsdata.obj
 0002:000017f8       ??_C@_02CJNFDJBF@PM?$AA@   00000001800137f8     libucrt:nlsdata.obj
 0002:00001800       ??_C@_08BPBNCDIB@MM?1dd?1yy?$AA@ 0000000180013800     libucrt:nlsdata.obj
 0002:00001810       ??_C@_0BE@CKGJFCPC@dddd?0?5MMMM?5dd?0?5yyyy?$AA@ 0000000180013810     libucrt:nlsdata.obj
 0002:00001828       ??_C@_08JCCMCCIL@HH?3mm?3ss?$AA@ 0000000180013828     libucrt:nlsdata.obj
 0002:00001838       ??_C@_17MBGCMIPB@?$AAS?$AAu?$AAn?$AA?$AA@ 0000000180013838     libucrt:nlsdata.obj
 0002:00001840       ??_C@_17KBOMKBF@?$AAM?$AAo?$AAn?$AA?$AA@ 0000000180013840     libucrt:nlsdata.obj
 0002:00001848       ??_C@_17BMKGEGOJ@?$AAT?$AAu?$AAe?$AA?$AA@ 0000000180013848     libucrt:nlsdata.obj
 0002:00001850       ??_C@_17CJEDCEPE@?$AAW?$AAe?$AAd?$AA?$AA@ 0000000180013850     libucrt:nlsdata.obj
 0002:00001858       ??_C@_17PDPHAADD@?$AAT?$AAh?$AAu?$AA?$AA@ 0000000180013858     libucrt:nlsdata.obj
 0002:00001860       ??_C@_17HFOLPPLP@?$AAF?$AAr?$AAi?$AA?$AA@ 0000000180013860     libucrt:nlsdata.obj
 0002:00001868       ??_C@_17GGIBDPIH@?$AAS?$AAa?$AAt?$AA?$AA@ 0000000180013868     libucrt:nlsdata.obj
 0002:00001870       ??_C@_1O@IHNHDHPB@?$AAS?$AAu?$AAn?$AAd?$AAa?$AAy?$AA?$AA@ 0000000180013870     libucrt:nlsdata.obj
 0002:00001880       ??_C@_1O@MMNBFLIA@?$AAM?$AAo?$AAn?$AAd?$AAa?$AAy?$AA?$AA@ 0000000180013880     libucrt:nlsdata.obj
 0002:00001890       ??_C@_1BA@ENFBFFEK@?$AAT?$AAu?$AAe?$AAs?$AAd?$AAa?$AAy?$AA?$AA@ 0000000180013890     libucrt:nlsdata.obj
 0002:000018a0       ??_C@_1BE@EBOGMDOH@?$AAW?$AAe?$AAd?$AAn?$AAe?$AAs?$AAd?$AAa?$AAy?$AA?$AA@ 00000001800138a0     libucrt:nlsdata.obj
 0002:000018b8       ??_C@_1BC@HHMNLIHE@?$AAT?$AAh?$AAu?$AAr?$AAs?$AAd?$AAa?$AAy?$AA?$AA@ 00000001800138b8     libucrt:nlsdata.obj
 0002:000018d0       ??_C@_1O@PDICJHAG@?$AAF?$AAr?$AAi?$AAd?$AAa?$AAy?$AA?$AA@ 00000001800138d0     libucrt:nlsdata.obj
 0002:000018e0       ??_C@_1BC@ENMNNPAJ@?$AAS?$AAa?$AAt?$AAu?$AAr?$AAd?$AAa?$AAy?$AA?$AA@ 00000001800138e0     libucrt:nlsdata.obj
 0002:000018f8       ??_C@_17DKNBKCHM@?$AAJ?$AAa?$AAn?$AA?$AA@ 00000001800138f8     libucrt:nlsdata.obj
 0002:00001900       ??_C@_17LMDJEKJN@?$AAF?$AAe?$AAb?$AA?$AA@ 0000000180013900     libucrt:nlsdata.obj
 0002:00001908       ??_C@_17CKNLEDEC@?$AAM?$AAa?$AAr?$AA?$AA@ 0000000180013908     libucrt:nlsdata.obj
 0002:00001910       ??_C@_17LFPOIHDD@?$AAA?$AAp?$AAr?$AA?$AA@ 0000000180013910     libucrt:nlsdata.obj
 0002:00001918       ??_C@_17PNNKMEED@?$AAM?$AAa?$AAy?$AA?$AA@ 0000000180013918     libucrt:nlsdata.obj
 0002:00001920       ??_C@_17KCJGOCPB@?$AAJ?$AAu?$AAn?$AA?$AA@ 0000000180013920     libucrt:nlsdata.obj
 0002:00001928       ??_C@_17IJPCKHK@?$AAJ?$AAu?$AAl?$AA?$AA@ 0000000180013928     libucrt:nlsdata.obj
 0002:00001930       ??_C@_17ICPELBCN@?$AAA?$AAu?$AAg?$AA?$AA@ 0000000180013930     libucrt:nlsdata.obj
 0002:00001938       ??_C@_17HCHCOKMG@?$AAS?$AAe?$AAp?$AA?$AA@ 0000000180013938     libucrt:nlsdata.obj
 0002:00001940       ??_C@_17FNLKOI@?$AAO?$AAc?$AAt?$AA?$AA@ 0000000180013940     libucrt:nlsdata.obj
 0002:00001948       ??_C@_17BBDMLCIG@?$AAN?$AAo?$AAv?$AA?$AA@ 0000000180013948     libucrt:nlsdata.obj
 0002:00001950       ??_C@_17EGKACKIF@?$AAD?$AAe?$AAc?$AA?$AA@ 0000000180013950     libucrt:nlsdata.obj
 0002:00001958       ??_C@_1BA@EFMEIEBA@?$AAJ?$AAa?$AAn?$AAu?$AAa?$AAr?$AAy?$AA?$AA@ 0000000180013958     libucrt:nlsdata.obj
 0002:00001968       ??_C@_1BC@JGDDFFAM@?$AAF?$AAe?$AAb?$AAr?$AAu?$AAa?$AAr?$AAy?$AA?$AA@ 0000000180013968     libucrt:nlsdata.obj
 0002:00001980       ??_C@_1M@IKEENEDF@?$AAM?$AAa?$AAr?$AAc?$AAh?$AA?$AA@ 0000000180013980     libucrt:nlsdata.obj
 0002:00001990       ??_C@_1M@GJNLMHFD@?$AAA?$AAp?$AAr?$AAi?$AAl?$AA?$AA@ 0000000180013990     libucrt:nlsdata.obj
 0002:000019a0       ??_C@_19EPFLPGAP@?$AAJ?$AAu?$AAn?$AAe?$AA?$AA@ 00000001800139a0     libucrt:nlsdata.obj
 0002:000019b0       ??_C@_19BIFMLPCD@?$AAJ?$AAu?$AAl?$AAy?$AA?$AA@ 00000001800139b0     libucrt:nlsdata.obj
 0002:000019c0       ??_C@_1O@PAHLKOAC@?$AAA?$AAu?$AAg?$AAu?$AAs?$AAt?$AA?$AA@ 00000001800139c0     libucrt:nlsdata.obj
 0002:000019d0       ??_C@_1BE@DKAAMBJL@?$AAS?$AAe?$AAp?$AAt?$AAe?$AAm?$AAb?$AAe?$AAr?$AA?$AA@ 00000001800139d0     libucrt:nlsdata.obj
 0002:000019e8       ??_C@_1BA@EPANDLNG@?$AAO?$AAc?$AAt?$AAo?$AAb?$AAe?$AAr?$AA?$AA@ 00000001800139e8     libucrt:nlsdata.obj
 0002:000019f8       ??_C@_1BC@BGLIFPF@?$AAN?$AAo?$AAv?$AAe?$AAm?$AAb?$AAe?$AAr?$AA?$AA@ 00000001800139f8     libucrt:nlsdata.obj
 0002:00001a10       ??_C@_1BC@FEMKIFH@?$AAD?$AAe?$AAc?$AAe?$AAm?$AAb?$AAe?$AAr?$AA?$AA@ 0000000180013a10     libucrt:nlsdata.obj
 0002:00001a24       ??_C@_15ODEHAHHF@?$AAA?$AAM?$AA?$AA@ 0000000180013a24     libucrt:nlsdata.obj
 0002:00001a2c       ??_C@_15CLMNNGEL@?$AAP?$AAM?$AA?$AA@ 0000000180013a2c     libucrt:nlsdata.obj
 0002:00001a38       ??_C@_1BC@IEBCMHCM@?$AAM?$AAM?$AA?1?$AAd?$AAd?$AA?1?$AAy?$AAy?$AA?$AA@ 0000000180013a38     libucrt:nlsdata.obj
 0002:00001a50       ??_C@_1CI@KNAKOEBC@?$AAd?$AAd?$AAd?$AAd?$AA?0?$AA?5?$AAM?$AAM?$AAM?$AAM?$AA?5?$AAd?$AAd?$AA?0?$AA?5?$AAy?$AAy?$AAy?$AAy?$AA?$AA@ 0000000180013a50     libucrt:nlsdata.obj
 0002:00001a78       ??_C@_1BC@GDGBMEMK@?$AAH?$AAH?$AA?3?$AAm?$AAm?$AA?3?$AAs?$AAs?$AA?$AA@ 0000000180013a78     libucrt:nlsdata.obj
 0002:00001a90       ??_C@_1M@BMHNFIME@?$AAe?$AAn?$AA?9?$AAU?$AAS?$AA?$AA@ 0000000180013a90     libucrt:nlsdata.obj
 0002:00001ac0       ??_C@_1M@HPNHIDJI@?$AAj?$AAa?$AA?9?$AAJ?$AAP?$AA?$AA@ 0000000180013ac0     libucrt:mbctype.obj
 0002:00001ad0       ??_C@_1M@BIBDDEMK@?$AAz?$AAh?$AA?9?$AAC?$AAN?$AA?$AA@ 0000000180013ad0     libucrt:mbctype.obj
 0002:00001ae0       ??_C@_1M@JLOOOEGK@?$AAk?$AAo?$AA?9?$AAK?$AAR?$AA?$AA@ 0000000180013ae0     libucrt:mbctype.obj
 0002:00001af0       ??_C@_1M@CLNBBOPM@?$AAz?$AAh?$AA?9?$AAT?$AAW?$AA?$AA@ 0000000180013af0     libucrt:mbctype.obj
 0002:00001ba0       ??_C@_1EA@JGEFHKEI@?$AAa?$AAp?$AAi?$AA?9?$AAm?$AAs?$AA?9?$AAw?$AAi?$AAn?$AA?9?$AAc?$AAo?$AAr?$AAe?$AA?9?$AAd?$AAa?$AAt?$AAe?$AAt?$AAi?$AAm?$AAe?$AA?9?$AAl?$AA1?$AA?9?$AA1?$AA?9?$AA1?$AA?$AA@ 0000000180013ba0     libucrt:winapi_thunks.obj
 0002:00001be0       ??_C@_1DI@IJCEHOCB@?$AAa?$AAp?$AAi?$AA?9?$AAm?$AAs?$AA?9?$AAw?$AAi?$AAn?$AA?9?$AAc?$AAo?$AAr?$AAe?$AA?9?$AAf?$AAi?$AAl?$AAe?$AA?9?$AAl?$AA1?$AA?9?$AA2?$AA?9?$AA2?$AA?$AA@ 0000000180013be0     libucrt:winapi_thunks.obj
 0002:00001c20       ??_C@_1EI@MPIAOHOC@?$AAa?$AAp?$AAi?$AA?9?$AAm?$AAs?$AA?9?$AAw?$AAi?$AAn?$AA?9?$AAc?$AAo?$AAr?$AAe?$AA?9?$AAl?$AAo?$AAc?$AAa?$AAl?$AAi?$AAz?$AAa?$AAt?$AAi?$AAo?$AAn?$AA?9?$AAl?$AA1?$AA?9@ 0000000180013c20     libucrt:winapi_thunks.obj
 0002:00001c70       ??_C@_1FK@FPHCKFIE@?$AAa?$AAp?$AAi?$AA?9?$AAm?$AAs?$AA?9?$AAw?$AAi?$AAn?$AA?9?$AAc?$AAo?$AAr?$AAe?$AA?9?$AAl?$AAo?$AAc?$AAa?$AAl?$AAi?$AAz?$AAa?$AAt?$AAi?$AAo?$AAn?$AA?9?$AAo?$AAb?$AAs@ 0000000180013c70     libucrt:winapi_thunks.obj
 0002:00001cd0       ??_C@_1EM@DILCGIIO@?$AAa?$AAp?$AAi?$AA?9?$AAm?$AAs?$AA?9?$AAw?$AAi?$AAn?$AA?9?$AAc?$AAo?$AAr?$AAe?$AA?9?$AAp?$AAr?$AAo?$AAc?$AAe?$AAs?$AAs?$AAt?$AAh?$AAr?$AAe?$AAa?$AAd?$AAs?$AA?9?$AAl@ 0000000180013cd0     libucrt:winapi_thunks.obj
 0002:00001d20       ??_C@_1DM@LNCGDDPN@?$AAa?$AAp?$AAi?$AA?9?$AAm?$AAs?$AA?9?$AAw?$AAi?$AAn?$AA?9?$AAc?$AAo?$AAr?$AAe?$AA?9?$AAs?$AAt?$AAr?$AAi?$AAn?$AAg?$AA?9?$AAl?$AA1?$AA?9?$AA1?$AA?9?$AA0?$AA?$AA@ 0000000180013d20     libucrt:winapi_thunks.obj
 0002:00001d60       ??_C@_1DO@FPAPJEMD@?$AAa?$AAp?$AAi?$AA?9?$AAm?$AAs?$AA?9?$AAw?$AAi?$AAn?$AA?9?$AAc?$AAo?$AAr?$AAe?$AA?9?$AAs?$AAy?$AAs?$AAi?$AAn?$AAf?$AAo?$AA?9?$AAl?$AA1?$AA?9?$AA2?$AA?9?$AA1?$AA?$AA@ 0000000180013d60     libucrt:winapi_thunks.obj
 0002:00001da0       ??_C@_1DK@NDHNAHIO@?$AAa?$AAp?$AAi?$AA?9?$AAm?$AAs?$AA?9?$AAw?$AAi?$AAn?$AA?9?$AAc?$AAo?$AAr?$AAe?$AA?9?$AAw?$AAi?$AAn?$AAr?$AAt?$AA?9?$AAl?$AA1?$AA?9?$AA1?$AA?9?$AA0?$AA?$AA@ 0000000180013da0     libucrt:winapi_thunks.obj
 0002:00001de0       ??_C@_1DM@KGHDGBCM@?$AAa?$AAp?$AAi?$AA?9?$AAm?$AAs?$AA?9?$AAw?$AAi?$AAn?$AA?9?$AAc?$AAo?$AAr?$AAe?$AA?9?$AAx?$AAs?$AAt?$AAa?$AAt?$AAe?$AA?9?$AAl?$AA2?$AA?9?$AA1?$AA?9?$AA0?$AA?$AA@ 0000000180013de0     libucrt:winapi_thunks.obj
 0002:00001e20       ??_C@_1EO@IJIOEFOH@?$AAa?$AAp?$AAi?$AA?9?$AAm?$AAs?$AA?9?$AAw?$AAi?$AAn?$AA?9?$AAr?$AAt?$AAc?$AAo?$AAr?$AAe?$AA?9?$AAn?$AAt?$AAu?$AAs?$AAe?$AAr?$AA?9?$AAw?$AAi?$AAn?$AAd?$AAo?$AAw?$AA?9@ 0000000180013e20     libucrt:winapi_thunks.obj
 0002:00001e70       ??_C@_1FG@HHGEKANL@?$AAa?$AAp?$AAi?$AA?9?$AAm?$AAs?$AA?9?$AAw?$AAi?$AAn?$AA?9?$AAs?$AAe?$AAc?$AAu?$AAr?$AAi?$AAt?$AAy?$AA?9?$AAs?$AAy?$AAs?$AAt?$AAe?$AAm?$AAf?$AAu?$AAn?$AAc?$AAt?$AAi@ 0000000180013e70     libucrt:winapi_thunks.obj
 0002:00001ed0       ??_C@_1EG@DBIOJECG@?$AAe?$AAx?$AAt?$AA?9?$AAm?$AAs?$AA?9?$AAw?$AAi?$AAn?$AA?9?$AAn?$AAt?$AAu?$AAs?$AAe?$AAr?$AA?9?$AAd?$AAi?$AAa?$AAl?$AAo?$AAg?$AAb?$AAo?$AAx?$AA?9?$AAl?$AA1?$AA?9?$AA1@ 0000000180013ed0     libucrt:winapi_thunks.obj
 0002:00001f20       ??_C@_1EO@FIHMJCLF@?$AAe?$AAx?$AAt?$AA?9?$AAm?$AAs?$AA?9?$AAw?$AAi?$AAn?$AA?9?$AAn?$AAt?$AAu?$AAs?$AAe?$AAr?$AA?9?$AAw?$AAi?$AAn?$AAd?$AAo?$AAw?$AAs?$AAt?$AAa?$AAt?$AAi?$AAo?$AAn?$AA?9@ 0000000180013f20     libucrt:winapi_thunks.obj
 0002:00001f70       ??_C@_1BC@DNHGCMLG@?$AAa?$AAd?$AAv?$AAa?$AAp?$AAi?$AA3?$AA2?$AA?$AA@ 0000000180013f70     libucrt:winapi_thunks.obj
 0002:00001f88       ??_C@_1M@OAIMIKLP@?$AAn?$AAt?$AAd?$AAl?$AAl?$AA?$AA@ 0000000180013f88     libucrt:winapi_thunks.obj
 0002:00001fa0       ??_C@_1EG@DPGNFKGC@?$AAa?$AAp?$AAi?$AA?9?$AAm?$AAs?$AA?9?$AAw?$AAi?$AAn?$AA?9?$AAa?$AAp?$AAp?$AAm?$AAo?$AAd?$AAe?$AAl?$AA?9?$AAr?$AAu?$AAn?$AAt?$AAi?$AAm?$AAe?$AA?9?$AAl?$AA1?$AA?9?$AA1@ 0000000180013fa0     libucrt:winapi_thunks.obj
 0002:00001fe8       ??_C@_1O@BCCLBEOE@?$AAu?$AAs?$AAe?$AAr?$AA3?$AA2?$AA?$AA@ 0000000180013fe8     libucrt:winapi_thunks.obj
 0002:00002028       ??_C@_0O@KKBNKAPF@LCMapStringEx?$AA@ 0000000180014028     libucrt:winapi_thunks.obj
 0002:00002040       ??_C@_0BB@HBDEELFH@LocaleNameToLCID?$AA@ 0000000180014040     libucrt:winapi_thunks.obj
 0002:00002058       ??_C@_0CF@OJOFEIGO@AppPolicyGetProcessTerminationMe@ 0000000180014058     libucrt:winapi_thunks.obj
 0002:00002080       __newctype                 0000000180014080     libucrt:ctype.obj
 0002:00002380       __newclmap                 0000000180014380     libucrt:ctype.obj
 0002:00002500       __newcumap                 0000000180014500     libucrt:ctype.obj
 0002:00002680       ??_C@_15PJPFLCCM@?$AAu?$AAk?$AA?$AA@ 0000000180014680     libucrt:get_qualified_locale.obj
 0002:000034d0       ??_C@_15EMKDOKLE@?$AAa?$AAr?$AA?$AA@ 00000001800154d0     libucrt:lcidtoname_downlevel.obj
[...]
 0004:00000b70       $pdata$__acrt_uninitialize_lowio 000000018001fb70     libucrt:ioinit.obj
 0004:00000b7c       $pdata$__acrt_execute_initializers 000000018001fb7c     libucrt:shared_initialization.obj
 0004:00000b88       $pdata$__acrt_execute_uninitializers 000000018001fb88     libucrt:shared_initialization.obj
 0004:00000b94       $pdata$??$?RV<lambda_450d765d439847d4c735a33c368b5fc0>@@AEAV<lambda_44731a7d0e6d81c3e6aa82d741081786>@@V<lambda_601a2a7da3b7a96e9554ac7215c4b07c>@@@?$__crt_seh_guarded_call@P6AXH@Z@@QEAAP6AXH@Z$$QEAV<lambda_450d765d439847d4c735a33c368b5fc0>@@AEAV<lambda_44731a7d0e6d81c3e6aa82d741081786>@@$$QEAV<lambda_601a2a7da3b7a96e9554ac7215c4b07c>@@@Z 000000018001fb94     libucrt:signal.obj
 0004:00000ba0       $pdata$__acrt_get_sigabrt_handler 000000018001fba0     libucrt:signal.obj
 0004:00000bac       $pdata$raise               000000018001fbac     libucrt:signal.obj
 0004:00000bb8       $pdata$??$?RV<lambda_842d9ff0dc9ef11c61343bbaebe7f885>@@AEAV<lambda_c5860995281e5c4ce005b3de8f5874ee>@@V<lambda_d90129c13df834fdcbf8d2b88dafcf2d>@@@?$__crt_seh_guarded_call@X@@QEAAX$$QEAV<lambda_842d9ff0dc9ef11c61343bbaebe7f885>@@AEAV<lambda_c5860995281e5c4ce005b3de8f5874ee>@@$$QEAV<lambda_d90129c13df834fdcbf8d2b88dafcf2d>@@@Z 000000018001fbb8     libucrt:fflush.obj
 0004:00000bc4       $pdata$??$?RV<lambda_886d6c58226a84441f68b9f2b8217b83>@@AEAV<lambda_ab61a845afdef5b7c387490eaf3616ee>@@V<lambda_f7f22ab5edc0698d5f6905b0d3f44752>@@@?$__crt_seh_guarded_call@X@@QEAAX$$QEAV<lambda_886d6c58226a84441f68b9f2b8217b83>@@AEAV<lambda_ab61a845afdef5b7c387490eaf3616ee>@@$$QEAV<lambda_f7f22ab5edc0698d5f6905b0d3f44752>@@@Z 000000018001fbc4     libucrt:fflush.obj
 0004:00000bd0       $pdata$?common_flush_all@@YAH_N@Z 000000018001fbd0     libucrt:fflush.obj
 0004:00000bdc       $pdata$__acrt_stdio_flush_nolock 000000018001fbdc     libucrt:fflush.obj
 0004:00000be8       $pdata$_fflush_nolock      000000018001fbe8     libucrt:fflush.obj
 0004:00000bf4       $pdata$__acrt_initialize_stdio 000000018001fbf4     libucrt:_file.obj
 0004:00000c00       $pdata$__acrt_uninitialize_stdio 000000018001fc00     libucrt:_file.obj
 0004:00000c0c       $pdata$_mbtowc_l           000000018001fc0c     libucrt:mbtowc.obj
 0004:00000c18       $pdata$_fileno             000000018001fc18     libucrt:fileno.obj
 0004:00000c24       $pdata$__pctype_func       000000018001fc24     libucrt:ctype.obj
 0004:00000c30       $pdata$__acrt_free_locale  000000018001fc30     libucrt:locale_refcounting.obj
 0004:00000c3c       $pdata$__acrt_locale_free_lc_time_if_unreferenced 000000018001fc3c     libucrt:locale_refcounting.obj
 0004:00000c48       $pdata$__acrt_release_locale_ref 000000018001fc48     libucrt:locale_refcounting.obj
 0004:00000c54       $pdata$__acrt_update_thread_locale_data 000000018001fc54     libucrt:locale_refcounting.obj
 0004:00000c60       $pdata$_updatetlocinfoEx_nolock 000000018001fc60     libucrt:locale_refcounting.obj
 0004:00000c6c       $pdata$_isleadbyte_l       000000018001fc6c     libucrt:_wctype.obj
 0004:00000c78       $pdata$?__acrt_LCMapStringA_stat@@YAHPEAU__crt_locale_pointers@@PEB_WKPEBDHPEADHHH@Z 000000018001fc78     libucrt:lcmapstringa.obj
 0004:00000c84       $pdata$__acrt_LCMapStringA 000000018001fc84     libucrt:lcmapstringa.obj
 0004:00000c90       $pdata$__acrt_locale_free_monetary 000000018001fc90     libucrt:initmon.obj
 0004:00000c9c       $pdata$__acrt_locale_free_numeric 000000018001fc9c     libucrt:initnum.obj
 0004:00000ca8       $pdata$?free_crt_array_internal@@YAXQEAPEBX_K@Z 000000018001fca8     libucrt:inittime.obj
 0004:00000cb4       $pdata$__acrt_locale_free_time 000000018001fcb4     libucrt:inittime.obj
 0004:00000cc0       $pdata$__acrt_GetStringTypeA 000000018001fcc0     libucrt:getstringtypea.obj
 0004:00000ccc       $pdata$qsort               000000018001fccc     libucrt:qsort.obj
 0004:00000cd8       $pdata$4$qsort             000000018001fcd8     libucrt:qsort.obj
 0004:00000ce4       $pdata$5$qsort             000000018001fce4     libucrt:qsort.obj
 0004:00000cf0       $pdata$strncpy_s           000000018001fcf0     libucrt:strncpy_s.obj
 0004:00000cfc       $pdata$fallbackMethod      000000018001fcfc     libucrt:strpbrk.obj
 0004:00000d08       $pdata$strpbrk             000000018001fd08     libucrt:strpbrk.obj
 0004:00000d14       $pdata$??$__acrt_convert_wcs_mbs@D_W$$A6A_KPEA_WPEBD_KPEAU__crt_locale_pointers@@@ZU__crt_win32_buffer_internal_dynamic_resizing@@@@YAHQEBDAEAV?$__crt_win32_buffer@_WU__crt_win32_buffer_internal_dynamic_resizing@@@@A6A_KPEA_WPEBD_KPEAU__crt_locale_pointers@@@Z5@Z 000000018001fd14     libucrt:findfirstfileexa.obj
 0004:00000d20       $pdata$__acrt_FindFirstFileExA 000000018001fd20     libucrt:findfirstfileexa.obj
 0004:00000d2c       $pdata$??$__acrt_convert_wcs_mbs@_WD$$A6A_KPEADPEB_W_KPEAU__crt_locale_pointers@@@ZU__crt_win32_buffer_no_resizing@@@@YAHQEB_WAEAV?$__crt_win32_buffer@DU__crt_win32_buffer_no_resizing@@@@A6A_KPEADPEB_W_KPEAU__crt_locale_pointers@@@Z5@Z 000000018001fd2c     libucrt:findnextfilea.obj
 0004:00000d38       $pdata$__acrt_FindNextFileA 000000018001fd38     libucrt:findnextfilea.obj
 0004:00000d44       $pdata$_mbsdec_l           000000018001fd44     libucrt:mbsdec.obj
 0004:00000d50       $pdata$?_mbstowcs_l_helper@@YA_KPEA_WPEBD_KPEAU__crt_locale_pointers@@@Z 000000018001fd50     libucrt:mbstowcs.obj
 0004:00000d5c       $pdata$?initialize_multibyte@@YAHXZ 000000018001fd5c     libucrt:multibyte_initializer.obj
 0004:00000d68       $pdata$_msize_base         000000018001fd68     libucrt:msize.obj
 0004:00000d74       $pdata$_realloc_base       000000018001fd74     libucrt:realloc_base.obj
 0004:00000d80       $pdata$?GetTableIndexFromLocaleName@@YAHPEB_W@Z 000000018001fd80     libucrt:lcidtoname_downlevel.obj
 0004:00000d8c       $pdata$__acrt_DownlevelLocaleNameToLCID 000000018001fd8c     libucrt:lcidtoname_downlevel.obj
 0004:00000d98       $pdata$__acrt_lowio_create_handle_array 000000018001fd98     libucrt:osfinfo.obj
 0004:00000da4       $pdata$__acrt_lowio_destroy_handle_array 000000018001fda4     libucrt:osfinfo.obj
 0004:00000db0       $pdata$__acrt_lowio_ensure_fh_exists 000000018001fdb0     libucrt:osfinfo.obj
 0004:00000dbc       $pdata$_free_osfhnd        000000018001fdbc     libucrt:osfinfo.obj
 0004:00000dc8       $pdata$_get_osfhandle      000000018001fdc8     libucrt:osfinfo.obj
 0004:00000dd4       $pdata$??$?RV<lambda_a37b2b86f63e897a80ea819b0eb08c01>@@AEAV<lambda_38ce7e780aa69e748d6df282ebc68efe>@@V<lambda_99fb1378e971ab6e7edea83e3a7a83a2>@@@?$__crt_seh_guarded_call@H@@QEAAH$$QEAV<lambda_a37b2b86f63e897a80ea819b0eb08c01>@@AEAV<lambda_38ce7e780aa69e748d6df282ebc68efe>@@$$QEAV<lambda_99fb1378e971ab6e7edea83e3a7a83a2>@@@Z 000000018001fdd4     libucrt:commit.obj
 0004:00000de0       $pdata$_commit             000000018001fde0     libucrt:commit.obj
 0004:00000dec       $pdata$?write_double_translated_ansi_nolock@@YA?AUwrite_result@?A0x17268360@@HQEBDI@Z 000000018001fdec     libucrt:write.obj
 0004:00000df8       $pdata$?write_text_ansi_nolock@@YA?AUwrite_result@?A0x17268360@@HQEBDI@Z 000000018001fdf8     libucrt:write.obj
 0004:00000e04       $pdata$?write_text_utf16le_nolock@@YA?AUwrite_result@?A0x17268360@@HQEBDI@Z 000000018001fe04     libucrt:write.obj
 0004:00000e10       $pdata$?write_text_utf8_nolock@@YA?AUwrite_result@?A0x17268360@@HQEBDI@Z 000000018001fe10     libucrt:write.obj
 0004:00000e1c       $pdata$_write              000000018001fe1c     libucrt:write.obj
 0004:00000e28       $pdata$_write_nolock       000000018001fe28     libucrt:write.obj
 0004:00000e34       $pdata$_fcloseall          000000018001fe34     libucrt:closeall.obj
 0004:00000e40       $pdata$__acrt_stdio_free_buffer_nolock 000000018001fe40     libucrt:_freebuf.obj
 0004:00000e4c       $pdata$_isatty             000000018001fe4c     libucrt:isatty.obj
 0004:00000e58       $pdata$?__mbrtowc_utf8@__crt_mbstring@@YA_KPEA_WPEBD_KPEAU_Mbstatet@@@Z 000000018001fe58     libucrt:mbrtowc.obj
 0004:00000e64       $pdata$?__mbsrtowcs_utf8@__crt_mbstring@@YA_KPEA_WPEAPEBD_KPEAU_Mbstatet@@@Z 000000018001fe64     libucrt:mbrtowc.obj
 0004:00000e70       $pdata$?_wcstombs_l_helper@@YA_KPEADPEB_W_KPEAU__crt_locale_pointers@@@Z 000000018001fe70     libucrt:wcstombs.obj
 0004:00000e7c       $pdata$??$common_lseek_nolock@_J@@YA_JH_JH@Z 000000018001fe7c     libucrt:lseek.obj
 0004:00000e88       $pdata$_putwch_nolock      000000018001fe88     libucrt:putwch.obj
 0004:00000e94       $pdata$_fclose_nolock      000000018001fe94     libucrt:fclose.obj
 0004:00000ea0       $pdata$fclose              000000018001fea0     libucrt:fclose.obj
 0004:00000eac       $pdata$?__mbrtoc32_utf8@__crt_mbstring@@YA_KPEA_UPEBD_KPEAU_Mbstatet@@@Z 000000018001feac     libucrt:mbrtoc32.obj
 0004:00000ec4       $pdata$?__wcsrtombs_utf8@__crt_mbstring@@YA_KPEADPEAPEB_W_KPEAU_Mbstatet@@@Z 000000018001fec4     libucrt:wcrtomb.obj
 0004:00000ed0       $pdata$__dcrt_lowio_ensure_console_output_initialized 000000018001fed0     libucrt:initcon.obj
 0004:00000edc       $pdata$__dcrt_terminate_console_output 000000018001fedc     libucrt:initcon.obj
 0004:00000ee8       $pdata$__dcrt_write_console 000000018001fee8     libucrt:initcon.obj
 0004:00000ef4       $pdata$??$?RV<lambda_751a882b2c74d4b022dec766aa51a29a>@@AEAV<lambda_628dfdc04ba53c8bfc02c9951375f3f5>@@V<lambda_f6c7be5f7998530c34de24c7437d6b54>@@@?$__crt_seh_guarded_call@H@@QEAAH$$QEAV<lambda_751a882b2c74d4b022dec766aa51a29a>@@AEAV<lambda_628dfdc04ba53c8bfc02c9951375f3f5>@@$$QEAV<lambda_f6c7be5f7998530c34de24c7437d6b54>@@@Z 000000018001fef4     libucrt:close.obj
 0004:00000f00       $pdata$_close              000000018001ff00     libucrt:close.obj
 0004:00000f0c       $pdata$_close_nolock       000000018001ff0c     libucrt:close.obj
 0004:00000f18       $pdata$_call_matherr       000000018001ff18     libucrt:libm_error.obj
 0004:00000f24       $pdata$_exception_enabled  000000018001ff24     libucrt:libm_error.obj
 0004:00000f30       $pdata$_handle_error       000000018001ff30     libucrt:libm_error.obj
 0004:00000f3c       $pdata$__acrt_initialize_fma3 000000018001ff3c     libucrt:fma3_available.obj
 0004:00000f48       $pdata$_log10_special      000000018001ff48     libucrt:log_special.obj
 0004:00000f54       $pdata$_log_special_common 000000018001ff54     libucrt:log_special.obj
 0004:00000f60       $pdata$?__c16rtomb_utf8@__crt_mbstring@@YA_KPEAD_SPEAU_Mbstatet@@@Z 000000018001ff60     libucrt:c16rtomb.obj
 0004:00000f78       $pdata$_raise_exc          000000018001ff78     libucrt:fpexcept.obj
 0004:00000f84       $pdata$_raise_exc_ex       000000018001ff84     libucrt:fpexcept.obj
 0004:00000f90       $pdata$_set_errno_from_matherr 000000018001ff90     libucrt:fpexcept.obj
 0004:00000f9c       $pdata$_clrfp              000000018001ff9c     libucrt:fpctrl.obj
 0004:00000fa8       $pdata$_ctrlfp             000000018001ffa8     libucrt:fpctrl.obj
 0004:00000fb4       $pdata$_set_statfp         000000018001ffb4     libucrt:fpctrl.obj
 0004:00000fc0       $pdata$_statfp             000000018001ffc0     libucrt:fpctrl.obj
 0004:00000fcc       $pdata$?__c32rtomb_utf8@__crt_mbstring@@YA_KPEAD_UPEAU_Mbstatet@@@Z 000000018001ffcc     libucrt:c32rtomb.obj
 0004:00000fd8       $pdata$__GSHandlerCheck    000000018001ffd8     LIBCMT:_gshandler_.obj
 0004:00000fe4       $pdata$__GSHandlerCheckCommon 000000018001ffe4     LIBCMT:_gshandler_.obj
 0004:00000ff0       $pdata$_IsNonwritableInCurrentImage 000000018001fff0     LIBCMT:pesect.obj
 0004:00001008       $pdata$__GSHandlerCheck_EH 0000000180020008     LIBCMT:gshandlereh.obj
 0004:0000102c       $pdata$?dtor$1@?0??GetKeyIsE0@demo@@YA_NV?$basic_string@DU?$char_traits@D@std@@V?$allocator@D@2@@std@@@Z@4HA 000000018002002c     profiler.obj
 0004:00001038       $pdata$?fin$0@?0???_M@YAXPEAX_K1P6AX0@Z@Z@4HA 0000000180020038     LIBCMT:ehvecdtr.obj
 0004:00001044       $pdata$?filt$0@?0??__ArrayUnwind@@YAXPEAX_K1P6AX0@Z@Z@4HA 0000000180020044     LIBCMT:ehvecdtr.obj
 0004:00001050       $pdata$?fin$0@?0???_L@YAXPEAX_K1P6AX0@Z2@Z@4HA 0000000180020050     LIBCMT:ehvecctr.obj
 0004:0000105c       $pdata$?fin$0@?0??dllmain_crt_process_attach@@YAHQEAUHINSTANCE__@@QEAX@Z@4HA 000000018002005c     LIBCMT:dll_dllmain.obj
 0004:00001068       $pdata$?fin$0@?0??dllmain_crt_process_detach@@YAH_N@Z@4HA 0000000180020068     LIBCMT:dll_dllmain.obj
 0004:00001074       $pdata$?filt$0@?0??dllmain_dispatch@@YAHQEAUHINSTANCE__@@KQEAX@Z@4HA 0000000180020074     LIBCMT:dll_dllmain.obj
 0004:00001080       $pdata$__scrt_is_nonwritable_in_current_image$filt$0 0000000180020080     LIBCMT:utility.obj
 0004:0000108c       $pdata$_CallSETranslator$filt$0 000000018002008c     libvcruntime:risctrnsctrl.obj
 0004:00001098       $pdata$__DestructExceptionObject$filt$0 0000000180020098     libvcruntime:ehhelpers.obj
 0004:000010a4       $pdata$__CxxCallCatchBlock$filt$0 00000001800200a4     libvcruntime:frame.obj
 0004:000010b0       $pdata$__CxxCallCatchBlock$fin$1 00000001800200b0     libvcruntime:frame.obj
 0004:000010bc       $pdata$__FrameUnwindToState$filt$0 00000001800200bc     libvcruntime:frame.obj
 0004:000010c8       $pdata$__FrameUnwindToState$fin$1 00000001800200c8     libvcruntime:frame.obj
 0004:000010d4       $pdata$_query_new_handler$fin$0 00000001800200d4     libucrt:new_handler.obj
 0004:000010e0       $pdata$?fin$0@?0???$?RV<lambda_0ae27a3a962d80f24befdcbee591983d>@@AEAV<lambda_8d0ee55de4b1038c4002e0adecdf1839>@@V<lambda_dc504788e8f1664fe9b84e20bfb512f2>@@@?$__crt_seh_guarded_call@X@@QEAAX$$QEAV<lambda_0ae27a3a962d80f24befdcbee591983d>@@AEAV<lambda_8d0ee55de4b1038c4002e0adecdf1839>@@$$QEAV<lambda_dc504788e8f1664fe9b84e20bfb512f2>@@@Z@4HA 00000001800200e0     libucrt:per_thread_data.obj
 0004:000010e0       $pdata$?fin$0@?0???$?RV<lambda_2d41944a1d46af3157314b8a01080d33>@@AEAV<lambda_8f455de75cd7d7f24b4096f044d8b9e6>@@V<lambda_aa500f224e6afead328df44964fe2772>@@@?$__crt_seh_guarded_call@X@@QEAAX$$QEAV<lambda_2d41944a1d46af3157314b8a01080d33>@@AEAV<lambda_8f455de75cd7d7f24b4096f044d8b9e6>@@$$QEAV<lambda_aa500f224e6afead328df44964fe2772>@@@Z@4HA 00000001800200e0     libucrt:per_thread_data.obj
 0004:000010e0       $pdata$?fin$0@?0???$?RV<lambda_aa87e3671a710a21b5dc78c0bdf72e11>@@AEAV<lambda_92619d2358a28f41a33ba319515a20b9>@@V<lambda_6992ecaafeb10aed2b74cb1fae11a551>@@@?$__crt_seh_guarded_call@X@@QEAAX$$QEAV<lambda_aa87e3671a710a21b5dc78c0bdf72e11>@@AEAV<lambda_92619d2358a28f41a33ba319515a20b9>@@$$QEAV<lambda_6992ecaafeb10aed2b74cb1fae11a551>@@@Z@4HA 00000001800200e0     libucrt:per_thread_data.obj
 0004:000010e0       $pdata$?fin$0@?0???$?RV<lambda_efdfa57d1f175319df784efa44bb7b81>@@AEAV<lambda_5f0a4c1567f8adc6734073e5d1e1b35c>@@V<lambda_2e8a7d3640ea6ccb4c2413664c2db6fd>@@@?$__crt_seh_guarded_call@X@@QEAAX$$QEAV<lambda_efdfa57d1f175319df784efa44bb7b81>@@AEAV<lambda_5f0a4c1567f8adc6734073e5d1e1b35c>@@$$QEAV<lambda_2e8a7d3640ea6ccb4c2413664c2db6fd>@@@Z@4HA 00000001800200e0     libucrt:mbctype.obj
 0004:000010e0       $pdata$?fin$0@?0???$?RV<lambda_7777bce6b2f8c936911f934f8298dc43>@@AEAV<lambda_f03950bc5685219e0bcd2087efbe011e>@@V<lambda_3883c3dff614d5e0c5f61bb1ac94921c>@@@?$__crt_seh_guarded_call@H@@QEAAH$$QEAV<lambda_7777bce6b2f8c936911f934f8298dc43>@@AEAV<lambda_f03950bc5685219e0bcd2087efbe011e>@@$$QEAV<lambda_3883c3dff614d5e0c5f61bb1ac94921c>@@@Z@4HA 00000001800200e0     libucrt:onexit.obj
 0004:000010e0       $pdata$?fin$0@?0???$?RV<lambda_f2e299630e499de9f9a165e60fcd3db5>@@AEAV<lambda_2ae9d31cdba2644fcbeaf08da7c24588>@@V<lambda_40d01ff24d0e7b3814fdbdcee8eab3c7>@@@?$__crt_seh_guarded_call@X@@QEAAX$$QEAV<lambda_f2e299630e499de9f9a165e60fcd3db5>@@AEAV<lambda_2ae9d31cdba2644fcbeaf08da7c24588>@@$$QEAV<lambda_40d01ff24d0e7b3814fdbdcee8eab3c7>@@@Z@4HA 00000001800200e0     libucrt:per_thread_data.obj
 0004:000010e0       $pdata$?fin$0@?0???$?RV<lambda_d80eeec6fff315bfe5c115232f3240e3>@@AEAV<lambda_6e4b09c48022b2350581041d5f6b0c4c>@@V<lambda_2358e3775559c9db80273638284d5e45>@@@?$__crt_seh_guarded_call@X@@QEAAX$$QEAV<lambda_d80eeec6fff315bfe5c115232f3240e3>@@AEAV<lambda_6e4b09c48022b2350581041d5f6b0c4c>@@$$QEAV<lambda_2358e3775559c9db80273638284d5e45>@@@Z@4HA 00000001800200e0     libucrt:exit.obj
 0004:000010e0       $pdata$?fin$0@?0???$?RV<lambda_450d765d439847d4c735a33c368b5fc0>@@AEAV<lambda_44731a7d0e6d81c3e6aa82d741081786>@@V<lambda_601a2a7da3b7a96e9554ac7215c4b07c>@@@?$__crt_seh_guarded_call@P6AXH@Z@@QEAAP6AXH@Z$$QEAV<lambda_450d765d439847d4c735a33c368b5fc0>@@AEAV<lambda_44731a7d0e6d81c3e6aa82d741081786>@@$$QEAV<lambda_601a2a7da3b7a96e9554ac7215c4b07c>@@@Z@4HA 00000001800200e0     libucrt:signal.obj
 0004:000010ec       $pdata$?filt$0@?0???R<lambda_6e4b09c48022b2350581041d5f6b0c4c>@@QEBA@XZ@4HA 00000001800200ec     libucrt:exit.obj
 0004:000010f8       $pdata$?fin$0@?0???$?RV<lambda_410d79af7f07d98d83a3f525b3859a53>@@AEAV<lambda_3e16ef9562a7dcce91392c22ab16ea36>@@V<lambda_38119f0e861e05405d8a144b9b982f0a>@@@?$__crt_seh_guarded_call@X@@QEAAX$$QEAV<lambda_410d79af7f07d98d83a3f525b3859a53>@@AEAV<lambda_3e16ef9562a7dcce91392c22ab16ea36>@@$$QEAV<lambda_38119f0e861e05405d8a144b9b982f0a>@@@Z@4HA 00000001800200f8     libucrt:wsetlocale.obj
 0004:00001104       $pdata$?fin$0@?0??update_thread_multibyte_data_internal@@YAPEAU__crt_multibyte_data@@QEAU__acrt_ptd@@QEAPEAU1@@Z@4HA 0000000180020104     libucrt:mbctype.obj
 0004:00001110       $pdata$__acrt_initialize_lowio$fin$0 0000000180020110     libucrt:ioinit.obj
 0004:00001110       $pdata$__acrt_lowio_ensure_fh_exists$fin$0 0000000180020110     libucrt:osfinfo.obj
 0004:0000111c       $pdata$raise$fin$0         000000018002011c     libucrt:signal.obj
 0004:00001128       $pdata$?fin$0@?0???$?RV<lambda_842d9ff0dc9ef11c61343bbaebe7f885>@@AEAV<lambda_c5860995281e5c4ce005b3de8f5874ee>@@V<lambda_d90129c13df834fdcbf8d2b88dafcf2d>@@@?$__crt_seh_guarded_call@X@@QEAAX$$QEAV<lambda_842d9ff0dc9ef11c61343bbaebe7f885>@@AEAV<lambda_c5860995281e5c4ce005b3de8f5874ee>@@$$QEAV<lambda_d90129c13df834fdcbf8d2b88dafcf2d>@@@Z@4HA 0000000180020128     libucrt:fflush.obj
 0004:00001134       $pdata$?fin$0@?0???$?RV<lambda_886d6c58226a84441f68b9f2b8217b83>@@AEAV<lambda_ab61a845afdef5b7c387490eaf3616ee>@@V<lambda_f7f22ab5edc0698d5f6905b0d3f44752>@@@?$__crt_seh_guarded_call@X@@QEAAX$$QEAV<lambda_886d6c58226a84441f68b9f2b8217b83>@@AEAV<lambda_ab61a845afdef5b7c387490eaf3616ee>@@$$QEAV<lambda_f7f22ab5edc0698d5f6905b0d3f44752>@@@Z@4HA 0000000180020134     libucrt:fflush.obj
 0004:00001140       $pdata$__acrt_update_thread_locale_data$fin$0 0000000180020140     libucrt:locale_refcounting.obj
 0004:0000114c       $pdata$?fin$0@?0???$?RV<lambda_751a882b2c74d4b022dec766aa51a29a>@@AEAV<lambda_628dfdc04ba53c8bfc02c9951375f3f5>@@V<lambda_f6c7be5f7998530c34de24c7437d6b54>@@@?$__crt_seh_guarded_call@H@@QEAAH$$QEAV<lambda_751a882b2c74d4b022dec766aa51a29a>@@AEAV<lambda_628dfdc04ba53c8bfc02c9951375f3f5>@@$$QEAV<lambda_f6c7be5f7998530c34de24c7437d6b54>@@@Z@4HA 000000018002014c     libucrt:close.obj
 0004:0000114c       $pdata$?fin$0@?0???$?RV<lambda_a37b2b86f63e897a80ea819b0eb08c01>@@AEAV<lambda_38ce7e780aa69e748d6df282ebc68efe>@@V<lambda_99fb1378e971ab6e7edea83e3a7a83a2>@@@?$__crt_seh_guarded_call@H@@QEAAH$$QEAV<lambda_a37b2b86f63e897a80ea819b0eb08c01>@@AEAV<lambda_38ce7e780aa69e748d6df282ebc68efe>@@$$QEAV<lambda_99fb1378e971ab6e7edea83e3a7a83a2>@@@Z@4HA 000000018002014c     libucrt:commit.obj
 0004:00001158       $pdata$_write$fin$0        0000000180020158     libucrt:write.obj
 0004:00001164       $pdata$_fcloseall$fin$0    0000000180020164     libucrt:closeall.obj
 0004:00001170       $pdata$fclose$fin$0        0000000180020170     libucrt:fclose.obj
 0004:0000117c       $pdata$_ctrlfp$filt$0      000000018002017c     libucrt:fpctrl.obj
 0004:00001188       $pdata$_IsNonwritableInCurrentImage$filt$0 0000000180020188     LIBCMT:pesect.obj
 0005:00000060       $R000000                   0000000180021060     * linker generated manifest res *

 Exports

  ordinal    name

        1    _register_addon_
