 interception

 Timestamp is 59f7d359 (Tue Oct 31 02:35:21 2017)

 Preferred load address is 0000000180000000

 Start         Length     Name                   Class
 0001:00000000 0000f600H .text$mn                CODE
 0001:0000f600 000000e0H .text$mn$00             CODE
 0001:0000f6e0 00000500H .text$x                 CODE
 0002:00000000 00000340H .idata$5                DATA
 0002:00000340 00000020H .00cfg                  DATA
 0002:00000360 00000008H .CRT$XCA                DATA
 0002:00000368 00000008H .CRT$XCU                DATA
 0002:00000370 00000008H .CRT$XCZ                DATA
 0002:00000378 00000008H .CRT$XIA                DATA
 0002:00000380 00000018H .CRT$XIC                DATA
 0002:00000398 00000008H .CRT$XIZ                DATA
 0002:000003a0 00000008H .CRT$XPA                DATA
 0002:000003a8 00000010H .CRT$XPX                DATA
 0002:000003b8 00000008H .CRT$XPXA               DATA
 0002:000003c0 00000008H .CRT$XPZ                DATA
 0002:000003c8 00000008H .CRT$XTA                DATA
 0002:000003d0 00000010H .CRT$XTZ                DATA
 0002:000003d8 00000000H .gfids$y                DATA
 0002:000003e0 00007688H .rdata                  DATA
 0002:00007a68 0000037cH .rdata$r                DATA
 0002:00007de4 0000033cH .rdata$zzzdbg           DATA
 0002:00008120 00000008H .rtc$IAA                DATA
 0002:00008128 00000008H .rtc$IZZ                DATA
 0002:00008130 00000008H .rtc$TAA                DATA
 0002:00008138 00000008H .rtc$TZZ                DATA
 0002:00008140 00001040H .xdata                  DATA
 0002:00009180 000001e0H .xdata$x                DATA
 0002:00009360 00000058H .edata                  DATA
 0002:000093b8 0000003cH .idata$2                DATA
 0002:000093f4 00000014H .idata$3                DATA
 0002:00009408 00000340H .idata$4                DATA
 0002:00009748 00000b94H .idata$6                DATA
 0003:00000000 00000920H .data                   DATA
 0003:00000920 00000120H .data$r                 DATA
 0003:00000a40 000011f8H .bss                    DATA
 0004:00000000 00001110H .pdata                  DATA
 0005:00000000 00000060H .rsrc$01                DATA
 0005:00000060 00000180H .rsrc$02                DATA

  Address         Publics by Value              Rva+Base               Lib:Object

 0000:00000000       __guard_iat_table          0000000000000000     <absolute>
 0000:00000000       __hybrid_code_map_count    0000000000000000     <absolute>
 0000:00000000       __guard_iat_count          0000000000000000     <absolute>
 0000:00000000       __dynamic_value_reloc_table 0000000000000000     <absolute>
 0000:00000000       __hybrid_code_map          0000000000000000     <absolute>
 0000:00000000       __guard_longjmp_table      0000000000000000     <absolute>
 0000:00000000       __guard_longjmp_count      0000000000000000     <absolute>
 0000:00000000       __hybrid_auxiliary_iat     0000000000000000     <absolute>
 0000:00000000       __guard_fids_count         0000000000000000     <absolute>
 0000:00000000       __enclave_config           0000000000000000     <absolute>
 0000:00000000       ___safe_se_handler_table   0000000000000000     <absolute>
 0000:00000000       ___safe_se_handler_count   0000000000000000     <absolute>
 0000:00000000       __guard_fids_table         0000000000000000     <absolute>
 0000:00000100       __guard_flags              0000000000000100     <absolute>
 0000:00000000       __ImageBase                0000000180000000     <linker-defined>
 0001:00000000       ?HandleInterception@demo@@YAXPEAUuv_work_s@@@Z 0000000180001000 f   profiler.obj
 0001:00000450       ?HandleInterceptionComplete@demo@@YAXPEAUuv_work_s@@H@Z 0000000180001450 f   profiler.obj
 0001:000006a0       ?StartInterception@demo@@YAXAEBV?$FunctionCallbackInfo@VValue@v8@@@v8@@@Z 00000001800016a0 f   profiler.obj
 0001:00000850       ?DestroyInterception@demo@@YAXAEBV?$FunctionCallbackInfo@VValue@v8@@@v8@@@Z 0000000180001850 f   profiler.obj
 0001:00000860       ?GetKeyIsE0@demo@@YA_NV?$basic_string@DU?$char_traits@D@std@@V?$allocator@D@2@@std@@@Z 0000000180001860 f   profiler.obj
 0001:00000bb0       ?GetKeyIsMouse@demo@@YA_NV?$basic_string@DU?$char_traits@D@std@@V?$allocator@D@2@@std@@@Z 0000000180001bb0 f   profiler.obj
 0001:00000da0       ?GetKeyCode@demo@@YAFV?$basic_string@DU?$char_traits@D@std@@V?$allocator@D@2@@std@@@Z 0000000180001da0 f   profiler.obj
 0001:000025b0       ?SendInterception@demo@@YAXAEBV?$FunctionCallbackInfo@VValue@v8@@@v8@@@Z 00000001800035b0 f   profiler.obj
 0001:00002a70       ?SendInterceptionDefault@demo@@YAXAEBV?$FunctionCallbackInfo@VValue@v8@@@v8@@@Z 0000000180003a70 f   profiler.obj
 0001:00002aa0       ?CreateInterception@demo@@YAXAEBV?$FunctionCallbackInfo@VValue@v8@@@v8@@@Z 0000000180003aa0 f   profiler.obj
 0001:00002cf0       ?Init@demo@@YAXV?$Local@VObject@v8@@@v8@@0@Z 0000000180003cf0 f   profiler.obj
 0001:00002de0       ??1?$Persistent@VFunction@v8@@U?$CopyablePersistentTraits@VFunction@v8@@@2@@v8@@QEAA@XZ 0000000180003de0 f i profiler.obj
 0001:00002e10       ??1?$basic_string@_WU?$char_traits@_W@std@@V?$allocator@_W@2@@std@@QEAA@XZ 0000000180003e10 f i profiler.obj
 0001:00002e90       ??1?$basic_string@DU?$char_traits@D@std@@V?$allocator@D@2@@std@@QEAA@XZ 0000000180003e90 f i profiler.obj
 0001:00002f00       ??0?$basic_string@DU?$char_traits@D@std@@V?$allocator@D@2@@std@@QEAA@XZ 0000000180003f00 f i profiler.obj
 0001:00002f20       ??0?$basic_string@DU?$char_traits@D@std@@V?$allocator@D@2@@std@@QEAA@AEBV01@@Z 0000000180003f20 f i profiler.obj
 0001:00003000       ?assign@?$basic_string@DU?$char_traits@D@std@@V?$allocator@D@2@@std@@QEAAAEAV12@QEBD_K@Z 0000000180004000 f i profiler.obj
 0001:000032e0       ?_Xlen@?$basic_string@_WU?$char_traits@_W@std@@V?$allocator@_W@2@@std@@SAXXZ 00000001800042e0 f i profiler.obj
 0001:000032e0       ?_Xlen@?$basic_string@DU?$char_traits@D@std@@V?$allocator@D@2@@std@@SAXXZ 00000001800042e0 f i profiler.obj
 0001:000035d4       ??0bad_alloc@std@@QEAA@AEBV01@@Z 00000001800045d4 f i libcpmt:xthrow.obj
 0001:00003614       ??0bad_alloc@std@@QEAA@XZ  0000000180004614 f i libcpmt:xthrow.obj
 0001:00003634       ??0exception@std@@QEAA@AEBV01@@Z 0000000180004634 f i libcpmt:xthrow.obj
 0001:0000366c       ??0length_error@std@@QEAA@AEBV01@@Z 000000018000466c f i libcpmt:xthrow.obj
 0001:000036ac       ??0length_error@std@@QEAA@PEBD@Z 00000001800046ac f i libcpmt:xthrow.obj
 0001:000036f8       ??0logic_error@std@@QEAA@AEBV01@@Z 00000001800046f8 f i libcpmt:xthrow.obj
 0001:00003738       ??1bad_exception@std@@UEAA@XZ 0000000180004738 f i libvcruntime:frame.obj
 0001:00003738       ??1bad_alloc@std@@UEAA@XZ  0000000180004738 f i libcpmt:xthrow.obj
 0001:00003738       ??1length_error@std@@UEAA@XZ 0000000180004738 f i libcpmt:xthrow.obj
 0001:00003738       ??1bad_array_new_length@std@@UEAA@XZ 0000000180004738 f i LIBCMT:throw_bad_alloc.obj
 0001:0000374c       ??_Gbad_alloc@std@@UEAAPEAXI@Z 000000018000474c f i libcpmt:xthrow.obj
 0001:0000374c       ??_Gbad_exception@std@@UEAAPEAXI@Z 000000018000474c f i libvcruntime:frame.obj
 0001:0000374c       ??_Ebad_array_new_length@std@@UEAAPEAXI@Z 000000018000474c f i LIBCMT:throw_bad_alloc.obj
 0001:0000374c       ??_Gexception@std@@UEAAPEAXI@Z 000000018000474c f i libcpmt:xthrow.obj
 0001:0000374c       ??_Elength_error@std@@UEAAPEAXI@Z 000000018000474c f i libcpmt:xthrow.obj
 0001:0000374c       ??_Elogic_error@std@@UEAAPEAXI@Z 000000018000474c f i libcpmt:xthrow.obj
 0001:0000374c       ??_Gbad_array_new_length@std@@UEAAPEAXI@Z 000000018000474c f i LIBCMT:throw_bad_alloc.obj
 0001:0000374c       ??_Glength_error@std@@UEAAPEAXI@Z 000000018000474c f i libcpmt:xthrow.obj
 0001:0000374c       ??_Glogic_error@std@@UEAAPEAXI@Z 000000018000474c f i libcpmt:xthrow.obj
 0001:0000374c       ??_Eexception@std@@UEAAPEAXI@Z 000000018000474c f i libcpmt:xthrow.obj
 0001:0000374c       ??_Ebad_exception@std@@UEAAPEAXI@Z 000000018000474c f i libvcruntime:frame.obj
 0001:0000374c       ??_Ebad_alloc@std@@UEAAPEAXI@Z 000000018000474c f i libcpmt:xthrow.obj
 0001:00003790       ?__scrt_throw_std_bad_alloc@@YAXXZ 0000000180004790 f   LIBCMT:throw_bad_alloc.obj
 0001:00003790       ?_Xbad_alloc@std@@YAXXZ    0000000180004790 f   libcpmt:xthrow.obj
 0001:000037b0       ?_Xlength_error@std@@YAXPEBD@Z 00000001800047b0 f   libcpmt:xthrow.obj
 0001:000037d4       ?what@exception@std@@UEBAPEBDXZ 00000001800047d4 f i libcpmt:xthrow.obj
 0001:00003800       __security_check_cookie    0000000180004800 f   LIBCMT:_amdsecgs_.obj
 0001:00003824       ??2@YAPEAX_K@Z             0000000180004824 f   LIBCMT:new_scalar.obj
 0001:00003860       ??_M@YAXPEAX_K1P6AX0@Z@Z   0000000180004860 f   LIBCMT:ehvecdtr.obj
 0001:000038cc       ?__ArrayUnwind@@YAXPEAX_K1P6AX0@Z@Z 00000001800048cc f   LIBCMT:ehvecdtr.obj
 0001:00003930       ??3@YAXPEAX@Z              0000000180004930 f   LIBCMT:delete_scalar.obj
 0001:00003938       ??3@YAXPEAX_K@Z            0000000180004938 f   LIBCMT:delete_scalar_size.obj
 0001:00003940       ??_L@YAXPEAX_K1P6AX0@Z2@Z  0000000180004940 f   LIBCMT:ehvecctr.obj
 0001:00003cec       _DllMainCRTStartup         0000000180004cec f   LIBCMT:dll_dllmain.obj
 0001:00003d2c       ??_Etype_info@@UEAAPEAXI@Z 0000000180004d2c f i LIBCMT:std_type_info_static.obj
 0001:00003d2c       ??_Gtype_info@@UEAAPEAXI@Z 0000000180004d2c f i LIBCMT:std_type_info_static.obj
 0001:00003d58       __raise_securityfailure    0000000180004d58 f   LIBCMT:gs_report.obj
 0001:00003d8c       __report_gsfailure         0000000180004d8c f   LIBCMT:gs_report.obj
 0001:00003e60       __report_rangecheckfailure 0000000180004e60 f   LIBCMT:gs_report.obj
 0001:00003e74       __report_securityfailure   0000000180004e74 f   LIBCMT:gs_report.obj
 0001:00003ff4       ??0bad_array_new_length@std@@QEAA@AEBV01@@Z 0000000180004ff4 f i LIBCMT:throw_bad_alloc.obj
 0001:00004034       ??0bad_array_new_length@std@@QEAA@XZ 0000000180005034 f i LIBCMT:throw_bad_alloc.obj
 0001:00004054       ?__scrt_throw_std_bad_array_new_length@@YAXXZ 0000000180005054 f   LIBCMT:throw_bad_alloc.obj
 0001:00004074       _guard_check_icall         0000000180005074 f i LIBCMT:checkcfg.obj
 0001:0000407c       __security_init_cookie     000000018000507c f   LIBCMT:gs_support.obj
 0001:00004128       ?__scrt_initialize_type_info@@YAXXZ 0000000180005128 f   LIBCMT:tncleanup.obj
 0001:00004138       ?__scrt_uninitialize_type_info@@YAXXZ 0000000180005138 f   LIBCMT:tncleanup.obj
 0001:00004144       __local_stdio_printf_options 0000000180005144 f i LIBCMT:default_local_stdio_options.obj
 0001:0000414c       __local_stdio_scanf_options 000000018000514c f i LIBCMT:default_local_stdio_options.obj
 0001:00004154       __scrt_initialize_default_local_stdio_options 0000000180005154 f   LIBCMT:default_local_stdio_options.obj
 0001:00004170       __scrt_acquire_startup_lock 0000000180005170 f   LIBCMT:utility.obj
 0001:000041ac       __scrt_dllmain_after_initialize_c 00000001800051ac f   LIBCMT:utility.obj
 0001:000041e0       __scrt_dllmain_before_initialize_c 00000001800051e0 f   LIBCMT:utility.obj
 0001:000041f8       __scrt_dllmain_crt_thread_attach 00000001800051f8 f   LIBCMT:utility.obj
 0001:00004220       __scrt_dllmain_crt_thread_detach 0000000180005220 f   LIBCMT:utility.obj
 0001:00004238       __scrt_dllmain_exception_filter 0000000180005238 f   LIBCMT:utility.obj
 0001:0000429c       __scrt_dllmain_uninitialize_c 000000018000529c f   LIBCMT:utility.obj
 0001:000042cc       __scrt_dllmain_uninitialize_critical 00000001800052cc f   LIBCMT:utility.obj
 0001:000042e0       __scrt_initialize_crt      00000001800052e0 f   LIBCMT:utility.obj
 0001:0000432c       __scrt_initialize_onexit_tables 000000018000532c f   LIBCMT:utility.obj
 0001:0000440c       __scrt_is_nonwritable_in_current_image 000000018000540c f   LIBCMT:utility.obj
 0001:000044a8       __scrt_release_startup_lock 00000001800054a8 f   LIBCMT:utility.obj
 0001:000044cc       __scrt_uninitialize_crt    00000001800054cc f   LIBCMT:utility.obj
 0001:000044f8       __scrt_get_dyn_tls_init_callback 00000001800054f8 f   LIBCMT:dyn_tls_init.obj
 0001:00004500       __crt_debugger_hook        0000000180005500 f   LIBCMT:utility_desktop.obj
 0001:00004508       __scrt_fastfail            0000000180005508 f   LIBCMT:utility_desktop.obj
 0001:00004654       _RTC_Initialize            0000000180005654 f   LIBCMT:_initsect_.obj
 0001:000046a0       _RTC_Terminate             00000001800056a0 f   LIBCMT:_initsect_.obj
 0001:000046ec       _guard_check_icall_nop     00000001800056ec f i LIBCMT:guard_support.obj
 0001:000046f0       __isa_available_init       00000001800056f0 f   LIBCMT:_cpu_disp_.obj
 0001:000048ac       _get_startup_argv_mode     00000001800058ac f   LIBCMT:argv_mode.obj
 0001:000048ac       DllMain                    00000001800058ac f   LIBCMT:dll_dllmain_stub.obj
 0001:000048b4       __scrt_is_ucrt_dll_in_use  00000001800058b4 f   LIBCMT:ucrt_detection.obj
 0001:000048c0       ?_ExecutionInCatch@@YAHPEAU_xDISPATCHER_CONTEXT@@PEBU_s_FuncInfo@@@Z 00000001800058c0 f   libvcruntime:risctrnsctrl.obj
 0001:00004934       ?_GetEstablisherFrame@@YAPEA_KPEA_KPEAU_xDISPATCHER_CONTEXT@@PEBU_s_FuncInfo@@0@Z 0000000180005934 f   libvcruntime:risctrnsctrl.obj
 0001:00004a00       ?_GetRangeOfTrysToCheck@@YAPEBU_s_TryBlockMapEntry@@PEA_KPEBU_s_FuncInfo@@HHPEAI2PEAU_xDISPATCHER_CONTEXT@@@Z 0000000180005a00 f   libvcruntime:risctrnsctrl.obj
 0001:00004b2c       ?__FrameUnwindToEmptyState@@YAXPEA_KPEAU_xDISPATCHER_CONTEXT@@PEBU_s_FuncInfo@@@Z 0000000180005b2c f   libvcruntime:risctrnsctrl.obj
 0001:00004bc0       _CallSETranslator          0000000180005bc0 f   libvcruntime:risctrnsctrl.obj
 0001:00004c18       _CreateFrameInfo           0000000180005c18 f   libvcruntime:risctrnsctrl.obj
 0001:00004c54       _FindAndUnlinkFrame        0000000180005c54 f   libvcruntime:risctrnsctrl.obj
 0001:00004cac       _GetImageBase              0000000180005cac f   libvcruntime:risctrnsctrl.obj
 0001:00004cc0       _GetThrowImageBase         0000000180005cc0 f   libvcruntime:risctrnsctrl.obj
 0001:00004cd4       _SetImageBase              0000000180005cd4 f   libvcruntime:risctrnsctrl.obj
 0001:00004cec       _SetThrowImageBase         0000000180005cec f   libvcruntime:risctrnsctrl.obj
 0001:00004d04       _UnwindNestedFrames        0000000180005d04 f   libvcruntime:risctrnsctrl.obj
 0001:00004e28       __CxxFrameHandler3         0000000180005e28 f   libvcruntime:risctrnsctrl.obj
 0001:00004ec0       memmove                    0000000180005ec0 f   libvcruntime:memcpy.obj
 0001:00004ec0       memcpy                     0000000180005ec0 f   libvcruntime:memcpy.obj
 0001:00005308       __DestructExceptionObject  0000000180006308 f   libvcruntime:ehhelpers.obj
 0001:00005390       ?_CallMemberFunction0@@YAXQEAX0@Z 0000000180006390 f i libvcruntime:ehhelpers.obj
 0001:00005394       _IsExceptionObjectToBeDestroyed 0000000180006394 f   libvcruntime:ehhelpers.obj
 0001:000053c4       __AdjustPointer            00000001800063c4 f   libvcruntime:ehhelpers.obj
 0001:000053e8       __FrameUnwindFilter        00000001800063e8 f   libvcruntime:ehhelpers.obj
 0001:00005434       __std_terminate            0000000180006434 f   libvcruntime:ehhelpers.obj
 0001:00005440       __std_exception_copy       0000000180006440 f   libvcruntime:std_exception.obj
 0001:000054d0       __std_exception_destroy    00000001800064d0 f   libvcruntime:std_exception.obj
 0001:000054f8       _CxxThrowException         00000001800064f8 f   libvcruntime:throw.obj
 0001:000055d0       __C_specific_handler       00000001800065d0 f   libvcruntime:_riscchandler_.obj
 0001:000057cc       __std_type_info_compare    00000001800067cc f   libvcruntime:std_type_info.obj
 0001:000057f4       __std_type_info_destroy_list 00000001800067f4 f   libvcruntime:std_type_info.obj
 0001:00005820       __vcrt_initialize          0000000180006820 f   libvcruntime:initialization.obj
 0001:00005854       __vcrt_thread_attach       0000000180006854 f   libvcruntime:initialization.obj
 0001:00005868       __vcrt_thread_detach       0000000180006868 f   libvcruntime:initialization.obj
 0001:0000587c       __vcrt_uninitialize        000000018000687c f   libvcruntime:initialization.obj
 0001:0000589c       __vcrt_uninitialize_critical 000000018000689c f   libvcruntime:initialization.obj
 0001:000058c0       memset                     00000001800068c0 f   libvcruntime:memset.obj
 0001:00005a70       __vcrt_freefls             0000000180006a70 f   libvcruntime:per_thread_data.obj
 0001:00005a90       __vcrt_freeptd             0000000180006a90 f   libvcruntime:per_thread_data.obj
 0001:00005ae0       __vcrt_getptd              0000000180006ae0 f   libvcruntime:per_thread_data.obj
 0001:00005afc       __vcrt_getptd_noexit       0000000180006afc f   libvcruntime:per_thread_data.obj
 0001:00005bb4       __vcrt_initialize_ptd      0000000180006bb4 f   libvcruntime:per_thread_data.obj
 0001:00005bf4       __vcrt_uninitialize_ptd    0000000180006bf4 f   libvcruntime:per_thread_data.obj
 0001:00005c18       ?__GetCurrentState@@YAHPEA_KPEAU_xDISPATCHER_CONTEXT@@PEBU_s_FuncInfo@@@Z 0000000180006c18 f   libvcruntime:riscehstate.obj
 0001:00005c40       ?__GetUnwindTryBlock@@YAHPEA_KPEAU_xDISPATCHER_CONTEXT@@PEBU_s_FuncInfo@@@Z 0000000180006c40 f   libvcruntime:riscehstate.obj
 0001:00005c6c       ?__SetState@@YAXPEA_KPEAU_xDISPATCHER_CONTEXT@@PEBU_s_FuncInfo@@H@Z 0000000180006c6c f   libvcruntime:riscehstate.obj
 0001:00005c78       ?__SetUnwindTryBlock@@YAXPEA_KPEAU_xDISPATCHER_CONTEXT@@PEBU_s_FuncInfo@@H@Z 0000000180006c78 f   libvcruntime:riscehstate.obj
 0001:00005cb4       ?__StateFromControlPc@@YAHPEBU_s_FuncInfo@@PEAU_xDISPATCHER_CONTEXT@@@Z 0000000180006cb4 f   libvcruntime:riscehstate.obj
 0001:00005cbc       ?__StateFromIp@@YAHPEBU_s_FuncInfo@@PEAU_xDISPATCHER_CONTEXT@@_K@Z 0000000180006cbc f   libvcruntime:riscehstate.obj
 0001:00005d28       ??0bad_exception@std@@QEAA@AEBV01@@Z 0000000180006d28 f i libvcruntime:frame.obj
 0001:00005d68       ??0bad_exception@std@@QEAA@XZ 0000000180006d68 f i libvcruntime:frame.obj
 0001:000066e4       ?_CallMemberFunction1@@YAXQEAX00@Z 00000001800076e4 f i libvcruntime:frame.obj
 0001:000066f0       ?_CallMemberFunction2@@YAXQEAX00H@Z 00000001800076f0 f i libvcruntime:frame.obj
 0001:00006700       __BuildCatchObject         0000000180007700 f   libvcruntime:frame.obj
 0001:000067c4       __BuildCatchObjectHelper   00000001800077c4 f   libvcruntime:frame.obj
 0001:000069a4       __CxxCallCatchBlock        00000001800079a4 f   libvcruntime:frame.obj
 0001:00006b90       __FrameUnwindToState       0000000180007b90 f   libvcruntime:frame.obj
 0001:00006d24       __InternalCxxFrameHandler  0000000180007d24 f   libvcruntime:frame.obj
 0001:00006f78       __TypeMatch                0000000180007f78 f   libvcruntime:frame.obj
 0001:000070d0       _local_unwind              00000001800080d0 f   libvcruntime:_jmpuwind_.obj
 0001:00007100       _NLG_Notify                0000000180008100 f   libvcruntime:_jmpuwind_.obj
 0001:00007120       __NLG_Dispatch2            0000000180008120 f   libvcruntime:_jmpuwind_.obj
 0001:00007130       __NLG_Return2              0000000180008130 f   libvcruntime:_jmpuwind_.obj
 0001:00007134       __except_validate_context_record 0000000180008134 f   libvcruntime:jbcxrval.obj
 0001:0000716c       __vcrt_initialize_locks    000000018000816c f   libvcruntime:locks.obj
 0001:000071b4       __vcrt_uninitialize_locks  00000001800081b4 f   libvcruntime:locks.obj
 0001:000073c4       __vcrt_FlsAlloc            00000001800083c4 f   libvcruntime:winapi_downlevel.obj
 0001:00007418       __vcrt_FlsFree             0000000180008418 f   libvcruntime:winapi_downlevel.obj
 0001:0000746c       __vcrt_FlsGetValue         000000018000846c f   libvcruntime:winapi_downlevel.obj
 0001:000074c0       __vcrt_FlsSetValue         00000001800084c0 f   libvcruntime:winapi_downlevel.obj
 0001:00007528       __vcrt_InitializeCriticalSectionEx 0000000180008528 f   libvcruntime:winapi_downlevel.obj
 0001:000075a0       __vcrt_initialize_winapi_thunks 00000001800085a0 f   libvcruntime:winapi_downlevel.obj
 0001:000075e4       __vcrt_uninitialize_winapi_thunks 00000001800085e4 f   libvcruntime:winapi_downlevel.obj
 0001:00007624       __vcrt_initialize_pure_virtual_call_handler 0000000180008624 f   libvcruntime:purevirt_data.obj
 0001:00007660       _CallSettingFrame          0000000180008660 f   libvcruntime:handlers.obj
 0001:000076a0       __acrt_call_reportfault    00000001800086a0 f   libucrt:invalid_parameter.obj
 0001:000077fc       __acrt_initialize_invalid_parameter_handler 00000001800087fc f   libucrt:invalid_parameter.obj
 0001:00007804       _invalid_parameter         0000000180008804 f   libucrt:invalid_parameter.obj
 0001:000078b4       _invalid_parameter_noinfo  00000001800088b4 f   libucrt:invalid_parameter.obj
 0001:000078d4       _invalid_parameter_noinfo_noreturn 00000001800088d4 f   libucrt:invalid_parameter.obj
 0001:00007904       _invoke_watson             0000000180008904 f   libucrt:invalid_parameter.obj
 0001:0000794c       ??0_LocaleUpdate@@QEAA@QEAU__crt_locale_pointers@@@Z 000000018000894c f i libucrt:stricmp.obj
 0001:000079dc       __acrt_initialize_new_handler 00000001800089dc f   libucrt:new_handler.obj
 0001:000079e4       _callnewh                  00000001800089e4 f   libucrt:new_handler.obj
 0001:00007a14       _query_new_handler         0000000180008a14 f   libucrt:new_handler.obj
 0001:00007a48       malloc                     0000000180008a48 f   libucrt:malloc.obj
 0001:00007a50       terminate                  0000000180008a50 f   libucrt:terminate.obj
 0001:00007a70       free                       0000000180008a70 f   libucrt:free.obj
 0001:00007a84       _initterm                  0000000180008a84 f   libucrt:initterm.obj
 0001:00007ae8       _initterm_e                0000000180008ae8 f   libucrt:initterm.obj
 0001:00007b28       _seh_filter_dll            0000000180008b28 f   libucrt:exception_filter.obj
 0001:00007b3c       _seh_filter_exe            0000000180008b3c f   libucrt:exception_filter.obj
 0001:00007f48       __acrt_initialize_thread_local_exit_callback 0000000180008f48 f   libucrt:exit.obj
 0001:00007f50       _cexit                     0000000180008f50 f   libucrt:exit.obj
 0001:00007f60       _exit                      0000000180008f60 f   libucrt:exit.obj
 0001:00007f6c       _is_c_termination_complete 0000000180008f6c f   libucrt:exit.obj
 0001:00008130       __acrt_allocate_buffer_for_argv 0000000180009130 f   libucrt:argv_parsing.obj
 0001:00008190       _configure_narrow_argv     0000000180009190 f   libucrt:argv_parsing.obj
 0001:0000850c       __dcrt_uninitialize_environments_nolock 000000018000950c f   libucrt:environment_initialization.obj
 0001:00008544       _initialize_narrow_environment 0000000180009544 f   libucrt:environment_initialization.obj
 0001:000086d4       _execute_onexit_table      00000001800096d4 f   libucrt:onexit.obj
 0001:00008710       _initialize_onexit_table   0000000180009710 f   libucrt:onexit.obj
 0001:00008788       __acrt_uninitialize_command_line 0000000180009788 f   libucrt:argv_data.obj
 0001:00008894       __acrt_initialize          0000000180009894 f   libucrt:initialization.obj
 0001:000088a8       __acrt_thread_attach       00000001800098a8 f   libucrt:initialization.obj
 0001:000088bc       __acrt_thread_detach       00000001800098bc f   libucrt:initialization.obj
 0001:000088cc       __acrt_uninitialize        00000001800098cc f   libucrt:initialization.obj
 0001:00008904       __acrt_uninitialize_critical 0000000180009904 f   libucrt:initialization.obj
 0001:00008914       strcpy_s                   0000000180009914 f   libucrt:strcpy_s.obj
 0001:00008974       _free_base                 0000000180009974 f   libucrt:free_base.obj
 0001:000089b4       _malloc_base               00000001800099b4 f   libucrt:malloc_base.obj
 0001:00008a14       abort                      0000000180009a14 f   libucrt:abort.obj
 0001:00008a6c       _calloc_base               0000000180009a6c f   libucrt:calloc_base.obj
 0001:00008ae4       wcsncmp                    0000000180009ae4 f   libucrt:wcsncmp.obj
 0001:00008e88       __acrt_freeptd             0000000180009e88 f   libucrt:per_thread_data.obj
 0001:00008ecc       __acrt_getptd              0000000180009ecc f   libucrt:per_thread_data.obj
 0001:00008f98       __acrt_getptd_head         0000000180009f98 f   libucrt:per_thread_data.obj
 0001:00009040       __acrt_getptd_noexit       000000018000a040 f   libucrt:per_thread_data.obj
 0001:00009110       __acrt_initialize_ptd      000000018000a110 f   libucrt:per_thread_data.obj
 0001:0000914c       __acrt_uninitialize_ptd    000000018000a14c f   libucrt:per_thread_data.obj
 0001:00009170       __acrt_errno_from_os_error 000000018000a170 f   libucrt:errno.obj
 0001:000091b8       __acrt_errno_map_os_error  000000018000a1b8 f   libucrt:errno.obj
 0001:00009208       __doserrno                 000000018000a208 f   libucrt:errno.obj
 0001:00009228       _errno                     000000018000a228 f   libucrt:errno.obj
 0001:00009248       __acrt_update_locale_info  000000018000a248 f   libucrt:locale_update.obj
 0001:0000927c       __acrt_update_multibyte_info 000000018000a27c f   libucrt:locale_update.obj
 0001:00009320       __acrt_set_locale_changed  000000018000a320 f   libucrt:wsetlocale.obj
 0001:0000932c       __acrt_uninitialize_locale 000000018000a32c f   libucrt:wsetlocale.obj
 0001:0000935c       __acrt_initialize_locks    000000018000a35c f   libucrt:locks.obj
 0001:000093a4       __acrt_lock                000000018000a3a4 f   libucrt:locks.obj
 0001:000093c0       __acrt_uninitialize_locks  000000018000a3c0 f   libucrt:locks.obj
 0001:000093f8       __acrt_unlock              000000018000a3f8 f   libucrt:locks.obj
 0001:00009414       __acrt_get_process_end_policy 000000018000a414 f   libucrt:win_policies.obj
 0001:000099b4       __acrt_expand_narrow_argv_wildcards 000000018000a9b4 f   libucrt:argv_wildcards.obj
 0001:0000a0fc       __acrt_initialize_multibyte 000000018000b0fc f   libucrt:mbctype.obj
 0001:0000a15c       __acrt_update_thread_multibyte_data 000000018000b15c f   libucrt:mbctype.obj
 0001:0000a178       _setmbcp_nolock            000000018000b178 f   libucrt:mbctype.obj
 0001:0000a4b0       _ismbblead                 000000018000b4b0 f   libucrt:ismbbyte.obj
 0001:0000a4c4       __acrt_initialize_command_line 000000018000b4c4 f   libucrt:argv_data.obj
 0001:0000a4ec       __dcrt_get_narrow_environment_from_os 000000018000b4ec f   libucrt:get_environment_from_os.obj
 0001:0000a5f0       _recalloc                  000000018000b5f0 f   libucrt:recalloc.obj
 0001:0000a5f8       _recalloc_base             000000018000b5f8 f   libucrt:recalloc.obj
 0001:0000a868       __acrt_AppPolicyGetProcessTerminationMethodInternal 000000018000b868 f   libucrt:winapi_thunks.obj
 0001:0000a8b8       __acrt_FlsAlloc            000000018000b8b8 f   libucrt:winapi_thunks.obj
 0001:0000a900       __acrt_FlsFree             000000018000b900 f   libucrt:winapi_thunks.obj
 0001:0000a948       __acrt_FlsGetValue         000000018000b948 f   libucrt:winapi_thunks.obj
 0001:0000a990       __acrt_FlsSetValue         000000018000b990 f   libucrt:winapi_thunks.obj
 0001:0000a9e4       __acrt_InitializeCriticalSectionEx 000000018000b9e4 f   libucrt:winapi_thunks.obj
 0001:0000aa48       __acrt_LCMapStringEx       000000018000ba48 f   libucrt:winapi_thunks.obj
 0001:0000ab24       __acrt_LocaleNameToLCID    000000018000bb24 f   libucrt:winapi_thunks.obj
 0001:0000ab74       __acrt_initialize_winapi_thunks 000000018000bb74 f   libucrt:winapi_thunks.obj
 0001:0000abbc       __acrt_uninitialize_winapi_thunks 000000018000bbbc f   libucrt:winapi_thunks.obj
 0001:0000ac00       __acrt_initialize_heap     000000018000bc00 f   libucrt:heap_handle.obj
 0001:0000ac1c       __acrt_uninitialize_heap   000000018000bc1c f   libucrt:heap_handle.obj
 0001:0000ae10       __acrt_initialize_lowio    000000018000be10 f   libucrt:ioinit.obj
 0001:0000ae4c       __acrt_uninitialize_lowio  000000018000be4c f   libucrt:ioinit.obj
 0001:0000ae8c       __acrt_execute_initializers 000000018000be8c f   libucrt:shared_initialization.obj
 0001:0000af0c       __acrt_execute_uninitializers 000000018000bf0c f   libucrt:shared_initialization.obj
 0001:0000af90       __acrt_get_sigabrt_handler 000000018000bf90 f   libucrt:signal.obj
 0001:0000afc0       __acrt_initialize_signal_handlers 000000018000bfc0 f   libucrt:signal.obj
 0001:0000afe0       raise                      000000018000bfe0 f   libucrt:signal.obj
 0001:0000b254       __acrt_has_user_matherr    000000018000c254 f   libucrt:matherr.obj
 0001:0000b274       __acrt_initialize_user_matherr 000000018000c274 f   libucrt:matherr.obj
 0001:0000b27c       __acrt_invoke_user_matherr 000000018000c27c f   libucrt:matherr.obj
 0001:0000b490       __acrt_stdio_flush_nolock  000000018000c490 f   libucrt:fflush.obj
 0001:0000b50c       _fflush_nolock             000000018000c50c f   libucrt:fflush.obj
 0001:0000b558       _flushall                  000000018000c558 f   libucrt:fflush.obj
 0001:0000b560       __acrt_initialize_stdio    000000018000c560 f   libucrt:_file.obj
 0001:0000b680       __acrt_uninitialize_stdio  000000018000c680 f   libucrt:_file.obj
 0001:0000b6dc       _lock_file                 000000018000c6dc f   libucrt:_file.obj
 0001:0000b6e8       _unlock_file               000000018000c6e8 f   libucrt:_file.obj
 0001:0000b6f4       _query_new_mode            000000018000c6f4 f   libucrt:new_mode.obj
 0001:0000b6fc       _mbtowc_l                  000000018000c6fc f   libucrt:mbtowc.obj
 0001:0000b844       mbtowc                     000000018000c844 f   libucrt:mbtowc.obj
 0001:0000b84c       _fileno                    000000018000c84c f   libucrt:fileno.obj
 0001:0000b874       __pctype_func              000000018000c874 f   libucrt:ctype.obj
 0001:0000b8a4       __acrt_add_locale_ref      000000018000c8a4 f   libucrt:locale_refcounting.obj
 0001:0000b930       __acrt_free_locale         000000018000c930 f   libucrt:locale_refcounting.obj
 0001:0000baa8       __acrt_locale_add_lc_time_reference 000000018000caa8 f   libucrt:locale_refcounting.obj
 0001:0000bad0       __acrt_locale_free_lc_time_if_unreferenced 000000018000cad0 f   libucrt:locale_refcounting.obj
 0001:0000bb08       __acrt_locale_release_lc_time_reference 000000018000cb08 f   libucrt:locale_refcounting.obj
 0001:0000bb30       __acrt_release_locale_ref  000000018000cb30 f   libucrt:locale_refcounting.obj
 0001:0000bbd8       __acrt_update_thread_locale_data 000000018000cbd8 f   libucrt:locale_refcounting.obj
 0001:0000bc48       _updatetlocinfoEx_nolock   000000018000cc48 f   libucrt:locale_refcounting.obj
 0001:0000bcb0       _isleadbyte_l              000000018000ccb0 f i libucrt:_wctype.obj
 0001:0000c008       __acrt_LCMapStringA        000000018000d008 f   libucrt:lcmapstringa.obj
 0001:0000c0a0       __acrt_locale_free_monetary 000000018000d0a0 f   libucrt:initmon.obj
 0001:0000c1ac       __acrt_locale_free_numeric 000000018000d1ac f   libucrt:initnum.obj
 0001:0000c26c       __acrt_locale_free_time    000000018000d26c f   libucrt:inittime.obj
 0001:0000c374       __acrt_GetStringTypeA      000000018000d374 f   libucrt:getstringtypea.obj
 0001:0000c510       qsort                      000000018000d510 f   libucrt:qsort.obj
 0001:0000c8c0       strncpy_s                  000000018000d8c0 f   libucrt:strncpy_s.obj
 0001:0000ca40       strpbrk                    000000018000da40 f   libucrt:strpbrk.obj
 0001:0000ce20       _mbsdec                    000000018000de20 f   libucrt:mbsdec.obj
 0001:0000ce28       _mbsdec_l                  000000018000de28 f   libucrt:mbsdec.obj
 0001:0000ced0       _msize                     000000018000ded0 f   libucrt:msize.obj
 0001:0000ced8       _msize_base                000000018000ded8 f   libucrt:msize.obj
 0001:0000cf14       _realloc_base              000000018000df14 f   libucrt:realloc_base.obj
 0001:0000d05c       __acrt_DownlevelLocaleNameToLCID 000000018000e05c f   libucrt:lcidtoname_downlevel.obj
 0001:0000d090       __acrt_lowio_create_handle_array 000000018000e090 f   libucrt:osfinfo.obj
 0001:0000d128       __acrt_lowio_destroy_handle_array 000000018000e128 f   libucrt:osfinfo.obj
 0001:0000d178       __acrt_lowio_ensure_fh_exists 000000018000e178 f   libucrt:osfinfo.obj
 0001:0000d220       __acrt_lowio_lock_fh       000000018000e220 f   libucrt:osfinfo.obj
 0001:0000d244       __acrt_lowio_unlock_fh     000000018000e244 f   libucrt:osfinfo.obj
 0001:0000d268       _free_osfhnd               000000018000e268 f   libucrt:osfinfo.obj
 0001:0000d324       _get_osfhandle             000000018000e324 f   libucrt:osfinfo.obj
 0001:0000d428       _commit                    000000018000e428 f   libucrt:commit.obj
 0001:0000da74       _write                     000000018000ea74 f   libucrt:write.obj
 0001:0000db60       _write_nolock              000000018000eb60 f   libucrt:write.obj
 0001:0000dea4       _fcloseall                 000000018000eea4 f   libucrt:closeall.obj
 0001:0000df58       __acrt_stdio_free_buffer_nolock 000000018000ef58 f   libucrt:_freebuf.obj
 0001:0000df98       _isatty                    000000018000ef98 f   libucrt:isatty.obj
 0001:0000dff8       __acrt_MultiByteToWideChar 000000018000eff8 f   libucrt:multibytetowidechar.obj
 0001:0000e000       __strncnt                  000000018000f000 f   libucrt:strncnt.obj
 0001:0000e018       _query_app_type            000000018000f018 f   libucrt:report_runtime_error.obj
 0001:0000e0bc       _lseeki64_nolock           000000018000f0bc f   libucrt:lseek.obj
 0001:0000e0c4       _putwch_nolock             000000018000f0c4 f   libucrt:putwch.obj
 0001:0000e100       _fclose_nolock             000000018000f100 f   libucrt:fclose.obj
 0001:0000e184       fclose                     000000018000f184 f   libucrt:fclose.obj
 0001:0000e1f0       log10                      000000018000f1f0 f   libucrt:log10.obj
 0001:0000e79c       __dcrt_lowio_ensure_console_output_initialized 000000018000f79c f   libucrt:initcon.obj
 0001:0000e7f0       __dcrt_terminate_console_output 000000018000f7f0 f   libucrt:initcon.obj
 0001:0000e80c       __dcrt_write_console_w     000000018000f80c f   libucrt:initcon.obj
 0001:0000e940       _close                     000000018000f940 f   libucrt:close.obj
 0001:0000e9e4       _close_nolock              000000018000f9e4 f   libucrt:close.obj
 0001:0000eaa0       ?__acrt_stdio_free_stream@@YAXV__crt_stdio_stream@@@Z 000000018000faa0 f   libucrt:stream.obj
 0001:0000ebe0       _handle_error              000000018000fbe0 f   libucrt:libm_error.obj
 0001:0000ed10       __acrt_initialize_fma3     000000018000fd10 f   libucrt:fma3_available.obj
 0001:0000ed80       _log10_special             000000018000fd80 f   libucrt:log_special.obj
 0001:0000ee50       _get_fpsr                  000000018000fe50 f   libucrt:fpsr.obj
 0001:0000ee60       _set_fpsr                  000000018000fe60 f   libucrt:fpsr.obj
 0001:0000ee6a       _fclrf                     000000018000fe6a f   libucrt:fpsr.obj
 0001:0000ee7e       _frnd                      000000018000fe7e f   libucrt:fpsr.obj
 0001:0000eea0       _raise_exc                 000000018000fea0 f   libucrt:fpexcept.obj
 0001:0000eec8       _raise_exc_ex              000000018000fec8 f   libucrt:fpexcept.obj
 0001:0000f1d0       _set_errno_from_matherr    00000001800101d0 f   libucrt:fpexcept.obj
 0001:0000f200       _clrfp                     0000000180010200 f   libucrt:fpctrl.obj
 0001:0000f220       _ctrlfp                    0000000180010220 f   libucrt:fpctrl.obj
 0001:0000f29c       _set_statfp                000000018001029c f   libucrt:fpctrl.obj
 0001:0000f2bc       _statfp                    00000001800102bc f   libucrt:fpctrl.obj
 0001:0000f2cd       IsProcessorFeaturePresent  00000001800102cd f   kernel32:KERNEL32.dll
 0001:0000f2d3       RtlUnwindEx                00000001800102d3 f   kernel32:KERNEL32.dll
 0001:0000f2dc       __GSHandlerCheck           00000001800102dc f   LIBCMT:_gshandler_.obj
 0001:0000f2fc       __GSHandlerCheckCommon     00000001800102fc f   LIBCMT:_gshandler_.obj
 0001:0000f360       _FindPESection             0000000180010360 f   LIBCMT:pesect.obj
 0001:0000f3b0       _IsNonwritableInCurrentImage 00000001800103b0 f   LIBCMT:pesect.obj
 0001:0000f400       _ValidateImageBase         0000000180010400 f   LIBCMT:pesect.obj
 0001:0000f440       _alloca_probe              0000000180010440 f   LIBCMT:_chkstk_.obj
 0001:0000f440       __chkstk                   0000000180010440 f   LIBCMT:_chkstk_.obj
 0001:0000f4b0       memcmp                     00000001800104b0 f   libvcruntime:memcmp.obj
 0001:0000f578       __GSHandlerCheck_EH        0000000180010578 f   LIBCMT:gshandlereh.obj
 0001:0000f610       _guard_dispatch_icall_nop  0000000180010610 f   LIBCMT:_guard_dispatch_.obj
 0001:0000f630       __guard_ss_verify_failure  0000000180010630 f   LIBCMT:_rfgfailure_.obj
 0001:0000f63b       __guard_ss_verify_failure_rcx 000000018001063b     LIBCMT:_rfgfailure_.obj
 0001:0000f641       __guard_ss_verify_failure_rdx 0000000180010641     LIBCMT:_rfgfailure_.obj
 0001:0000f647       __guard_ss_verify_failure_r8 0000000180010647     LIBCMT:_rfgfailure_.obj
 0001:0000f64d       __guard_ss_verify_failure_r9 000000018001064d     LIBCMT:_rfgfailure_.obj
 0001:0000f653       __guard_ss_verify_failure_r10 0000000180010653     LIBCMT:_rfgfailure_.obj
 0001:0000f660       __guard_ss_verify_failure_default 0000000180010660 f   LIBCMT:_rfgfailure_.obj
 0001:0000f6c0       __guard_ss_verify_sp       00000001800106c0 f   LIBCMT:_rfgfailure_.obj
 0001:0000f6d0       __guard_ss_verify_sp_default 00000001800106d0 f   LIBCMT:_rfgfailure_.obj
 0002:00000000       __imp_CloseHandle          0000000180011000     kernel32:KERNEL32.dll
 0002:00000008       __imp_CreateFileW          0000000180011008     kernel32:KERNEL32.dll
 0002:00000010       __imp_SetFilePointerEx     0000000180011010     kernel32:KERNEL32.dll
 0002:00000018       __imp_GetConsoleMode       0000000180011018     kernel32:KERNEL32.dll
 0002:00000020       __imp_GetConsoleCP         0000000180011020     kernel32:KERNEL32.dll
 0002:00000028       __imp_WriteFile            0000000180011028     kernel32:KERNEL32.dll
 0002:00000030       __imp_FlushFileBuffers     0000000180011030     kernel32:KERNEL32.dll
 0002:00000038       __imp_SetStdHandle         0000000180011038     kernel32:KERNEL32.dll
 0002:00000040       __imp_HeapReAlloc          0000000180011040     kernel32:KERNEL32.dll
 0002:00000048       __imp_HeapSize             0000000180011048     kernel32:KERNEL32.dll
 0002:00000050       __imp_GetStringTypeW       0000000180011050     kernel32:KERNEL32.dll
 0002:00000058       __imp_GetFileType          0000000180011058     kernel32:KERNEL32.dll
 0002:00000060       __imp_GetStdHandle         0000000180011060     kernel32:KERNEL32.dll
 0002:00000068       __imp_GetProcessHeap       0000000180011068     kernel32:KERNEL32.dll
 0002:00000070       __imp_LCMapStringW         0000000180011070     kernel32:KERNEL32.dll
 0002:00000078       __imp_FreeEnvironmentStringsW 0000000180011078     kernel32:KERNEL32.dll
 0002:00000080       __imp_GetEnvironmentStringsW 0000000180011080     kernel32:KERNEL32.dll
 0002:00000088       __imp_GetCommandLineW      0000000180011088     kernel32:KERNEL32.dll
 0002:00000090       __imp_GetCommandLineA      0000000180011090     kernel32:KERNEL32.dll
 0002:00000098       __imp_GetCPInfo            0000000180011098     kernel32:KERNEL32.dll
 0002:000000a0       __imp_GetOEMCP             00000001800110a0     kernel32:KERNEL32.dll
 0002:000000a8       __imp_IsValidCodePage      00000001800110a8     kernel32:KERNEL32.dll
 0002:000000b0       __imp_FindNextFileA        00000001800110b0     kernel32:KERNEL32.dll
 0002:000000b8       __imp_FindFirstFileExA     00000001800110b8     kernel32:KERNEL32.dll
 0002:000000c0       __imp_FindClose            00000001800110c0     kernel32:KERNEL32.dll
 0002:000000c8       __imp_RtlCaptureContext    00000001800110c8     kernel32:KERNEL32.dll
 0002:000000d0       __imp_RtlLookupFunctionEntry 00000001800110d0     kernel32:KERNEL32.dll
 0002:000000d8       __imp_RtlVirtualUnwind     00000001800110d8     kernel32:KERNEL32.dll
 0002:000000e0       __imp_UnhandledExceptionFilter 00000001800110e0     kernel32:KERNEL32.dll
 0002:000000e8       __imp_SetUnhandledExceptionFilter 00000001800110e8     kernel32:KERNEL32.dll
 0002:000000f0       __imp_GetCurrentProcess    00000001800110f0     kernel32:KERNEL32.dll
 0002:000000f8       __imp_TerminateProcess     00000001800110f8     kernel32:KERNEL32.dll
 0002:00000100       __imp_IsProcessorFeaturePresent 0000000180011100     kernel32:KERNEL32.dll
 0002:00000108       __imp_QueryPerformanceCounter 0000000180011108     kernel32:KERNEL32.dll
 0002:00000110       __imp_GetCurrentProcessId  0000000180011110     kernel32:KERNEL32.dll
 0002:00000118       __imp_GetCurrentThreadId   0000000180011118     kernel32:KERNEL32.dll
 0002:00000120       __imp_GetSystemTimeAsFileTime 0000000180011120     kernel32:KERNEL32.dll
 0002:00000128       __imp_InitializeSListHead  0000000180011128     kernel32:KERNEL32.dll
 0002:00000130       __imp_IsDebuggerPresent    0000000180011130     kernel32:KERNEL32.dll
 0002:00000138       __imp_GetStartupInfoW      0000000180011138     kernel32:KERNEL32.dll
 0002:00000140       __imp_GetModuleHandleW     0000000180011140     kernel32:KERNEL32.dll
 0002:00000148       __imp_RtlUnwindEx          0000000180011148     kernel32:KERNEL32.dll
 0002:00000150       __imp_RtlPcToFileHeader    0000000180011150     kernel32:KERNEL32.dll
 0002:00000158       __imp_RaiseException       0000000180011158     kernel32:KERNEL32.dll
 0002:00000160       __imp_InterlockedFlushSList 0000000180011160     kernel32:KERNEL32.dll
 0002:00000168       __imp_GetLastError         0000000180011168     kernel32:KERNEL32.dll
 0002:00000170       __imp_SetLastError         0000000180011170     kernel32:KERNEL32.dll
 0002:00000178       __imp_EncodePointer        0000000180011178     kernel32:KERNEL32.dll
 0002:00000180       __imp_EnterCriticalSection 0000000180011180     kernel32:KERNEL32.dll
 0002:00000188       __imp_LeaveCriticalSection 0000000180011188     kernel32:KERNEL32.dll
 0002:00000190       __imp_DeleteCriticalSection 0000000180011190     kernel32:KERNEL32.dll
 0002:00000198       __imp_InitializeCriticalSectionAndSpinCount 0000000180011198     kernel32:KERNEL32.dll
 0002:000001a0       __imp_TlsAlloc             00000001800111a0     kernel32:KERNEL32.dll
 0002:000001a8       __imp_TlsGetValue          00000001800111a8     kernel32:KERNEL32.dll
 0002:000001b0       __imp_TlsSetValue          00000001800111b0     kernel32:KERNEL32.dll
 0002:000001b8       __imp_TlsFree              00000001800111b8     kernel32:KERNEL32.dll
 0002:000001c0       __imp_FreeLibrary          00000001800111c0     kernel32:KERNEL32.dll
 0002:000001c8       __imp_GetProcAddress       00000001800111c8     kernel32:KERNEL32.dll
 0002:000001d0       __imp_LoadLibraryExW       00000001800111d0     kernel32:KERNEL32.dll
 0002:000001d8       __imp_ExitProcess          00000001800111d8     kernel32:KERNEL32.dll
 0002:000001e0       __imp_GetModuleHandleExW   00000001800111e0     kernel32:KERNEL32.dll
 0002:000001e8       __imp_GetModuleFileNameA   00000001800111e8     kernel32:KERNEL32.dll
 0002:000001f0       __imp_MultiByteToWideChar  00000001800111f0     kernel32:KERNEL32.dll
 0002:000001f8       __imp_WideCharToMultiByte  00000001800111f8     kernel32:KERNEL32.dll
 0002:00000200       __imp_HeapFree             0000000180011200     kernel32:KERNEL32.dll
 0002:00000208       __imp_HeapAlloc            0000000180011208     kernel32:KERNEL32.dll
 0002:00000210       __imp_GetACP               0000000180011210     kernel32:KERNEL32.dll
 0002:00000218       __imp_WriteConsoleW        0000000180011218     kernel32:KERNEL32.dll
 0002:00000220       \177KERNEL32_NULL_THUNK_DATA 0000000180011220     kernel32:KERNEL32.dll
 0002:00000228       __imp_interception_receive 0000000180011228     interception:interception.dll
 0002:00000230       __imp_interception_destroy_context 0000000180011230     interception:interception.dll
 0002:00000238       __imp_interception_wait    0000000180011238     interception:interception.dll
 0002:00000240       __imp_interception_create_context 0000000180011240     interception:interception.dll
 0002:00000248       __imp_interception_is_mouse 0000000180011248     interception:interception.dll
 0002:00000250       __imp_interception_send    0000000180011250     interception:interception.dll
 0002:00000258       __imp_interception_set_filter 0000000180011258     interception:interception.dll
 0002:00000260       __imp_interception_is_keyboard 0000000180011260     interception:interception.dll
 0002:00000268       __imp_interception_get_hardware_id 0000000180011268     interception:interception.dll
 0002:00000270       \177interception_NULL_THUNK_DATA 0000000180011270     interception:interception.dll
 0002:00000278       __imp_?ToString@Value@v8@@QEBA?AV?$Local@VString@v8@@@2@XZ 0000000180011278     iojs:node.dll
 0002:00000280       __imp_uv_default_loop      0000000180011280     iojs:node.dll
 0002:00000288       __imp_node_module_register 0000000180011288     iojs:node.dll
 0002:00000290       __imp_?Call@Function@v8@@QEAA?AV?$Local@VValue@v8@@@2@V32@HQEAV32@@Z 0000000180011290     iojs:node.dll
 0002:00000298       __imp_?SetName@Function@v8@@QEAAXV?$Local@VString@v8@@@2@@Z 0000000180011298     iojs:node.dll
 0002:000002a0       __imp_?Set@Object@v8@@QEAA_NV?$Local@VValue@v8@@@2@0@Z 00000001800112a0     iojs:node.dll
 0002:000002a8       __imp_?New@Number@v8@@SA?AV?$Local@VNumber@v8@@@2@PEAVIsolate@2@N@Z 00000001800112a8     iojs:node.dll
 0002:000002b0       __imp_?NewFromUtf8@String@v8@@SA?AV?$Local@VString@v8@@@2@PEAVIsolate@2@PEBDW4NewStringType@12@H@Z 00000001800112b0     iojs:node.dll
 0002:000002b8       __imp_??0Utf8Value@String@v8@@QEAA@V?$Local@VValue@v8@@@2@@Z 00000001800112b8     iojs:node.dll
 0002:000002c0       __imp_??1Utf8Value@String@v8@@QEAA@XZ 00000001800112c0     iojs:node.dll
 0002:000002c8       __imp_?BooleanValue@Value@v8@@QEBA_NXZ 00000001800112c8     iojs:node.dll
 0002:000002d0       __imp_?Int32Value@Value@v8@@QEBAHXZ 00000001800112d0     iojs:node.dll
 0002:000002d8       __imp_?GlobalizeReference@V8@v8@@CAPEAPEAVObject@internal@2@PEAVIsolate@42@PEAPEAV342@@Z 00000001800112d8     iojs:node.dll
 0002:000002e0       __imp_?DisposeGlobal@V8@v8@@CAXPEAPEAVObject@internal@2@@Z 00000001800112e0     iojs:node.dll
 0002:000002e8       __imp_?New@FunctionTemplate@v8@@SA?AV?$Local@VFunctionTemplate@v8@@@2@PEAVIsolate@2@P6AXAEBV?$FunctionCallbackInfo@VValue@v8@@@2@@ZV?$Local@VValue@v8@@@2@V?$Local@VSignature@v8@@@2@HW4ConstructorBehavior@2@@Z 00000001800112e8     iojs:node.dll
 0002:000002f0       __imp_?GetFunction@FunctionTemplate@v8@@QEAA?AV?$Local@VFunction@v8@@@2@XZ 00000001800112f0     iojs:node.dll
 0002:000002f8       __imp_??0HandleScope@v8@@QEAA@PEAVIsolate@1@@Z 00000001800112f8     iojs:node.dll
 0002:00000300       __imp_??1HandleScope@v8@@QEAA@XZ 0000000180011300     iojs:node.dll
 0002:00000308       __imp_?CreateHandle@HandleScope@v8@@KAPEAPEAVObject@internal@2@PEAVIsolate@42@PEAV342@@Z 0000000180011308     iojs:node.dll
 0002:00000310       __imp_?GetCurrent@Isolate@v8@@SAPEAV12@XZ 0000000180011310     iojs:node.dll
 0002:00000318       __imp_?GetCurrentContext@Isolate@v8@@QEAA?AV?$Local@VContext@v8@@@2@XZ 0000000180011318     iojs:node.dll
 0002:00000320       __imp_?Global@Context@v8@@QEAA?AV?$Local@VObject@v8@@@2@XZ 0000000180011320     iojs:node.dll
 0002:00000328       __imp_uv_queue_work        0000000180011328     iojs:node.dll
 0002:00000330       __imp_?New@Object@v8@@SA?AV?$Local@VObject@v8@@@2@PEAVIsolate@2@@Z 0000000180011330     iojs:node.dll
 0002:00000338       \177node_NULL_THUNK_DATA   0000000180011338     iojs:node.dll
 0002:00000340       __guard_check_icall_fptr   0000000180011340     LIBCMT:guard_support.obj
 0002:00000348       __guard_dispatch_icall_fptr 0000000180011348     LIBCMT:guard_support.obj
 0002:00000350       __guard_ss_verify_failure_fptr 0000000180011350     LIBCMT:guard_support.obj
 0002:00000358       __guard_ss_verify_sp_fptr  0000000180011358     LIBCMT:guard_support.obj
 0002:00000360       __xc_a                     0000000180011360     LIBCMT:initializers.obj
 0002:00000368       _register_addon_           0000000180011368     profiler.obj
 0002:00000370       __xc_z                     0000000180011370     LIBCMT:initializers.obj
 0002:00000378       __xi_a                     0000000180011378     LIBCMT:initializers.obj
 0002:00000380       __acrt_multibyte_initializer 0000000180011380     libucrt:multibyte_initializer.obj
 0002:00000388       __acrt_stdio_initializer   0000000180011388     libucrt:stdio_initializer.obj
 0002:00000390       __acrt_tran_fma3_initializer 0000000180011390     libucrt:fma3_initializer.obj
 0002:00000398       __xi_z                     0000000180011398     LIBCMT:initializers.obj
 0002:000003a0       __xp_a                     00000001800113a0     LIBCMT:initializers.obj
 0002:000003a8       __acrt_locale_terminator   00000001800113a8     libucrt:locale_initializer.obj
 0002:000003b0       __dcrt_console_output_terminator 00000001800113b0     libucrt:console_output_initializer.obj
 0002:000003b8       __acrt_stdio_terminator    00000001800113b8     libucrt:stdio_initializer.obj
 0002:000003c0       __xp_z                     00000001800113c0     LIBCMT:initializers.obj
 0002:000003c8       __xt_a                     00000001800113c8     LIBCMT:initializers.obj
 0002:000003d0       __xt_z                     00000001800113d0     LIBCMT:initializers.obj
 0002:000003e8       ??_7exception@std@@6B@     00000001800113e8     libcpmt:xthrow.obj
 0002:000003f8       ??_C@_0BC@EOODALEL@Unknown?5exception?$AA@ 00000001800113f8     libcpmt:xthrow.obj
 0002:00000418       ??_7bad_alloc@std@@6B@     0000000180011418     libcpmt:xthrow.obj
 0002:00000428       ??_C@_0P@GHFPNOJB@bad?5allocation?$AA@ 0000000180011428     libcpmt:xthrow.obj
 0002:00000440       ??_7logic_error@std@@6B@   0000000180011440     libcpmt:xthrow.obj
 0002:00000458       ??_7length_error@std@@6B@  0000000180011458     libcpmt:xthrow.obj
 0002:00000468       _pDefaultRawDllMain        0000000180011468     LIBCMT:dll_dllmain.obj
 0002:00000468       _pRawDllMain               0000000180011468     LIBCMT:dll_dllmain.obj
 0002:00000478       ??_7type_info@@6B@         0000000180011478     LIBCMT:std_type_info_static.obj
 0002:00000498       ??_7bad_array_new_length@std@@6B@ 0000000180011498     LIBCMT:throw_bad_alloc.obj
 0002:000004a8       ??_C@_0BF@KINCDENJ@bad?5array?5new?5length?$AA@ 00000001800114a8     LIBCMT:throw_bad_alloc.obj
 0002:00000558       _pDestructExceptionObject  0000000180011558     libvcruntime:ehhelpers.obj
 0002:000005a8       ??_7bad_exception@std@@6B@ 00000001800115a8     libvcruntime:frame.obj
 0002:000005b8       ??_C@_0O@DPKOEFFH@bad?5exception?$AA@ 00000001800115b8     libvcruntime:frame.obj
 0002:000008f8       ??_C@_08EHJDFFNH@__based?$CI?$AA@ 00000001800118f8     libvcruntime:undname.obj
 0002:00000908       ??_C@_07KOLFKCDI@__cdecl?$AA@ 0000000180011908     libvcruntime:undname.obj
 0002:00000910       ??_C@_08GHMPAG@__pascal?$AA@ 0000000180011910     libvcruntime:undname.obj
 0002:00000920       ??_C@_09IFJBGAPI@__stdcall?$AA@ 0000000180011920     libvcruntime:undname.obj
 0002:00000930       ??_C@_0L@NPHFGOKO@__thiscall?$AA@ 0000000180011930     libvcruntime:undname.obj
 0002:00000940       ??_C@_0L@JMKHOMEK@__fastcall?$AA@ 0000000180011940     libvcruntime:undname.obj
 0002:00000950       ??_C@_0N@BCKKPABJ@__vectorcall?$AA@ 0000000180011950     libvcruntime:undname.obj
 0002:00000960       ??_C@_09HIJEGCPM@__clrcall?$AA@ 0000000180011960     libvcruntime:undname.obj
 0002:0000096c       ??_C@_06GHPCKEAG@__eabi?$AA@ 000000018001196c     libvcruntime:undname.obj
 0002:00000978       ??_C@_07JOMMBBKO@__ptr64?$AA@ 0000000180011978     libvcruntime:undname.obj
 0002:00000980       ??_C@_0L@PILCLIHE@__restrict?$AA@ 0000000180011980     libvcruntime:undname.obj
 0002:00000990       ??_C@_0M@GFIIJFMG@__unaligned?$AA@ 0000000180011990     libvcruntime:undname.obj
 0002:000009a0       ??_C@_09DHDLOLLB@restrict?$CI?$AA@ 00000001800119a0     libvcruntime:undname.obj
 0002:000009aa       ??_C@_00CNPNBAHC@?$AA@     00000001800119aa     libvcruntime:undname.obj
 0002:000009ac       ??_C@_04NIHEBCM@?5new?$AA@ 00000001800119ac     libvcruntime:undname.obj
 0002:000009b8       ??_C@_07FPCDHGMM@?5delete?$AA@ 00000001800119b8     libvcruntime:undname.obj
 0002:000009c0       ??_C@_01NEMOKFLO@?$DN?$AA@ 00000001800119c0     libvcruntime:undname.obj
 0002:000009c4       ??_C@_02GPIOPFAK@?$DO?$DO?$AA@ 00000001800119c4     libvcruntime:undname.obj
 0002:000009c8       ??_C@_02FODMEDOG@?$DM?$DM?$AA@ 00000001800119c8     libvcruntime:undname.obj
 0002:000009cc       ??_C@_01DCLJPIOD@?$CB?$AA@ 00000001800119cc     libvcruntime:undname.obj
 0002:000009d0       ??_C@_02EGOFBIJA@?$DN?$DN?$AA@ 00000001800119d0     libvcruntime:undname.obj
 0002:000009d4       ??_C@_02FDNJECIE@?$CB?$DN?$AA@ 00000001800119d4     libvcruntime:undname.obj
 0002:000009d8       ??_C@_02GPECMEKF@?$FL?$FN?$AA@ 00000001800119d8     libvcruntime:undname.obj
 0002:000009e0       ??_C@_08LHJFAFGD@operator?$AA@ 00000001800119e0     libvcruntime:undname.obj
 0002:000009ec       ??_C@_02HBOOOICD@?9?$DO?$AA@ 00000001800119ec     libvcruntime:undname.obj
 0002:000009f0       ??_C@_01NBENCBCI@?$CK?$AA@ 00000001800119f0     libvcruntime:undname.obj
 0002:000009f4       ??_C@_02ECNGHCIF@?$CL?$CL?$AA@ 00000001800119f4     libvcruntime:undname.obj
 0002:000009f8       ??_C@_02BAABKJLB@?9?9?$AA@ 00000001800119f8     libvcruntime:undname.obj
 0002:000009fc       ??_C@_01JOAMLHOP@?9?$AA@   00000001800119fc     libvcruntime:undname.obj
 0002:00000a00       ??_C@_01MIFGBAGJ@?$CL?$AA@ 0000000180011a00     libvcruntime:undname.obj
 0002:00000a04       ??_C@_01HNPIGOCE@?$CG?$AA@ 0000000180011a04     libvcruntime:undname.obj
 0002:00000a08       ??_C@_03MNHNFDLC@?9?$DO?$CK?$AA@ 0000000180011a08     libvcruntime:undname.obj
 0002:00000a0c       ??_C@_01KMDKNFGN@?1?$AA@   0000000180011a0c     libvcruntime:undname.obj
 0002:00000a10       ??_C@_01FGNFDNOH@?$CF?$AA@ 0000000180011a10     libvcruntime:undname.obj
 0002:00000a14       ??_C@_01MNNFJEPP@?$DM?$AA@ 0000000180011a14     libvcruntime:undname.obj
 0002:00000a18       ??_C@_02EHCHHCKH@?$DM?$DN?$AA@ 0000000180011a18     libvcruntime:undname.obj
 0002:00000a1c       ??_C@_01PPODPGHN@?$DO?$AA@ 0000000180011a1c     libvcruntime:undname.obj
 0002:00000a20       ??_C@_02EEKDKGMJ@?$DO?$DN?$AA@ 0000000180011a20     libvcruntime:undname.obj
 0002:00000a24       ??_C@_01IHBHIGKO@?0?$AA@   0000000180011a24     libvcruntime:undname.obj
 0002:00000a28       ??_C@_02HCKGKOFO@?$CI?$CJ?$AA@ 0000000180011a28     libvcruntime:undname.obj
 0002:00000a2c       ??_C@_01PJKLJHI@?$HO?$AA@  0000000180011a2c     libvcruntime:undname.obj
 0002:00000a30       ??_C@_01JKBOJNNK@?$FO?$AA@ 0000000180011a30     libvcruntime:undname.obj
 0002:00000a34       ??_C@_01DNKMNLPK@?$HM?$AA@ 0000000180011a34     libvcruntime:undname.obj
 0002:00000a38       ??_C@_02PPKAJPJL@?$CG?$CG?$AA@ 0000000180011a38     libvcruntime:undname.obj
 0002:00000a3c       ??_C@_02NONPIBCD@?$HM?$HM?$AA@ 0000000180011a3c     libvcruntime:undname.obj
 0002:00000a40       ??_C@_02FPIMKNGF@?$CK?$DN?$AA@ 0000000180011a40     libvcruntime:undname.obj
 0002:00000a44       ??_C@_02FOEOMHFC@?$CL?$DN?$AA@ 0000000180011a44     libvcruntime:undname.obj
 0002:00000a48       ??_C@_02FKMDLLOA@?9?$DN?$AA@ 0000000180011a48     libvcruntime:undname.obj
 0002:00000a4c       ??_C@_02FJEHGPIO@?1?$DN?$AA@ 0000000180011a4c     libvcruntime:undname.obj
 0002:00000a50       ??_C@_02FENAOKFI@?$CF?$DN?$AA@ 0000000180011a50     libvcruntime:undname.obj
 0002:00000a54       ??_C@_03IKFCCPFF@?$DO?$DO?$DN?$AA@ 0000000180011a54     libvcruntime:undname.obj
 0002:00000a58       ??_C@_03CDNPDDLA@?$DM?$DM?$DN?$AA@ 0000000180011a58     libvcruntime:undname.obj
 0002:00000a5c       ??_C@_02FGJGFEAB@?$CG?$DN?$AA@ 0000000180011a5c     libvcruntime:undname.obj
 0002:00000a60       ??_C@_02DHLNPPGH@?$HM?$DN?$AA@ 0000000180011a60     libvcruntime:undname.obj
 0002:00000a64       ??_C@_02MHEGNOJ@?$FO?$DN?$AA@ 0000000180011a64     libvcruntime:undname.obj
 0002:00000a68       ??_C@_09IFPLHPGF@?$GAvftable?8?$AA@ 0000000180011a68     libvcruntime:undname.obj
 0002:00000a78       ??_C@_09BLBHBJP@?$GAvbtable?8?$AA@ 0000000180011a78     libvcruntime:undname.obj
 0002:00000a88       ??_C@_07FEEIOKP@?$GAvcall?8?$AA@ 0000000180011a88     libvcruntime:undname.obj
 0002:00000a90       ??_C@_08LLFFHHDJ@?$GAtypeof?8?$AA@ 0000000180011a90     libvcruntime:undname.obj
 0002:00000aa0       ??_C@_0BF@KDPPACIK@?$GAlocal?5static?5guard?8?$AA@ 0000000180011aa0     libvcruntime:undname.obj
 0002:00000ab8       ??_C@_08OBABFOLI@?$GAstring?8?$AA@ 0000000180011ab8     libvcruntime:undname.obj
 0002:00000ac8       ??_C@_0BD@JDLKDPAB@?$GAvbase?5destructor?8?$AA@ 0000000180011ac8     libvcruntime:undname.obj
 0002:00000ae0       ??_C@_0BN@DEGPLNFK@?$GAvector?5deleting?5destructor?8?$AA@ 0000000180011ae0     libvcruntime:undname.obj
 0002:00000b00       ??_C@_0BO@OBMKPJIG@?$GAdefault?5constructor?5closure?8?$AA@ 0000000180011b00     libvcruntime:undname.obj
 0002:00000b20       ??_C@_0BN@IMDCHIKM@?$GAscalar?5deleting?5destructor?8?$AA@ 0000000180011b20     libvcruntime:undname.obj
 0002:00000b40       ??_C@_0BO@PFGOCPJJ@?$GAvector?5constructor?5iterator?8?$AA@ 0000000180011b40     libvcruntime:undname.obj
 0002:00000b60       ??_C@_0BN@LFPFMEDL@?$GAvector?5destructor?5iterator?8?$AA@ 0000000180011b60     libvcruntime:undname.obj
 0002:00000b80       ??_C@_0CE@IKBNEHA@?$GAvector?5vbase?5constructor?5iterat@ 0000000180011b80     libvcruntime:undname.obj
 0002:00000ba8       ??_C@_0BL@NILFHHPC@?$GAvirtual?5displacement?5map?8?$AA@ 0000000180011ba8     libvcruntime:undname.obj
 0002:00000bc8       ??_C@_0CB@JONCMFFK@?$GAeh?5vector?5constructor?5iterator?8@ 0000000180011bc8     libvcruntime:undname.obj
 0002:00000bf0       ??_C@_0CA@GCEOPDGL@?$GAeh?5vector?5destructor?5iterator?8?$AA@ 0000000180011bf0     libvcruntime:undname.obj
 0002:00000c10       ??_C@_0CH@OOJPLCPH@?$GAeh?5vector?5vbase?5constructor?5ite@ 0000000180011c10     libvcruntime:undname.obj
 0002:00000c38       ??_C@_0BL@LLKPOHJI@?$GAcopy?5constructor?5closure?8?$AA@ 0000000180011c38     libvcruntime:undname.obj
 0002:00000c58       ??_C@_0BA@KBCDOMBN@?$GAudt?5returning?8?$AA@ 0000000180011c58     libvcruntime:undname.obj
 0002:00000c68       ??_C@_03KLGMFNMG@?$GAEH?$AA@ 0000000180011c68     libvcruntime:undname.obj
 0002:00000c6c       ??_C@_05KHLCHHI@?$GARTTI?$AA@ 0000000180011c6c     libvcruntime:undname.obj
 0002:00000c78       ??_C@_0BA@KKLDJDLB@?$GAlocal?5vftable?8?$AA@ 0000000180011c78     libvcruntime:undname.obj
 0002:00000c88       ??_C@_0CE@IIHCMGGL@?$GAlocal?5vftable?5constructor?5closu@ 0000000180011c88     libvcruntime:undname.obj
 0002:00000cac       ??_C@_06FHBGPFGH@?5new?$FL?$FN?$AA@ 0000000180011cac     libvcruntime:undname.obj
 0002:00000cb8       ??_C@_09LBNFPBCA@?5delete?$FL?$FN?$AA@ 0000000180011cb8     libvcruntime:undname.obj
 0002:00000cc8       ??_C@_0P@HJKNJFNN@?$GAomni?5callsig?8?$AA@ 0000000180011cc8     libvcruntime:undname.obj
 0002:00000cd8       ??_C@_0BL@CNOONJFP@?$GAplacement?5delete?5closure?8?$AA@ 0000000180011cd8     libvcruntime:undname.obj
 0002:00000cf8       ??_C@_0BN@CKNJLHMB@?$GAplacement?5delete?$FL?$FN?5closure?8?$AA@ 0000000180011cf8     libvcruntime:undname.obj
 0002:00000d18       ??_C@_0CG@CFDHKGGD@?$GAmanaged?5vector?5constructor?5iter@ 0000000180011d18     libvcruntime:undname.obj
 0002:00000d40       ??_C@_0CF@IMGKMJNO@?$GAmanaged?5vector?5destructor?5itera@ 0000000180011d40     libvcruntime:undname.obj
 0002:00000d68       ??_C@_0CG@HLDDJMAG@?$GAeh?5vector?5copy?5constructor?5iter@ 0000000180011d68     libvcruntime:undname.obj
 0002:00000d90       ??_C@_0CM@FCBBDIGB@?$GAeh?5vector?5vbase?5copy?5constructo@ 0000000180011d90     libvcruntime:undname.obj
 0002:00000dc0       ??_C@_0BL@CLIPGLGB@?$GAdynamic?5initializer?5for?5?8?$AA@ 0000000180011dc0     libvcruntime:undname.obj
 0002:00000de0       ??_C@_0CB@PDBIFEP@?$GAdynamic?5atexit?5destructor?5for?5?8@ 0000000180011de0     libvcruntime:undname.obj
 0002:00000e08       ??_C@_0CD@CGAJBKEJ@?$GAvector?5copy?5constructor?5iterato@ 0000000180011e08     libvcruntime:undname.obj
 0002:00000e30       ??_C@_0CJ@GJELGAMM@?$GAvector?5vbase?5copy?5constructor?5i@ 0000000180011e30     libvcruntime:undname.obj
 0002:00000e60       ??_C@_0CL@FGIJHLCE@?$GAmanaged?5vector?5copy?5constructor@ 0000000180011e60     libvcruntime:undname.obj
 0002:00000e90       ??_C@_0BM@PMGGMLDN@?$GAlocal?5static?5thread?5guard?8?$AA@ 0000000180011e90     libvcruntime:undname.obj
 0002:00000eb0       ??_C@_0N@BDNMDMOL@operator?5?$CC?$CC?5?$AA@ 0000000180011eb0     libvcruntime:undname.obj
 0002:00000ec0       ??_C@_0BC@GGEBGALA@operator?5co_await?$AA@ 0000000180011ec0     libvcruntime:undname.obj
 0002:00000ed8       ??_C@_0BC@DAFEJGAK@?5Type?5Descriptor?8?$AA@ 0000000180011ed8     libvcruntime:undname.obj
 0002:00000ef0       ??_C@_0BM@LDKODKLH@?5Base?5Class?5Descriptor?5at?5?$CI?$AA@ 0000000180011ef0     libvcruntime:undname.obj
 0002:00000f10       ??_C@_0BD@LGICGFMM@?5Base?5Class?5Array?8?$AA@ 0000000180011f10     libvcruntime:undname.obj
 0002:00000f28       ??_C@_0BN@MECKDCOJ@?5Class?5Hierarchy?5Descriptor?8?$AA@ 0000000180011f28     libvcruntime:undname.obj
 0002:00000f48       ??_C@_0BK@CFCOFLF@?5Complete?5Object?5Locator?8?$AA@ 0000000180011f48     libvcruntime:undname.obj
 0002:00000f80       ??_C@_1DM@KHCHBNEB@?$AAa?$AAp?$AAi?$AA?9?$AAm?$AAs?$AA?9?$AAw?$AAi?$AAn?$AA?9?$AAc?$AAo?$AAr?$AAe?$AA?9?$AAf?$AAi?$AAb?$AAe?$AAr?$AAs?$AA?9?$AAl?$AA1?$AA?9?$AA1?$AA?9?$AA1?$AA?$AA@ 0000000180011f80     libvcruntime:winapi_downlevel.obj
 0002:00000fc0       ??_C@_1DK@LPPGFMPP@?$AAa?$AAp?$AAi?$AA?9?$AAm?$AAs?$AA?9?$AAw?$AAi?$AAn?$AA?9?$AAc?$AAo?$AAr?$AAe?$AA?9?$AAs?$AAy?$AAn?$AAc?$AAh?$AA?9?$AAl?$AA1?$AA?9?$AA2?$AA?9?$AA0?$AA?$AA@ 0000000180011fc0     libvcruntime:winapi_downlevel.obj
 0002:00001000       ??_C@_1BC@GDMECMAK@?$AAk?$AAe?$AAr?$AAn?$AAe?$AAl?$AA3?$AA2?$AA?$AA@ 0000000180012000     libvcruntime:winapi_downlevel.obj
 0002:00001018       ??_C@_1BA@PFFKHIOG@?$AAa?$AAp?$AAi?$AA?9?$AAm?$AAs?$AA?9?$AA?$AA@ 0000000180012018     libvcruntime:winapi_downlevel.obj
 0002:00001028       ??_C@_1BA@IAIFMGEF@?$AAe?$AAx?$AAt?$AA?9?$AAm?$AAs?$AA?9?$AA?$AA@ 0000000180012028     libvcruntime:winapi_downlevel.obj
 0002:00001040       ??_C@_08KNHFBNJ@FlsAlloc?$AA@ 0000000180012040     libvcruntime:winapi_downlevel.obj
 0002:00001058       ??_C@_07PEJMOBNF@FlsFree?$AA@ 0000000180012058     libvcruntime:winapi_downlevel.obj
 0002:00001068       ??_C@_0M@GDNOONDI@FlsGetValue?$AA@ 0000000180012068     libvcruntime:winapi_downlevel.obj
 0002:00001080       ??_C@_0M@JCPCPOEF@FlsSetValue?$AA@ 0000000180012080     libvcruntime:winapi_downlevel.obj
 0002:00001098       ??_C@_0BM@HCFOFFN@InitializeCriticalSectionEx?$AA@ 0000000180012098     libvcruntime:winapi_downlevel.obj
 0002:000010c0       __acrt_exception_action_table 00000001800120c0     libucrt:exception_filter.obj
 0002:00001180       __acrt_signal_action_table_count 0000000180012180     libucrt:exception_filter.obj
 0002:00001188       __acrt_signal_action_first_fpe_index 0000000180012188     libucrt:exception_filter.obj
 0002:00001190       __acrt_signal_action_fpe_count 0000000180012190     libucrt:exception_filter.obj
 0002:00001198       ??_C@_1BI@BGOHAHKC@?$AAm?$AAs?$AAc?$AAo?$AAr?$AAe?$AAe?$AA?4?$AAd?$AAl?$AAl?$AA?$AA@ 0000000180012198     libucrt:exit.obj
 0002:000011b0       ??_C@_0P@MIGLKIOC@CorExitProcess?$AA@ 00000001800121b0     libucrt:exit.obj
 0002:00001420       __lc_time_c                0000000180012420     libucrt:nlsdata.obj
 0002:000016e0       ??_C@_03KOEHGMDN@Sun?$AA@  00000001800126e0     libucrt:nlsdata.obj
 0002:000016e4       ??_C@_03PDAGKDH@Mon?$AA@   00000001800126e4     libucrt:nlsdata.obj
 0002:000016e8       ??_C@_03NAGEINEP@Tue?$AA@  00000001800126e8     libucrt:nlsdata.obj
 0002:000016ec       ??_C@_03MHOMLAJA@Wed?$AA@  00000001800126ec     libucrt:nlsdata.obj
 0002:000016f0       ??_C@_03IOFIKPDN@Thu?$AA@  00000001800126f0     libucrt:nlsdata.obj
 0002:000016f4       ??_C@_03IDIOELNC@Fri?$AA@  00000001800126f4     libucrt:nlsdata.obj
 0002:000016f8       ??_C@_03FEFJNEK@Sat?$AA@   00000001800126f8     libucrt:nlsdata.obj
 0002:000016fc       ??_C@_06OOPIFAJ@Sunday?$AA@ 00000001800126fc     libucrt:nlsdata.obj
 0002:00001704       ??_C@_06JLEDEDGH@Monday?$AA@ 0000000180012704     libucrt:nlsdata.obj
 0002:00001710       ??_C@_07BAAGCFCM@Tuesday?$AA@ 0000000180012710     libucrt:nlsdata.obj
 0002:00001718       ??_C@_09DLIGFAKA@Wednesday?$AA@ 0000000180012718     libucrt:nlsdata.obj
 0002:00001728       ??_C@_08HACCIKIA@Thursday?$AA@ 0000000180012728     libucrt:nlsdata.obj
 0002:00001734       ??_C@_06JECMNKMI@Friday?$AA@ 0000000180012734     libucrt:nlsdata.obj
 0002:00001740       ??_C@_08INBOOONO@Saturday?$AA@ 0000000180012740     libucrt:nlsdata.obj
 0002:0000174c       ??_C@_03JIHJHPIE@Jan?$AA@  000000018001274c     libucrt:nlsdata.obj
 0002:00001750       ??_C@_03HJBDCHOM@Feb?$AA@  0000000180012750     libucrt:nlsdata.obj
 0002:00001754       ??_C@_03ODNJBKGA@Mar?$AA@  0000000180012754     libucrt:nlsdata.obj
 0002:00001758       ??_C@_03LEOLGMJP@Apr?$AA@  0000000180012758     libucrt:nlsdata.obj
 0002:0000175c       ??_C@_03CNMDKL@May?$AA@    000000018001275c     libucrt:nlsdata.obj
 0002:00001760       ??_C@_03IDFGHECI@Jun?$AA@  0000000180012760     libucrt:nlsdata.obj
 0002:00001764       ??_C@_03LBGABGKK@Jul?$AA@  0000000180012764     libucrt:nlsdata.obj
 0002:00001768       ??_C@_03IFJFEIGA@Aug?$AA@  0000000180012768     libucrt:nlsdata.obj
 0002:0000176c       ??_C@_03GGCAPAJC@Sep?$AA@  000000018001276c     libucrt:nlsdata.obj
 0002:00001770       ??_C@_03BMAOKBAD@Oct?$AA@  0000000180012770     libucrt:nlsdata.obj
 0002:00001774       ??_C@_03JPJOFNIA@Nov?$AA@  0000000180012774     libucrt:nlsdata.obj
 0002:00001778       ??_C@_03MKABNOCG@Dec?$AA@  0000000180012778     libucrt:nlsdata.obj
 0002:00001780       ??_C@_07CGJPFGJA@January?$AA@ 0000000180012780     libucrt:nlsdata.obj
 0002:00001788       ??_C@_08GNJGEPFN@February?$AA@ 0000000180012788     libucrt:nlsdata.obj
 0002:00001794       ??_C@_05HPCKOFNC@March?$AA@ 0000000180012794     libucrt:nlsdata.obj
 0002:0000179c       ??_C@_05DMJDNLEJ@April?$AA@ 000000018001279c     libucrt:nlsdata.obj
 0002:000017a4       ??_C@_04CNLMGBGM@June?$AA@ 00000001800127a4     libucrt:nlsdata.obj
 0002:000017ac       ??_C@_04MIEPOIFP@July?$AA@ 00000001800127ac     libucrt:nlsdata.obj
 0002:000017b4       ??_C@_06LBBHFDDG@August?$AA@ 00000001800127b4     libucrt:nlsdata.obj
 0002:000017c0       ??_C@_09BHHEALKD@September?$AA@ 00000001800127c0     libucrt:nlsdata.obj
 0002:000017d0       ??_C@_07JJNFCEND@October?$AA@ 00000001800127d0     libucrt:nlsdata.obj
 0002:000017d8       ??_C@_08HCHEGEOA@November?$AA@ 00000001800127d8     libucrt:nlsdata.obj
 0002:000017e8       ??_C@_08EDHMEBNP@December?$AA@ 00000001800127e8     libucrt:nlsdata.obj
 0002:000017f4       ??_C@_02DEDBPAFC@AM?$AA@   00000001800127f4     libucrt:nlsdata.obj
 0002:000017f8       ??_C@_02CJNFDJBF@PM?$AA@   00000001800127f8     libucrt:nlsdata.obj
 0002:00001800       ??_C@_08BPBNCDIB@MM?1dd?1yy?$AA@ 0000000180012800     libucrt:nlsdata.obj
 0002:00001810       ??_C@_0BE@CKGJFCPC@dddd?0?5MMMM?5dd?0?5yyyy?$AA@ 0000000180012810     libucrt:nlsdata.obj
 0002:00001828       ??_C@_08JCCMCCIL@HH?3mm?3ss?$AA@ 0000000180012828     libucrt:nlsdata.obj
 0002:00001838       ??_C@_17MBGCMIPB@?$AAS?$AAu?$AAn?$AA?$AA@ 0000000180012838     libucrt:nlsdata.obj
 0002:00001840       ??_C@_17KBOMKBF@?$AAM?$AAo?$AAn?$AA?$AA@ 0000000180012840     libucrt:nlsdata.obj
 0002:00001848       ??_C@_17BMKGEGOJ@?$AAT?$AAu?$AAe?$AA?$AA@ 0000000180012848     libucrt:nlsdata.obj
 0002:00001850       ??_C@_17CJEDCEPE@?$AAW?$AAe?$AAd?$AA?$AA@ 0000000180012850     libucrt:nlsdata.obj
 0002:00001858       ??_C@_17PDPHAADD@?$AAT?$AAh?$AAu?$AA?$AA@ 0000000180012858     libucrt:nlsdata.obj
 0002:00001860       ??_C@_17HFOLPPLP@?$AAF?$AAr?$AAi?$AA?$AA@ 0000000180012860     libucrt:nlsdata.obj
 0002:00001868       ??_C@_17GGIBDPIH@?$AAS?$AAa?$AAt?$AA?$AA@ 0000000180012868     libucrt:nlsdata.obj
 0002:00001870       ??_C@_1O@IHNHDHPB@?$AAS?$AAu?$AAn?$AAd?$AAa?$AAy?$AA?$AA@ 0000000180012870     libucrt:nlsdata.obj
 0002:00001880       ??_C@_1O@MMNBFLIA@?$AAM?$AAo?$AAn?$AAd?$AAa?$AAy?$AA?$AA@ 0000000180012880     libucrt:nlsdata.obj
 0002:00001890       ??_C@_1BA@ENFBFFEK@?$AAT?$AAu?$AAe?$AAs?$AAd?$AAa?$AAy?$AA?$AA@ 0000000180012890     libucrt:nlsdata.obj
 0002:000018a0       ??_C@_1BE@EBOGMDOH@?$AAW?$AAe?$AAd?$AAn?$AAe?$AAs?$AAd?$AAa?$AAy?$AA?$AA@ 00000001800128a0     libucrt:nlsdata.obj
 0002:000018b8       ??_C@_1BC@HHMNLIHE@?$AAT?$AAh?$AAu?$AAr?$AAs?$AAd?$AAa?$AAy?$AA?$AA@ 00000001800128b8     libucrt:nlsdata.obj
 0002:000018d0       ??_C@_1O@PDICJHAG@?$AAF?$AAr?$AAi?$AAd?$AAa?$AAy?$AA?$AA@ 00000001800128d0     libucrt:nlsdata.obj
 0002:000018e0       ??_C@_1BC@ENMNNPAJ@?$AAS?$AAa?$AAt?$AAu?$AAr?$AAd?$AAa?$AAy?$AA?$AA@ 00000001800128e0     libucrt:nlsdata.obj
 0002:000018f8       ??_C@_17DKNBKCHM@?$AAJ?$AAa?$AAn?$AA?$AA@ 00000001800128f8     libucrt:nlsdata.obj
 0002:00001900       ??_C@_17LMDJEKJN@?$AAF?$AAe?$AAb?$AA?$AA@ 0000000180012900     libucrt:nlsdata.obj
 0002:00001908       ??_C@_17CKNLEDEC@?$AAM?$AAa?$AAr?$AA?$AA@ 0000000180012908     libucrt:nlsdata.obj
 0002:00001910       ??_C@_17LFPOIHDD@?$AAA?$AAp?$AAr?$AA?$AA@ 0000000180012910     libucrt:nlsdata.obj
 0002:00001918       ??_C@_17PNNKMEED@?$AAM?$AAa?$AAy?$AA?$AA@ 0000000180012918     libucrt:nlsdata.obj
 0002:00001920       ??_C@_17KCJGOCPB@?$AAJ?$AAu?$AAn?$AA?$AA@ 0000000180012920     libucrt:nlsdata.obj
 0002:00001928       ??_C@_17IJPCKHK@?$AAJ?$AAu?$AAl?$AA?$AA@ 0000000180012928     libucrt:nlsdata.obj
 0002:00001930       ??_C@_17ICPELBCN@?$AAA?$AAu?$AAg?$AA?$AA@ 0000000180012930     libucrt:nlsdata.obj
 0002:00001938       ??_C@_17HCHCOKMG@?$AAS?$AAe?$AAp?$AA?$AA@ 0000000180012938     libucrt:nlsdata.obj
 0002:00001940       ??_C@_17FNLKOI@?$AAO?$AAc?$AAt?$AA?$AA@ 0000000180012940     libucrt:nlsdata.obj
 0002:00001948       ??_C@_17BBDMLCIG@?$AAN?$AAo?$AAv?$AA?$AA@ 0000000180012948     libucrt:nlsdata.obj
 0002:00001950       ??_C@_17EGKACKIF@?$AAD?$AAe?$AAc?$AA?$AA@ 0000000180012950     libucrt:nlsdata.obj
 0002:00001958       ??_C@_1BA@EFMEIEBA@?$AAJ?$AAa?$AAn?$AAu?$AAa?$AAr?$AAy?$AA?$AA@ 0000000180012958     libucrt:nlsdata.obj
 0002:00001968       ??_C@_1BC@JGDDFFAM@?$AAF?$AAe?$AAb?$AAr?$AAu?$AAa?$AAr?$AAy?$AA?$AA@ 0000000180012968     libucrt:nlsdata.obj
 0002:00001980       ??_C@_1M@IKEENEDF@?$AAM?$AAa?$AAr?$AAc?$AAh?$AA?$AA@ 0000000180012980     libucrt:nlsdata.obj
 0002:00001990       ??_C@_1M@GJNLMHFD@?$AAA?$AAp?$AAr?$AAi?$AAl?$AA?$AA@ 0000000180012990     libucrt:nlsdata.obj
 0002:000019a0       ??_C@_19EPFLPGAP@?$AAJ?$AAu?$AAn?$AAe?$AA?$AA@ 00000001800129a0     libucrt:nlsdata.obj
 0002:000019b0       ??_C@_19BIFMLPCD@?$AAJ?$AAu?$AAl?$AAy?$AA?$AA@ 00000001800129b0     libucrt:nlsdata.obj
 0002:000019c0       ??_C@_1O@PAHLKOAC@?$AAA?$AAu?$AAg?$AAu?$AAs?$AAt?$AA?$AA@ 00000001800129c0     libucrt:nlsdata.obj
 0002:000019d0       ??_C@_1BE@DKAAMBJL@?$AAS?$AAe?$AAp?$AAt?$AAe?$AAm?$AAb?$AAe?$AAr?$AA?$AA@ 00000001800129d0     libucrt:nlsdata.obj
 0002:000019e8       ??_C@_1BA@EPANDLNG@?$AAO?$AAc?$AAt?$AAo?$AAb?$AAe?$AAr?$AA?$AA@ 00000001800129e8     libucrt:nlsdata.obj
 0002:000019f8       ??_C@_1BC@BGLIFPF@?$AAN?$AAo?$AAv?$AAe?$AAm?$AAb?$AAe?$AAr?$AA?$AA@ 00000001800129f8     libucrt:nlsdata.obj
 0002:00001a10       ??_C@_1BC@FEMKIFH@?$AAD?$AAe?$AAc?$AAe?$AAm?$AAb?$AAe?$AAr?$AA?$AA@ 0000000180012a10     libucrt:nlsdata.obj
 0002:00001a24       ??_C@_15ODEHAHHF@?$AAA?$AAM?$AA?$AA@ 0000000180012a24     libucrt:nlsdata.obj
 0002:00001a2c       ??_C@_15CLMNNGEL@?$AAP?$AAM?$AA?$AA@ 0000000180012a2c     libucrt:nlsdata.obj
 0002:00001a38       ??_C@_1BC@IEBCMHCM@?$AAM?$AAM?$AA?1?$AAd?$AAd?$AA?1?$AAy?$AAy?$AA?$AA@ 0000000180012a38     libucrt:nlsdata.obj
 0002:00001a50       ??_C@_1CI@KNAKOEBC@?$AAd?$AAd?$AAd?$AAd?$AA?0?$AA?5?$AAM?$AAM?$AAM?$AAM?$AA?5?$AAd?$AAd?$AA?0?$AA?5?$AAy?$AAy?$AAy?$AAy?$AA?$AA@ 0000000180012a50     libucrt:nlsdata.obj
 0002:00001a78       ??_C@_1BC@GDGBMEMK@?$AAH?$AAH?$AA?3?$AAm?$AAm?$AA?3?$AAs?$AAs?$AA?$AA@ 0000000180012a78     libucrt:nlsdata.obj
 0002:00001a90       ??_C@_1M@BMHNFIME@?$AAe?$AAn?$AA?9?$AAU?$AAS?$AA?$AA@ 0000000180012a90     libucrt:nlsdata.obj
 0002:00001ac0       ??_C@_1M@HPNHIDJI@?$AAj?$AAa?$AA?9?$AAJ?$AAP?$AA?$AA@ 0000000180012ac0     libucrt:mbctype.obj
 0002:00001ad0       ??_C@_1M@BIBDDEMK@?$AAz?$AAh?$AA?9?$AAC?$AAN?$AA?$AA@ 0000000180012ad0     libucrt:mbctype.obj
 0002:00001ae0       ??_C@_1M@JLOOOEGK@?$AAk?$AAo?$AA?9?$AAK?$AAR?$AA?$AA@ 0000000180012ae0     libucrt:mbctype.obj
 0002:00001af0       ??_C@_1M@CLNBBOPM@?$AAz?$AAh?$AA?9?$AAT?$AAW?$AA?$AA@ 0000000180012af0     libucrt:mbctype.obj
 0002:00001ba0       ??_C@_1EA@JGEFHKEI@?$AAa?$AAp?$AAi?$AA?9?$AAm?$AAs?$AA?9?$AAw?$AAi?$AAn?$AA?9?$AAc?$AAo?$AAr?$AAe?$AA?9?$AAd?$AAa?$AAt?$AAe?$AAt?$AAi?$AAm?$AAe?$AA?9?$AAl?$AA1?$AA?9?$AA1?$AA?9?$AA1?$AA?$AA@ 0000000180012ba0     libucrt:winapi_thunks.obj
 0002:00001be0       ??_C@_1DI@IJCEHOCB@?$AAa?$AAp?$AAi?$AA?9?$AAm?$AAs?$AA?9?$AAw?$AAi?$AAn?$AA?9?$AAc?$AAo?$AAr?$AAe?$AA?9?$AAf?$AAi?$AAl?$AAe?$AA?9?$AAl?$AA1?$AA?9?$AA2?$AA?9?$AA2?$AA?$AA@ 0000000180012be0     libucrt:winapi_thunks.obj
 0002:00001c20       ??_C@_1EI@MPIAOHOC@?$AAa?$AAp?$AAi?$AA?9?$AAm?$AAs?$AA?9?$AAw?$AAi?$AAn?$AA?9?$AAc?$AAo?$AAr?$AAe?$AA?9?$AAl?$AAo?$AAc?$AAa?$AAl?$AAi?$AAz?$AAa?$AAt?$AAi?$AAo?$AAn?$AA?9?$AAl?$AA1?$AA?9@ 0000000180012c20     libucrt:winapi_thunks.obj
 0002:00001c70       ??_C@_1FK@FPHCKFIE@?$AAa?$AAp?$AAi?$AA?9?$AAm?$AAs?$AA?9?$AAw?$AAi?$AAn?$AA?9?$AAc?$AAo?$AAr?$AAe?$AA?9?$AAl?$AAo?$AAc?$AAa?$AAl?$AAi?$AAz?$AAa?$AAt?$AAi?$AAo?$AAn?$AA?9?$AAo?$AAb?$AAs@ 0000000180012c70     libucrt:winapi_thunks.obj
 0002:00001cd0       ??_C@_1EM@DILCGIIO@?$AAa?$AAp?$AAi?$AA?9?$AAm?$AAs?$AA?9?$AAw?$AAi?$AAn?$AA?9?$AAc?$AAo?$AAr?$AAe?$AA?9?$AAp?$AAr?$AAo?$AAc?$AAe?$AAs?$AAs?$AAt?$AAh?$AAr?$AAe?$AAa?$AAd?$AAs?$AA?9?$AAl@ 0000000180012cd0     libucrt:winapi_thunks.obj
 0002:00001d20       ??_C@_1DM@LNCGDDPN@?$AAa?$AAp?$AAi?$AA?9?$AAm?$AAs?$AA?9?$AAw?$AAi?$AAn?$AA?9?$AAc?$AAo?$AAr?$AAe?$AA?9?$AAs?$AAt?$AAr?$AAi?$AAn?$AAg?$AA?9?$AAl?$AA1?$AA?9?$AA1?$AA?9?$AA0?$AA?$AA@ 0000000180012d20     libucrt:winapi_thunks.obj
 0002:00001d60       ??_C@_1DO@FPAPJEMD@?$AAa?$AAp?$AAi?$AA?9?$AAm?$AAs?$AA?9?$AAw?$AAi?$AAn?$AA?9?$AAc?$AAo?$AAr?$AAe?$AA?9?$AAs?$AAy?$AAs?$AAi?$AAn?$AAf?$AAo?$AA?9?$AAl?$AA1?$AA?9?$AA2?$AA?9?$AA1?$AA?$AA@ 0000000180012d60     libucrt:winapi_thunks.obj
 0002:00001da0       ??_C@_1DK@NDHNAHIO@?$AAa?$AAp?$AAi?$AA?9?$AAm?$AAs?$AA?9?$AAw?$AAi?$AAn?$AA?9?$AAc?$AAo?$AAr?$AAe?$AA?9?$AAw?$AAi?$AAn?$AAr?$AAt?$AA?9?$AAl?$AA1?$AA?9?$AA1?$AA?9?$AA0?$AA?$AA@ 0000000180012da0     libucrt:winapi_thunks.obj
 0002:00001de0       ??_C@_1DM@KGHDGBCM@?$AAa?$AAp?$AAi?$AA?9?$AAm?$AAs?$AA?9?$AAw?$AAi?$AAn?$AA?9?$AAc?$AAo?$AAr?$AAe?$AA?9?$AAx?$AAs?$AAt?$AAa?$AAt?$AAe?$AA?9?$AAl?$AA2?$AA?9?$AA1?$AA?9?$AA0?$AA?$AA@ 0000000180012de0     libucrt:winapi_thunks.obj
 0002:00001e20       ??_C@_1EO@IJIOEFOH@?$AAa?$AAp?$AAi?$AA?9?$AAm?$AAs?$AA?9?$AAw?$AAi?$AAn?$AA?9?$AAr?$AAt?$AAc?$AAo?$AAr?$AAe?$AA?9?$AAn?$AAt?$AAu?$AAs?$AAe?$AAr?$AA?9?$AAw?$AAi?$AAn?$AAd?$AAo?$AAw?$AA?9@ 0000000180012e20     libucrt:winapi_thunks.obj
 0002:00001e70       ??_C@_1FG@HHGEKANL@?$AAa?$AAp?$AAi?$AA?9?$AAm?$AAs?$AA?9?$AAw?$AAi?$AAn?$AA?9?$AAs?$AAe?$AAc?$AAu?$AAr?$AAi?$AAt?$AAy?$AA?9?$AAs?$AAy?$AAs?$AAt?$AAe?$AAm?$AAf?$AAu?$AAn?$AAc?$AAt?$AAi@ 0000000180012e70     libucrt:winapi_thunks.obj
 0002:00001ed0       ??_C@_1EG@DBIOJECG@?$AAe?$AAx?$AAt?$AA?9?$AAm?$AAs?$AA?9?$AAw?$AAi?$AAn?$AA?9?$AAn?$AAt?$AAu?$AAs?$AAe?$AAr?$AA?9?$AAd?$AAi?$AAa?$AAl?$AAo?$AAg?$AAb?$AAo?$AAx?$AA?9?$AAl?$AA1?$AA?9?$AA1@ 0000000180012ed0     libucrt:winapi_thunks.obj
 0002:00001f20       ??_C@_1EO@FIHMJCLF@?$AAe?$AAx?$AAt?$AA?9?$AAm?$AAs?$AA?9?$AAw?$AAi?$AAn?$AA?9?$AAn?$AAt?$AAu?$AAs?$AAe?$AAr?$AA?9?$AAw?$AAi?$AAn?$AAd?$AAo?$AAw?$AAs?$AAt?$AAa?$AAt?$AAi?$AAo?$AAn?$AA?9@ 0000000180012f20     libucrt:winapi_thunks.obj
 0002:00001f70       ??_C@_1BC@DNHGCMLG@?$AAa?$AAd?$AAv?$AAa?$AAp?$AAi?$AA3?$AA2?$AA?$AA@ 0000000180012f70     libucrt:winapi_thunks.obj
 0002:00001f88       ??_C@_1M@OAIMIKLP@?$AAn?$AAt?$AAd?$AAl?$AAl?$AA?$AA@ 0000000180012f88     libucrt:winapi_thunks.obj
 0002:00001fa0       ??_C@_1EG@DPGNFKGC@?$AAa?$AAp?$AAi?$AA?9?$AAm?$AAs?$AA?9?$AAw?$AAi?$AAn?$AA?9?$AAa?$AAp?$AAp?$AAm?$AAo?$AAd?$AAe?$AAl?$AA?9?$AAr?$AAu?$AAn?$AAt?$AAi?$AAm?$AAe?$AA?9?$AAl?$AA1?$AA?9?$AA1@ 0000000180012fa0     libucrt:winapi_thunks.obj
 0002:00001fe8       ??_C@_1O@BCCLBEOE@?$AAu?$AAs?$AAe?$AAr?$AA3?$AA2?$AA?$AA@ 0000000180012fe8     libucrt:winapi_thunks.obj
 0002:00002028       ??_C@_0O@KKBNKAPF@LCMapStringEx?$AA@ 0000000180013028     libucrt:winapi_thunks.obj
 0002:00002040       ??_C@_0BB@HBDEELFH@LocaleNameToLCID?$AA@ 0000000180013040     libucrt:winapi_thunks.obj
 0002:00002058       ??_C@_0CF@OJOFEIGO@AppPolicyGetProcessTerminationMe@ 0000000180013058     libucrt:winapi_thunks.obj
 0002:00002080       __newctype                 0000000180013080     libucrt:ctype.obj
 0002:00002380       __newclmap                 0000000180013380     libucrt:ctype.obj
 0002:00002500       __newcumap                 0000000180013500     libucrt:ctype.obj
 0002:00002680       ??_C@_15PJPFLCCM@?$AAu?$AAk?$AA?$AA@ 0000000180013680     libucrt:get_qualified_locale.obj
 0002:00002688       ??_C@_1M@BJNKEDC@?$AAc?$AAa?$AA?9?$AAE?$AAS?$AA?$AA@ 0000000180013688     libucrt:lcidtoname_downlevel.obj
 0002:00002698       ??_C@_1M@IJJHFJHA@?$AAc?$AAs?$AA?9?$AAC?$AAZ?$AA?$AA@ 0000000180013698     libucrt:lcidtoname_downlevel.obj
 0002:000026a8       ??_C@_1M@CLPEOBGI@?$AAd?$AAa?$AA?9?$AAD?$AAK?$AA?$AA@ 00000001800136a8     libucrt:lcidtoname_downlevel.obj
 0002:000026b8       ??_C@_1M@MCMADGCB@?$AAd?$AAe?$AA?9?$AAD?$AAE?$AA?$AA@ 00000001800136b8     libucrt:lcidtoname_downlevel.obj
 0002:000026c8       ??_C@_1M@OOCKEMAM@?$AAe?$AAl?$AA?9?$AAG?$AAR?$AA?$AA@ 00000001800136c8     libucrt:lcidtoname_downlevel.obj
 0002:000026d8       ??_C@_1M@DDNJFGID@?$AAf?$AAi?$AA?9?$AAF?$AAI?$AA?$AA@ 00000001800136d8     libucrt:lcidtoname_downlevel.obj
 0002:000026e8       ??_C@_1M@GLIPPMAC@?$AAf?$AAr?$AA?9?$AAF?$AAR?$AA?$AA@ 00000001800136e8     libucrt:lcidtoname_downlevel.obj
 0002:000026f8       ??_C@_1M@GFMCHPE@?$AAh?$AAe?$AA?9?$AAI?$AAL?$AA?$AA@ 00000001800136f8     libucrt:lcidtoname_downlevel.obj
 0002:00002708       ??_C@_1M@MHLPGNKM@?$AAh?$AAu?$AA?9?$AAH?$AAU?$AA?$AA@ 0000000180013708     libucrt:lcidtoname_downlevel.obj
 0002:00002718       ??_C@_1M@LPDDNNPN@?$AAi?$AAs?$AA?9?$AAI?$AAS?$AA?$AA@ 0000000180013718     libucrt:lcidtoname_downlevel.obj
 0002:00002728       ??_C@_1M@MADIPODN@?$AAi?$AAt?$AA?9?$AAI?$AAT?$AA?$AA@ 0000000180013728     libucrt:lcidtoname_downlevel.obj
 0002:00002738       ??_C@_1M@IHBJJGG@?$AAn?$AAl?$AA?9?$AAN?$AAL?$AA?$AA@ 0000000180013738     libucrt:lcidtoname_downlevel.obj
 0002:00002748       ??_C@_1M@EANAGDL@?$AAn?$AAb?$AA?9?$AAN?$AAO?$AA?$AA@ 0000000180013748     libucrt:lcidtoname_downlevel.obj
 0002:00002758       ??_C@_1M@NEIEMEGP@?$AAp?$AAl?$AA?9?$AAP?$AAL?$AA?$AA@ 0000000180013758     libucrt:lcidtoname_downlevel.obj
[...]
 0004:00000a74       $pdata$__acrt_initialize_command_line 000000018001ea74     libucrt:argv_data.obj
 0004:00000a80       $pdata$__dcrt_get_narrow_environment_from_os 000000018001ea80     libucrt:get_environment_from_os.obj
 0004:00000a8c       $pdata$_recalloc_base      000000018001ea8c     libucrt:recalloc.obj
 0004:00000a98       $pdata$?try_get_function@@YAPEAXW4function_id@?A0x391cf84c@@QEBDQEBW4module_id@2@2@Z 000000018001ea98     libucrt:winapi_thunks.obj
 0004:00000aa4       $pdata$__acrt_AppPolicyGetProcessTerminationMethodInternal 000000018001eaa4     libucrt:winapi_thunks.obj
 0004:00000ab0       $pdata$__acrt_FlsAlloc     000000018001eab0     libucrt:winapi_thunks.obj
 0004:00000abc       $pdata$__acrt_FlsFree      000000018001eabc     libucrt:winapi_thunks.obj
 0004:00000ac8       $pdata$__acrt_FlsGetValue  000000018001eac8     libucrt:winapi_thunks.obj
 0004:00000ad4       $pdata$__acrt_FlsSetValue  000000018001ead4     libucrt:winapi_thunks.obj
 0004:00000ae0       $pdata$__acrt_InitializeCriticalSectionEx 000000018001eae0     libucrt:winapi_thunks.obj
 0004:00000aec       $pdata$__acrt_LCMapStringEx 000000018001eaec     libucrt:winapi_thunks.obj
 0004:00000af8       $pdata$__acrt_LocaleNameToLCID 000000018001eaf8     libucrt:winapi_thunks.obj
 0004:00000b04       $pdata$__acrt_initialize_winapi_thunks 000000018001eb04     libucrt:winapi_thunks.obj
 0004:00000b10       $pdata$__acrt_uninitialize_winapi_thunks 000000018001eb10     libucrt:winapi_thunks.obj
 0004:00000b1c       $pdata$__acrt_initialize_heap 000000018001eb1c     libucrt:heap_handle.obj
 0004:00000b28       $pdata$?initialize_inherited_file_handles_nolock@@YAXXZ 000000018001eb28     libucrt:ioinit.obj
 0004:00000b34       $pdata$?initialize_stdio_handles_nolock@@YAXXZ 000000018001eb34     libucrt:ioinit.obj
 0004:00000b40       $pdata$__acrt_initialize_lowio 000000018001eb40     libucrt:ioinit.obj
 0004:00000b4c       $pdata$__acrt_uninitialize_lowio 000000018001eb4c     libucrt:ioinit.obj
 0004:00000b58       $pdata$__acrt_execute_initializers 000000018001eb58     libucrt:shared_initialization.obj
 0004:00000b64       $pdata$__acrt_execute_uninitializers 000000018001eb64     libucrt:shared_initialization.obj
 0004:00000b70       $pdata$??$?RV<lambda_450d765d439847d4c735a33c368b5fc0>@@AEAV<lambda_44731a7d0e6d81c3e6aa82d741081786>@@V<lambda_601a2a7da3b7a96e9554ac7215c4b07c>@@@?$__crt_seh_guarded_call@P6AXH@Z@@QEAAP6AXH@Z$$QEAV<lambda_450d765d439847d4c735a33c368b5fc0>@@AEAV<lambda_44731a7d0e6d81c3e6aa82d741081786>@@$$QEAV<lambda_601a2a7da3b7a96e9554ac7215c4b07c>@@@Z 000000018001eb70     libucrt:signal.obj
 0004:00000b7c       $pdata$__acrt_get_sigabrt_handler 000000018001eb7c     libucrt:signal.obj
 0004:00000b88       $pdata$raise               000000018001eb88     libucrt:signal.obj
 0004:00000b94       $pdata$??$?RV<lambda_842d9ff0dc9ef11c61343bbaebe7f885>@@AEAV<lambda_c5860995281e5c4ce005b3de8f5874ee>@@V<lambda_d90129c13df834fdcbf8d2b88dafcf2d>@@@?$__crt_seh_guarded_call@X@@QEAAX$$QEAV<lambda_842d9ff0dc9ef11c61343bbaebe7f885>@@AEAV<lambda_c5860995281e5c4ce005b3de8f5874ee>@@$$QEAV<lambda_d90129c13df834fdcbf8d2b88dafcf2d>@@@Z 000000018001eb94     libucrt:fflush.obj
 0004:00000ba0       $pdata$??$?RV<lambda_886d6c58226a84441f68b9f2b8217b83>@@AEAV<lambda_ab61a845afdef5b7c387490eaf3616ee>@@V<lambda_f7f22ab5edc0698d5f6905b0d3f44752>@@@?$__crt_seh_guarded_call@X@@QEAAX$$QEAV<lambda_886d6c58226a84441f68b9f2b8217b83>@@AEAV<lambda_ab61a845afdef5b7c387490eaf3616ee>@@$$QEAV<lambda_f7f22ab5edc0698d5f6905b0d3f44752>@@@Z 000000018001eba0     libucrt:fflush.obj
 0004:00000bac       $pdata$?common_flush_all@@YAH_N@Z 000000018001ebac     libucrt:fflush.obj
 0004:00000bb8       $pdata$__acrt_stdio_flush_nolock 000000018001ebb8     libucrt:fflush.obj
 0004:00000bc4       $pdata$_fflush_nolock      000000018001ebc4     libucrt:fflush.obj
 0004:00000bd0       $pdata$__acrt_initialize_stdio 000000018001ebd0     libucrt:_file.obj
 0004:00000bdc       $pdata$__acrt_uninitialize_stdio 000000018001ebdc     libucrt:_file.obj
 0004:00000be8       $pdata$_mbtowc_l           000000018001ebe8     libucrt:mbtowc.obj
 0004:00000bf4       $pdata$_fileno             000000018001ebf4     libucrt:fileno.obj
 0004:00000c00       $pdata$__pctype_func       000000018001ec00     libucrt:ctype.obj
 0004:00000c0c       $pdata$__acrt_free_locale  000000018001ec0c     libucrt:locale_refcounting.obj
 0004:00000c18       $pdata$__acrt_locale_free_lc_time_if_unreferenced 000000018001ec18     libucrt:locale_refcounting.obj
 0004:00000c24       $pdata$__acrt_release_locale_ref 000000018001ec24     libucrt:locale_refcounting.obj
 0004:00000c30       $pdata$__acrt_update_thread_locale_data 000000018001ec30     libucrt:locale_refcounting.obj
 0004:00000c3c       $pdata$_updatetlocinfoEx_nolock 000000018001ec3c     libucrt:locale_refcounting.obj
 0004:00000c48       $pdata$_isleadbyte_l       000000018001ec48     libucrt:_wctype.obj
 0004:00000c54       $pdata$?__acrt_LCMapStringA_stat@@YAHPEAU__crt_locale_pointers@@PEB_WKPEBDHPEADHHH@Z 000000018001ec54     libucrt:lcmapstringa.obj
 0004:00000c60       $pdata$__acrt_LCMapStringA 000000018001ec60     libucrt:lcmapstringa.obj
 0004:00000c6c       $pdata$__acrt_locale_free_monetary 000000018001ec6c     libucrt:initmon.obj
 0004:00000c78       $pdata$__acrt_locale_free_numeric 000000018001ec78     libucrt:initnum.obj
 0004:00000c84       $pdata$?free_crt_array_internal@@YAXQEAPEBX_K@Z 000000018001ec84     libucrt:inittime.obj
 0004:00000c90       $pdata$__acrt_locale_free_time 000000018001ec90     libucrt:inittime.obj
 0004:00000c9c       $pdata$__acrt_GetStringTypeA 000000018001ec9c     libucrt:getstringtypea.obj
 0004:00000ca8       $pdata$qsort               000000018001eca8     libucrt:qsort.obj
 0004:00000cb4       $pdata$4$qsort             000000018001ecb4     libucrt:qsort.obj
 0004:00000cc0       $pdata$5$qsort             000000018001ecc0     libucrt:qsort.obj
 0004:00000ccc       $pdata$strncpy_s           000000018001eccc     libucrt:strncpy_s.obj
 0004:00000cd8       $pdata$fallbackMethod      000000018001ecd8     libucrt:strpbrk.obj
 0004:00000ce4       $pdata$strpbrk             000000018001ece4     libucrt:strpbrk.obj
 0004:00000cf0       $pdata$_mbsdec_l           000000018001ecf0     libucrt:mbsdec.obj
 0004:00000cfc       $pdata$?initialize_multibyte@@YAHXZ 000000018001ecfc     libucrt:multibyte_initializer.obj
 0004:00000d08       $pdata$_msize_base         000000018001ed08     libucrt:msize.obj
 0004:00000d14       $pdata$_realloc_base       000000018001ed14     libucrt:realloc_base.obj
 0004:00000d20       $pdata$?GetTableIndexFromLocaleName@@YAHPEB_W@Z 000000018001ed20     libucrt:lcidtoname_downlevel.obj
 0004:00000d2c       $pdata$__acrt_DownlevelLocaleNameToLCID 000000018001ed2c     libucrt:lcidtoname_downlevel.obj
 0004:00000d38       $pdata$__acrt_lowio_create_handle_array 000000018001ed38     libucrt:osfinfo.obj
 0004:00000d44       $pdata$__acrt_lowio_destroy_handle_array 000000018001ed44     libucrt:osfinfo.obj
 0004:00000d50       $pdata$__acrt_lowio_ensure_fh_exists 000000018001ed50     libucrt:osfinfo.obj
 0004:00000d5c       $pdata$_free_osfhnd        000000018001ed5c     libucrt:osfinfo.obj
 0004:00000d68       $pdata$_get_osfhandle      000000018001ed68     libucrt:osfinfo.obj
 0004:00000d74       $pdata$??$?RV<lambda_a37b2b86f63e897a80ea819b0eb08c01>@@AEAV<lambda_38ce7e780aa69e748d6df282ebc68efe>@@V<lambda_99fb1378e971ab6e7edea83e3a7a83a2>@@@?$__crt_seh_guarded_call@H@@QEAAH$$QEAV<lambda_a37b2b86f63e897a80ea819b0eb08c01>@@AEAV<lambda_38ce7e780aa69e748d6df282ebc68efe>@@$$QEAV<lambda_99fb1378e971ab6e7edea83e3a7a83a2>@@@Z 000000018001ed74     libucrt:commit.obj
 0004:00000d80       $pdata$_commit             000000018001ed80     libucrt:commit.obj
 0004:00000d8c       $pdata$?write_double_translated_ansi_nolock@@YA?AUwrite_result@?A0x17268360@@HQEBDI@Z 000000018001ed8c     libucrt:write.obj
 0004:00000d98       $pdata$?write_text_ansi_nolock@@YA?AUwrite_result@?A0x17268360@@HQEBDI@Z 000000018001ed98     libucrt:write.obj
 0004:00000da4       $pdata$?write_text_utf16le_nolock@@YA?AUwrite_result@?A0x17268360@@HQEBDI@Z 000000018001eda4     libucrt:write.obj
 0004:00000db0       $pdata$?write_text_utf8_nolock@@YA?AUwrite_result@?A0x17268360@@HQEBDI@Z 000000018001edb0     libucrt:write.obj
 0004:00000dbc       $pdata$_write              000000018001edbc     libucrt:write.obj
 0004:00000dc8       $pdata$_write_nolock       000000018001edc8     libucrt:write.obj
 0004:00000dd4       $pdata$_fcloseall          000000018001edd4     libucrt:closeall.obj
 0004:00000de0       $pdata$__acrt_stdio_free_buffer_nolock 000000018001ede0     libucrt:_freebuf.obj
 0004:00000dec       $pdata$_isatty             000000018001edec     libucrt:isatty.obj
 0004:00000df8       $pdata$??$common_lseek_nolock@_J@@YA_JH_JH@Z 000000018001edf8     libucrt:lseek.obj
 0004:00000e04       $pdata$_putwch_nolock      000000018001ee04     libucrt:putwch.obj
 0004:00000e10       $pdata$_fclose_nolock      000000018001ee10     libucrt:fclose.obj
 0004:00000e1c       $pdata$fclose              000000018001ee1c     libucrt:fclose.obj
 0004:00000e34       $pdata$__dcrt_lowio_ensure_console_output_initialized 000000018001ee34     libucrt:initcon.obj
 0004:00000e40       $pdata$__dcrt_terminate_console_output 000000018001ee40     libucrt:initcon.obj
 0004:00000e4c       $pdata$__dcrt_write_console_w 000000018001ee4c     libucrt:initcon.obj
 0004:00000e58       $pdata$??$?RV<lambda_751a882b2c74d4b022dec766aa51a29a>@@AEAV<lambda_628dfdc04ba53c8bfc02c9951375f3f5>@@V<lambda_f6c7be5f7998530c34de24c7437d6b54>@@@?$__crt_seh_guarded_call@H@@QEAAH$$QEAV<lambda_751a882b2c74d4b022dec766aa51a29a>@@AEAV<lambda_628dfdc04ba53c8bfc02c9951375f3f5>@@$$QEAV<lambda_f6c7be5f7998530c34de24c7437d6b54>@@@Z 000000018001ee58     libucrt:close.obj
 0004:00000e64       $pdata$_close              000000018001ee64     libucrt:close.obj
 0004:00000e70       $pdata$_close_nolock       000000018001ee70     libucrt:close.obj
 0004:00000e7c       $pdata$_call_matherr       000000018001ee7c     libucrt:libm_error.obj
 0004:00000e88       $pdata$_exception_enabled  000000018001ee88     libucrt:libm_error.obj
 0004:00000e94       $pdata$_handle_error       000000018001ee94     libucrt:libm_error.obj
 0004:00000ea0       $pdata$__acrt_initialize_fma3 000000018001eea0     libucrt:fma3_available.obj
 0004:00000eac       $pdata$_log10_special      000000018001eeac     libucrt:log_special.obj
 0004:00000eb8       $pdata$_log_special_common 000000018001eeb8     libucrt:log_special.obj
 0004:00000ed0       $pdata$_raise_exc          000000018001eed0     libucrt:fpexcept.obj
 0004:00000edc       $pdata$_raise_exc_ex       000000018001eedc     libucrt:fpexcept.obj
 0004:00000ee8       $pdata$_set_errno_from_matherr 000000018001eee8     libucrt:fpexcept.obj
 0004:00000ef4       $pdata$_clrfp              000000018001eef4     libucrt:fpctrl.obj
 0004:00000f00       $pdata$_ctrlfp             000000018001ef00     libucrt:fpctrl.obj
 0004:00000f0c       $pdata$_set_statfp         000000018001ef0c     libucrt:fpctrl.obj
 0004:00000f18       $pdata$_statfp             000000018001ef18     libucrt:fpctrl.obj
 0004:00000f24       $pdata$__GSHandlerCheck    000000018001ef24     LIBCMT:_gshandler_.obj
 0004:00000f30       $pdata$__GSHandlerCheckCommon 000000018001ef30     LIBCMT:_gshandler_.obj
 0004:00000f3c       $pdata$_IsNonwritableInCurrentImage 000000018001ef3c     LIBCMT:pesect.obj
 0004:00000f60       $pdata$__GSHandlerCheck_EH 000000018001ef60     LIBCMT:gshandlereh.obj
 0004:00000fa8       $pdata$?dtor$1@?0??GetKeyIsE0@demo@@YA_NV?$basic_string@DU?$char_traits@D@std@@V?$allocator@D@2@@std@@@Z@4HA 000000018001efa8     profiler.obj
 0004:00000fb4       $pdata$?fin$0@?0???_M@YAXPEAX_K1P6AX0@Z@Z@4HA 000000018001efb4     LIBCMT:ehvecdtr.obj
 0004:00000fc0       $pdata$?filt$0@?0??__ArrayUnwind@@YAXPEAX_K1P6AX0@Z@Z@4HA 000000018001efc0     LIBCMT:ehvecdtr.obj
 0004:00000fcc       $pdata$?fin$0@?0???_L@YAXPEAX_K1P6AX0@Z2@Z@4HA 000000018001efcc     LIBCMT:ehvecctr.obj
 0004:00000fd8       $pdata$?fin$0@?0??dllmain_crt_process_attach@@YAHQEAUHINSTANCE__@@QEAX@Z@4HA 000000018001efd8     LIBCMT:dll_dllmain.obj
 0004:00000fe4       $pdata$?fin$0@?0??dllmain_crt_process_detach@@YAH_N@Z@4HA 000000018001efe4     LIBCMT:dll_dllmain.obj
 0004:00000ff0       $pdata$?filt$0@?0??dllmain_dispatch@@YAHQEAUHINSTANCE__@@KQEAX@Z@4HA 000000018001eff0     LIBCMT:dll_dllmain.obj
 0004:00000ffc       $pdata$__scrt_is_nonwritable_in_current_image$filt$0 000000018001effc     LIBCMT:utility.obj
 0004:00001008       $pdata$_CallSETranslator$filt$0 000000018001f008     libvcruntime:risctrnsctrl.obj
 0004:00001014       $pdata$__DestructExceptionObject$filt$0 000000018001f014     libvcruntime:ehhelpers.obj
 0004:00001020       $pdata$__CxxCallCatchBlock$filt$0 000000018001f020     libvcruntime:frame.obj
 0004:0000102c       $pdata$__CxxCallCatchBlock$fin$1 000000018001f02c     libvcruntime:frame.obj
 0004:00001038       $pdata$__FrameUnwindToState$filt$0 000000018001f038     libvcruntime:frame.obj
 0004:00001044       $pdata$__FrameUnwindToState$fin$1 000000018001f044     libvcruntime:frame.obj
 0004:00001050       $pdata$_query_new_handler$fin$0 000000018001f050     libucrt:new_handler.obj
 0004:0000105c       $pdata$?filt$0@?0???R<lambda_6e4b09c48022b2350581041d5f6b0c4c>@@QEBA@XZ@4HA 000000018001f05c     libucrt:exit.obj
 0004:00001068       $pdata$?fin$0@?0???$?RV<lambda_7777bce6b2f8c936911f934f8298dc43>@@AEAV<lambda_f03950bc5685219e0bcd2087efbe011e>@@V<lambda_3883c3dff614d5e0c5f61bb1ac94921c>@@@?$__crt_seh_guarded_call@H@@QEAAH$$QEAV<lambda_7777bce6b2f8c936911f934f8298dc43>@@AEAV<lambda_f03950bc5685219e0bcd2087efbe011e>@@$$QEAV<lambda_3883c3dff614d5e0c5f61bb1ac94921c>@@@Z@4HA 000000018001f068     libucrt:onexit.obj
 0004:00001068       $pdata$?fin$0@?0???$?RV<lambda_f2e299630e499de9f9a165e60fcd3db5>@@AEAV<lambda_2ae9d31cdba2644fcbeaf08da7c24588>@@V<lambda_40d01ff24d0e7b3814fdbdcee8eab3c7>@@@?$__crt_seh_guarded_call@X@@QEAAX$$QEAV<lambda_f2e299630e499de9f9a165e60fcd3db5>@@AEAV<lambda_2ae9d31cdba2644fcbeaf08da7c24588>@@$$QEAV<lambda_40d01ff24d0e7b3814fdbdcee8eab3c7>@@@Z@4HA 000000018001f068     libucrt:per_thread_data.obj
 0004:00001068       $pdata$?fin$0@?0???$?RV<lambda_2d41944a1d46af3157314b8a01080d33>@@AEAV<lambda_8f455de75cd7d7f24b4096f044d8b9e6>@@V<lambda_aa500f224e6afead328df44964fe2772>@@@?$__crt_seh_guarded_call@X@@QEAAX$$QEAV<lambda_2d41944a1d46af3157314b8a01080d33>@@AEAV<lambda_8f455de75cd7d7f24b4096f044d8b9e6>@@$$QEAV<lambda_aa500f224e6afead328df44964fe2772>@@@Z@4HA 000000018001f068     libucrt:per_thread_data.obj
 0004:00001068       $pdata$?fin$0@?0???$?RV<lambda_efdfa57d1f175319df784efa44bb7b81>@@AEAV<lambda_5f0a4c1567f8adc6734073e5d1e1b35c>@@V<lambda_2e8a7d3640ea6ccb4c2413664c2db6fd>@@@?$__crt_seh_guarded_call@X@@QEAAX$$QEAV<lambda_efdfa57d1f175319df784efa44bb7b81>@@AEAV<lambda_5f0a4c1567f8adc6734073e5d1e1b35c>@@$$QEAV<lambda_2e8a7d3640ea6ccb4c2413664c2db6fd>@@@Z@4HA 000000018001f068     libucrt:mbctype.obj
 0004:00001068       $pdata$?fin$0@?0???$?RV<lambda_d80eeec6fff315bfe5c115232f3240e3>@@AEAV<lambda_6e4b09c48022b2350581041d5f6b0c4c>@@V<lambda_2358e3775559c9db80273638284d5e45>@@@?$__crt_seh_guarded_call@X@@QEAAX$$QEAV<lambda_d80eeec6fff315bfe5c115232f3240e3>@@AEAV<lambda_6e4b09c48022b2350581041d5f6b0c4c>@@$$QEAV<lambda_2358e3775559c9db80273638284d5e45>@@@Z@4HA 000000018001f068     libucrt:exit.obj
 0004:00001068       $pdata$?fin$0@?0???$?RV<lambda_aa87e3671a710a21b5dc78c0bdf72e11>@@AEAV<lambda_92619d2358a28f41a33ba319515a20b9>@@V<lambda_6992ecaafeb10aed2b74cb1fae11a551>@@@?$__crt_seh_guarded_call@X@@QEAAX$$QEAV<lambda_aa87e3671a710a21b5dc78c0bdf72e11>@@AEAV<lambda_92619d2358a28f41a33ba319515a20b9>@@$$QEAV<lambda_6992ecaafeb10aed2b74cb1fae11a551>@@@Z@4HA 000000018001f068     libucrt:per_thread_data.obj
 0004:00001068       $pdata$?fin$0@?0???$?RV<lambda_0ae27a3a962d80f24befdcbee591983d>@@AEAV<lambda_8d0ee55de4b1038c4002e0adecdf1839>@@V<lambda_dc504788e8f1664fe9b84e20bfb512f2>@@@?$__crt_seh_guarded_call@X@@QEAAX$$QEAV<lambda_0ae27a3a962d80f24befdcbee591983d>@@AEAV<lambda_8d0ee55de4b1038c4002e0adecdf1839>@@$$QEAV<lambda_dc504788e8f1664fe9b84e20bfb512f2>@@@Z@4HA 000000018001f068     libucrt:per_thread_data.obj
 0004:00001068       $pdata$?fin$0@?0???$?RV<lambda_450d765d439847d4c735a33c368b5fc0>@@AEAV<lambda_44731a7d0e6d81c3e6aa82d741081786>@@V<lambda_601a2a7da3b7a96e9554ac7215c4b07c>@@@?$__crt_seh_guarded_call@P6AXH@Z@@QEAAP6AXH@Z$$QEAV<lambda_450d765d439847d4c735a33c368b5fc0>@@AEAV<lambda_44731a7d0e6d81c3e6aa82d741081786>@@$$QEAV<lambda_601a2a7da3b7a96e9554ac7215c4b07c>@@@Z@4HA 000000018001f068     libucrt:signal.obj
 0004:00001074       $pdata$?fin$0@?0???$?RV<lambda_410d79af7f07d98d83a3f525b3859a53>@@AEAV<lambda_3e16ef9562a7dcce91392c22ab16ea36>@@V<lambda_38119f0e861e05405d8a144b9b982f0a>@@@?$__crt_seh_guarded_call@X@@QEAAX$$QEAV<lambda_410d79af7f07d98d83a3f525b3859a53>@@AEAV<lambda_3e16ef9562a7dcce91392c22ab16ea36>@@$$QEAV<lambda_38119f0e861e05405d8a144b9b982f0a>@@@Z@4HA 000000018001f074     libucrt:wsetlocale.obj
 0004:00001080       $pdata$?fin$0@?0??update_thread_multibyte_data_internal@@YAPEAU__crt_multibyte_data@@QEAU__acrt_ptd@@QEAPEAU1@@Z@4HA 000000018001f080     libucrt:mbctype.obj
 0004:0000108c       $pdata$__acrt_lowio_ensure_fh_exists$fin$0 000000018001f08c     libucrt:osfinfo.obj
 0004:0000108c       $pdata$__acrt_initialize_lowio$fin$0 000000018001f08c     libucrt:ioinit.obj
 0004:00001098       $pdata$raise$fin$0         000000018001f098     libucrt:signal.obj
 0004:000010a4       $pdata$?fin$0@?0???$?RV<lambda_842d9ff0dc9ef11c61343bbaebe7f885>@@AEAV<lambda_c5860995281e5c4ce005b3de8f5874ee>@@V<lambda_d90129c13df834fdcbf8d2b88dafcf2d>@@@?$__crt_seh_guarded_call@X@@QEAAX$$QEAV<lambda_842d9ff0dc9ef11c61343bbaebe7f885>@@AEAV<lambda_c5860995281e5c4ce005b3de8f5874ee>@@$$QEAV<lambda_d90129c13df834fdcbf8d2b88dafcf2d>@@@Z@4HA 000000018001f0a4     libucrt:fflush.obj
 0004:000010b0       $pdata$?fin$0@?0???$?RV<lambda_886d6c58226a84441f68b9f2b8217b83>@@AEAV<lambda_ab61a845afdef5b7c387490eaf3616ee>@@V<lambda_f7f22ab5edc0698d5f6905b0d3f44752>@@@?$__crt_seh_guarded_call@X@@QEAAX$$QEAV<lambda_886d6c58226a84441f68b9f2b8217b83>@@AEAV<lambda_ab61a845afdef5b7c387490eaf3616ee>@@$$QEAV<lambda_f7f22ab5edc0698d5f6905b0d3f44752>@@@Z@4HA 000000018001f0b0     libucrt:fflush.obj
 0004:000010bc       $pdata$__acrt_update_thread_locale_data$fin$0 000000018001f0bc     libucrt:locale_refcounting.obj
 0004:000010c8       $pdata$?fin$0@?0???$?RV<lambda_751a882b2c74d4b022dec766aa51a29a>@@AEAV<lambda_628dfdc04ba53c8bfc02c9951375f3f5>@@V<lambda_f6c7be5f7998530c34de24c7437d6b54>@@@?$__crt_seh_guarded_call@H@@QEAAH$$QEAV<lambda_751a882b2c74d4b022dec766aa51a29a>@@AEAV<lambda_628dfdc04ba53c8bfc02c9951375f3f5>@@$$QEAV<lambda_f6c7be5f7998530c34de24c7437d6b54>@@@Z@4HA 000000018001f0c8     libucrt:close.obj
 0004:000010c8       $pdata$?fin$0@?0???$?RV<lambda_a37b2b86f63e897a80ea819b0eb08c01>@@AEAV<lambda_38ce7e780aa69e748d6df282ebc68efe>@@V<lambda_99fb1378e971ab6e7edea83e3a7a83a2>@@@?$__crt_seh_guarded_call@H@@QEAAH$$QEAV<lambda_a37b2b86f63e897a80ea819b0eb08c01>@@AEAV<lambda_38ce7e780aa69e748d6df282ebc68efe>@@$$QEAV<lambda_99fb1378e971ab6e7edea83e3a7a83a2>@@@Z@4HA 000000018001f0c8     libucrt:commit.obj
 0004:000010d4       $pdata$_write$fin$0        000000018001f0d4     libucrt:write.obj
 0004:000010e0       $pdata$_fcloseall$fin$0    000000018001f0e0     libucrt:closeall.obj
 0004:000010ec       $pdata$fclose$fin$0        000000018001f0ec     libucrt:fclose.obj
 0004:000010f8       $pdata$_ctrlfp$filt$0      000000018001f0f8     libucrt:fpctrl.obj
 0004:00001104       $pdata$_IsNonwritableInCurrentImage$filt$0 000000018001f104     LIBCMT:pesect.obj
 0005:00000060       $R000000                   0000000180020060     * linker generated manifest res *

 Exports

  ordinal    name

        1    _register_addon_
